
================================================================================

Memory Map of the image

  Image Entry point : 0x00000000

  Load Region ROM_LOAD (Base: 0x00000000, Size: 0x00047964, Max: 0x00800000, ABSOLUTE)

    Execution Region ROM1 (Base: 0x00000000, Size: 0x00045948, Max: 0x00800000, ABSOLUTE)

    Base Addr    Size         Type   Attr  Idx  E Section Name        Object

    0x00000000   0x000002c8   Code   RO  1220   * StartUp             startup.o
    0x000002c8   0x00000130   Code   RO     1     .text               arm.o
    0x000003f8   0x00000760   Code   RO   109     .text               drv_l1_adc.o
    0x00000b58   0x0000055c   Code   RO   215     .text               drv_l1_cache.o
    0x000010b4   0x000015e8   Code   RO   271     .text               drv_l1_dma.o
    0x0000269c   0x000001f4   Code   RO   324     .text               drv_l1_ext_int.o
    0x00002890   0x00000390   Code   RO   353     .text               drv_l1_gpio.o
    0x00002c20   0x00000144   Code   RO   396     .text               drv_l1_init.o
    0x00002d64   0x00000368   Code   RO   441     .text               drv_l1_interrupt.o
    0x000030cc   0x00000288   Code   RO   491     .text               drv_l1_mic.o
    0x00003354   0x0000103c   Code   RO   539     .text               drv_l1_rtc.o
    0x00004390   0x00000634   Code   RO   616     .text               drv_l1_spi.o
    0x000049c4   0x0000023c   Code   RO   673     .text               drv_l1_sw_timer.o
    0x00004c00   0x00000024   Code   RO   706     .text               drv_l1_sw_timer_isr.o
    0x00004c24   0x00000158   Code   RO   720     .text               drv_l1_system.o
    0x00004d7c   0x00000fec   Code   RO   942     .text               drv_l1_timer.o
    0x00005d68   0x000006d8   Code   RO  1032     .text               drv_l1_uart.o
    0x00006440   0x00000068   Code   RO  1127     .text               drv_l1_watchdog.o
    0x000064a8   0x000002c0   Code   RO  1164     .text               gp_stdlib.o
    0x00006768   0x00000150   Code   RO  1200     .text               main.o
    0x000068b8   0x000005d4   Code   RO  1227     .text               system_timer.o
    0x00006e8c   0x00000004   Code   RO  1260     .text               driver_l2_init.o
    0x00006e90   0x000002ec   Code   RO  1327     .text               gplib_mm_gplus.o
    0x0000717c   0x000005a4   Code   RO  1372     .text               gplib_calendar.o
    0x00007720   0x00000010   Code   RO  1413     .text               gplib_init.o
    0x00007730   0x000000a4   Code   RO  1425     .text               gplib_print_string.o
    0x000077d4   0x00000ae8   Code   RO  1453     .text               nvram.o
    0x000082bc   0x000000f8   Code   RO  1518     .text               task_state_handling.o
    0x000083b4   0x000003b8   Code   RO  1547     .text               task_peripheral_handling.o
    0x0000876c   0x00000370   Code   RO  1585     .text               msg_manager.o
    0x00008adc   0x0000046c   Code   RO  1627     .text               video_codec_callback.o
    0x00008f48   0x000003fc   Code   RO  1677     .text               video_encoder.o
    0x00009344   0x00000520   Code   RO  1740     .text               state_usb.o
    0x00009864   0x000000bc   Code   RO  1806     .text               state_startup.o
    0x00009920   0x00000018   Code   RO  1833     .text               ap_startup.o
    0x00009938   0x0000086c   Code   RO  1851     .text               ap_video_preview.o
    0x0000a1a4   0x0000070c   Code   RO  1897     .text               state_video_preview.o
    0x0000a8b0   0x00001328   Code   RO  1924     .text               ap_peripheral_handling.o
    0x0000bbd8   0x00001cd0   Code   RO  2018     .text               ap_storage_service.o
    0x0000d8a8   0x0000020c   Code   RO  2073     .text               task_storage_service.o
    0x0000dab4   0x00000688   Code   RO  2096     .text               ap_state_handling.o
    0x0000e13c   0x0000085c   Code   RO  2175     .text               ap_video_record.o
    0x0000e998   0x00000914   Code   RO  2233     .text               state_video_record.o
    0x0000f2ac   0x000004f0   Code   RO  2355     .text               drv_l1_sensor.o
    0x0000f79c   0x00000420   Code   RO  2422     .text               ap_display.o
    0x0000fbbc   0x000009f8   Code   RO  2591     .text               ap_state_config.o
    0x000105b4   0x00000be8   Code   RO  2854     .text               ap_state_resource.o
    0x0001119c   0x00000030   Code   RO  2982     .text               drv_l1_dac.o
    0x000111cc   0x0000078c   Code   RO  3119     .text               ap_usb.o
    0x00011958   0x00001ea4   Code   RO  3329     .text               my_video_codec_callback.o
    0x000137fc   0x0000035c   Code   RO  3524     .text               drv_l2_sensor.o
    0x00013b58   0x00002a1c   Code   RO  3554     .text               drv_l1_cdsp.o
    0x00016574   0x0000058c   Code   RO  4152     .text               drv_l1_front.o
[...]
    0x00003438   0x00000048   Dbug   RW   343     .debug_pubnames     drv_l1_ext_int.o
    0x00003480   0x000000a0   Dbug   RW   347     .debug_pubnames     drv_l1_ext_int.o
    0x00003520   0x00000028   Dbug   RW   356     .debug_pubnames     drv_l1_gpio.o
    0x00003548   0x0000002c   Dbug   RW   359     .debug_pubnames     drv_l1_gpio.o
    0x00003574   0x00000020   Dbug   RW   362     .debug_pubnames     drv_l1_gpio.o
    0x00003594   0x00000024   Dbug   RW   365     .debug_pubnames     drv_l1_gpio.o
    0x000035b8   0x00000024   Dbug   RW   368     .debug_pubnames     drv_l1_gpio.o
    0x000035dc   0x00000024   Dbug   RW   371     .debug_pubnames     drv_l1_gpio.o
    0x00003600   0x00000030   Dbug   RW   374     .debug_pubnames     drv_l1_gpio.o
    0x00003630   0x00000024   Dbug   RW   377     .debug_pubnames     drv_l1_gpio.o
    0x00003654   0x00000028   Dbug   RW   380     .debug_pubnames     drv_l1_gpio.o
    0x0000367c   0x00000104   Dbug   RW   386     .debug_pubnames     drv_l1_gpio.o
    0x00003780   0x00000024   Dbug   RW   402     .debug_pubnames     drv_l1_init.o
    0x000037a4   0x0000015c   Dbug   RW   410     .debug_pubnames     drv_l1_init.o
    0x00003900   0x00000284   Dbug   RW   417     .debug_pubnames     drv_l1_init.o
    0x00003b84   0x000007e0   Dbug   RW   421     .debug_pubnames     drv_l1_init.o
    0x00004364   0x00000344   Dbug   RW   431     .debug_pubnames     drv_l1_init.o
    0x000046a8   0x000001a0   Dbug   RW   435     .debug_pubnames     drv_l1_init.o
    0x00004848   0x000000dc   Dbug   RW   439     .debug_pubnames     drv_l1_init.o
    0x00004924   0x0000002c   Dbug   RW   445     .debug_pubnames     drv_l1_interrupt.o
    0x00004950   0x00000030   Dbug   RW   448     .debug_pubnames     drv_l1_interrupt.o
    0x00004980   0x00000028   Dbug   RW   451     .debug_pubnames     drv_l1_interrupt.o
    0x000049a8   0x0000002c   Dbug   RW   454     .debug_pubnames     drv_l1_interrupt.o
    0x000049d4   0x00000028   Dbug   RW   457     .debug_pubnames     drv_l1_interrupt.o
    0x000049fc   0x00000028   Dbug   RW   460     .debug_pubnames     drv_l1_interrupt.o
    0x00004a24   0x00000028   Dbug   RW   463     .debug_pubnames     drv_l1_interrupt.o
    0x00004a4c   0x0000002c   Dbug   RW   466     .debug_pubnames     drv_l1_interrupt.o
    0x00004a78   0x00000028   Dbug   RW   469     .debug_pubnames     drv_l1_interrupt.o
    0x00004aa0   0x00000028   Dbug   RW   472     .debug_pubnames     drv_l1_interrupt.o
    0x00004ac8   0x00000028   Dbug   RW   475     .debug_pubnames     drv_l1_interrupt.o
    0x00004af0   0x00000028   Dbug   RW   478     .debug_pubnames     drv_l1_interrupt.o
    0x00004b18   0x00000020   Dbug   RW   481     .debug_pubnames     drv_l1_interrupt.o
    0x00004b38   0x0000002c   Dbug   RW   484     .debug_pubnames     drv_l1_interrupt.o
    0x00004b64   0x00000120   Dbug   RW   488     .debug_pubnames     drv_l1_interrupt.o
    0x00004c84   0x00000020   Dbug   RW   495     .debug_pubnames     drv_l1_mic.o
    0x00004ca4   0x00000028   Dbug   RW   498     .debug_pubnames     drv_l1_mic.o
    0x00004ccc   0x0000002c   Dbug   RW   501     .debug_pubnames     drv_l1_mic.o
    0x00004cf8   0x00000028   Dbug   RW   504     .debug_pubnames     drv_l1_mic.o
    0x00004d20   0x0000002c   Dbug   RW   507     .debug_pubnames     drv_l1_mic.o
    0x00004d4c   0x0000002c   Dbug   RW   510     .debug_pubnames     drv_l1_mic.o
    0x00004d78   0x0000002c   Dbug   RW   513     .debug_pubnames     drv_l1_mic.o
    0x00004da4   0x00000028   Dbug   RW   516     .debug_pubnames     drv_l1_mic.o
    0x00004dcc   0x0000002c   Dbug   RW   519     .debug_pubnames     drv_l1_mic.o
    0x00004df8   0x0000002c   Dbug   RW   522     .debug_pubnames     drv_l1_mic.o
    0x00004e24   0x0000002c   Dbug   RW   525     .debug_pubnames     drv_l1_mic.o
    0x00004e50   0x00000028   Dbug   RW   528     .debug_pubnames     drv_l1_mic.o
    0x00004e78   0x0000011c   Dbug   RW   534     .debug_pubnames     drv_l1_mic.o
    0x00004f94   0x0000002c   Dbug   RW   538     .debug_pubnames     drv_l1_mic.o
    0x00004fc0   0x00000024   Dbug   RW   543     .debug_pubnames     drv_l1_rtc.o
    0x00004fe4   0x00000024   Dbug   RW   546     .debug_pubnames     drv_l1_rtc.o
    0x00005008   0x0000002c   Dbug   RW   549     .debug_pubnames     drv_l1_rtc.o
    0x00005034   0x0000002c   Dbug   RW   552     .debug_pubnames     drv_l1_rtc.o
    0x00005060   0x00000020   Dbug   RW   555     .debug_pubnames     drv_l1_rtc.o
    0x00005080   0x00000024   Dbug   RW   558     .debug_pubnames     drv_l1_rtc.o
    0x000050a4   0x00000024   Dbug   RW   561     .debug_pubnames     drv_l1_rtc.o
    0x000050c8   0x00000024   Dbug   RW   564     .debug_pubnames     drv_l1_rtc.o
    0x000050ec   0x00000024   Dbug   RW   567     .debug_pubnames     drv_l1_rtc.o
    0x00005110   0x00000024   Dbug   RW   570     .debug_pubnames     drv_l1_rtc.o
    0x00005134   0x00000024   Dbug   RW   573     .debug_pubnames     drv_l1_rtc.o
    0x00005158   0x0000002c   Dbug   RW   576     .debug_pubnames     drv_l1_rtc.o
    0x00005184   0x0000002c   Dbug   RW   579     .debug_pubnames     drv_l1_rtc.o
    0x000051b0   0x00000028   Dbug   RW   582     .debug_pubnames     drv_l1_rtc.o
    0x000051d8   0x0000002c   Dbug   RW   585     .debug_pubnames     drv_l1_rtc.o
    0x00005204   0x0000002c   Dbug   RW   588     .debug_pubnames     drv_l1_rtc.o
    0x00005230   0x0000002c   Dbug   RW   591     .debug_pubnames     drv_l1_rtc.o
    0x0000525c   0x0000002c   Dbug   RW   594     .debug_pubnames     drv_l1_rtc.o
    0x00005288   0x0000002c   Dbug   RW   597     .debug_pubnames     drv_l1_rtc.o
    0x000052b4   0x00000030   Dbug   RW   600     .debug_pubnames     drv_l1_rtc.o
    0x000052e4   0x00000030   Dbug   RW   603     .debug_pubnames     drv_l1_rtc.o
    0x00005314   0x00000034   Dbug   RW   606     .debug_pubnames     drv_l1_rtc.o
    0x00005348   0x00000278   Dbug   RW   610     .debug_pubnames     drv_l1_rtc.o
    0x000055c0   0x00000024   Dbug   RW   620     .debug_pubnames     drv_l1_spi.o
    0x000055e4   0x00000024   Dbug   RW   623     .debug_pubnames     drv_l1_spi.o
    0x00005608   0x00000028   Dbug   RW   626     .debug_pubnames     drv_l1_spi.o
    0x00005630   0x0000002c   Dbug   RW   629     .debug_pubnames     drv_l1_spi.o
    0x0000565c   0x00000024   Dbug   RW   632     .debug_pubnames     drv_l1_spi.o
    0x00005680   0x00000020   Dbug   RW   635     .debug_pubnames     drv_l1_spi.o
    0x000056a0   0x00000024   Dbug   RW   638     .debug_pubnames     drv_l1_spi.o
    0x000056c4   0x00000028   Dbug   RW   641     .debug_pubnames     drv_l1_spi.o
    0x000056ec   0x00000028   Dbug   RW   644     .debug_pubnames     drv_l1_spi.o
    0x00005714   0x00000028   Dbug   RW   647     .debug_pubnames     drv_l1_spi.o
    0x0000573c   0x00000030   Dbug   RW   650     .debug_pubnames     drv_l1_spi.o
    0x0000576c   0x00000030   Dbug   RW   653     .debug_pubnames     drv_l1_spi.o
    0x0000579c   0x00000024   Dbug   RW   656     .debug_pubnames     drv_l1_spi.o
    0x000057c0   0x0000002c   Dbug   RW   659     .debug_pubnames     drv_l1_spi.o
    0x000057ec   0x00000040   Dbug   RW   662     .debug_pubnames     drv_l1_spi.o
    0x0000582c   0x00000144   Dbug   RW   666     .debug_pubnames     drv_l1_spi.o
    0x00005970   0x00000094   Dbug   RW   671     .debug_pubnames     drv_l1_spi.o
    0x00005a04   0x00000024   Dbug   RW   677     .debug_pubnames     drv_l1_sw_timer.o
    0x00005a28   0x0000002c   Dbug   RW   680     .debug_pubnames     drv_l1_sw_timer.o
    0x00005a54   0x00000030   Dbug   RW   683     .debug_pubnames     drv_l1_sw_timer.o
    0x00005a84   0x00000028   Dbug   RW   686     .debug_pubnames     drv_l1_sw_timer.o
    0x00005aac   0x00000028   Dbug   RW   689     .debug_pubnames     drv_l1_sw_timer.o
    0x00005ad4   0x00000028   Dbug   RW   692     .debug_pubnames     drv_l1_sw_timer.o
    0x00005afc   0x0000002c   Dbug   RW   695     .debug_pubnames     drv_l1_sw_timer.o
    0x00005b28   0x000000b0   Dbug   RW   699     .debug_pubnames     drv_l1_sw_timer.o
    0x00005bd8   0x00000024   Dbug   RW   710     .debug_pubnames     drv_l1_sw_timer_isr.o
    0x00005bfc   0x00000024   Dbug   RW   716     .debug_pubnames     drv_l1_sw_timer_isr.o
    0x00005c20   0x00000054   Dbug   RW   719     .debug_pubnames     drv_l1_sw_timer_isr.o
    0x00005c74   0x0000002c   Dbug   RW   746     .debug_pubnames     drv_l1_system.o
    0x00005ca0   0x00000028   Dbug   RW   749     .debug_pubnames     drv_l1_system.o
    0x00005cc8   0x00000028   Dbug   RW   752     .debug_pubnames     drv_l1_system.o
    0x00005cf0   0x00000030   Dbug   RW   755     .debug_pubnames     drv_l1_system.o
    0x00005d20   0x00000030   Dbug   RW   758     .debug_pubnames     drv_l1_system.o
    0x00005d50   0x00000030   Dbug   RW   761     .debug_pubnames     drv_l1_system.o
    0x00005d80   0x00000024   Dbug   RW   764     .debug_pubnames     drv_l1_system.o
    0x00005da4   0x00000030   Dbug   RW   767     .debug_pubnames     drv_l1_system.o
    0x00005dd4   0x0000002c   Dbug   RW   770     .debug_pubnames     drv_l1_system.o
    0x00005e00   0x00000028   Dbug   RW   773     .debug_pubnames     drv_l1_system.o
    0x00005e28   0x00000024   Dbug   RW   776     .debug_pubnames     drv_l1_system.o
    0x00005e4c   0x00000030   Dbug   RW   788     .debug_pubnames     drv_l1_system.o
    0x00005e7c   0x00000028   Dbug   RW   794     .debug_pubnames     drv_l1_system.o
    0x00005ea4   0x00000028   Dbug   RW   800     .debug_pubnames     drv_l1_system.o
    0x00005ecc   0x00000028   Dbug   RW   803     .debug_pubnames     drv_l1_system.o
    0x00005ef4   0x0000002c   Dbug   RW   806     .debug_pubnames     drv_l1_system.o
    0x00005f20   0x0000002c   Dbug   RW   809     .debug_pubnames     drv_l1_system.o
    0x00005f4c   0x0000008c   Dbug   RW   812     .debug_pubnames     drv_l1_system.o
    0x00005fd8   0x0000002c   Dbug   RW   817     .debug_pubnames     drv_l1_system.o
    0x00006004   0x00000028   Dbug   RW   822     .debug_pubnames     drv_l1_system.o
    0x0000602c   0x00000024   Dbug   RW   827     .debug_pubnames     drv_l1_system.o
    0x00006050   0x00000030   Dbug   RW   832     .debug_pubnames     drv_l1_system.o
    0x00006080   0x0000002c   Dbug   RW   836     .debug_pubnames     drv_l1_system.o
    0x000060ac   0x00000028   Dbug   RW   841     .debug_pubnames     drv_l1_system.o
    0x000060d4   0x00000024   Dbug   RW   846     .debug_pubnames     drv_l1_system.o
    0x000060f8   0x00000030   Dbug   RW   865     .debug_pubnames     drv_l1_system.o
    0x00006128   0x00000028   Dbug   RW   875     .debug_pubnames     drv_l1_system.o
    0x00006150   0x00000028   Dbug   RW   885     .debug_pubnames     drv_l1_system.o
    0x00006178   0x00000028   Dbug   RW   890     .debug_pubnames     drv_l1_system.o
    0x000061a0   0x0000002c   Dbug   RW   895     .debug_pubnames     drv_l1_system.o
    0x000061cc   0x00000098   Dbug   RW   900     .debug_pubnames     drv_l1_system.o
    0x00006264   0x0000002c   Dbug   RW   904     .debug_pubnames     drv_l1_system.o
    0x00006290   0x00001314   Dbug   RW   908     .debug_pubnames     drv_l1_system.o
    0x000075a4   0x00004560   Dbug   RW   920     .debug_pubnames     drv_l1_system.o
    0x0000bb04   0x000014dc   Dbug   RW   924     .debug_pubnames     drv_l1_system.o
    0x0000cfe0   0x0000002c   Dbug   RW   932     .debug_pubnames     drv_l1_system.o
    0x0000d00c   0x000000bc   Dbug   RW   936     .debug_pubnames     drv_l1_system.o
    0x0000d0c8   0x0000011c   Dbug   RW   940     .debug_pubnames     drv_l1_system.o
    0x0000d1e4   0x00000024   Dbug   RW   946     .debug_pubnames     drv_l1_timer.o
    0x0000d208   0x00000024   Dbug   RW   949     .debug_pubnames     drv_l1_timer.o
    0x0000d22c   0x00000028   Dbug   RW   952     .debug_pubnames     drv_l1_timer.o
    0x0000d254   0x00000028   Dbug   RW   955     .debug_pubnames     drv_l1_timer.o
    0x0000d27c   0x00000028   Dbug   RW   958     .debug_pubnames     drv_l1_timer.o
    0x0000d2a4   0x00000028   Dbug   RW   961     .debug_pubnames     drv_l1_timer.o
    0x0000d2cc   0x00000028   Dbug   RW   964     .debug_pubnames     drv_l1_timer.o
    0x0000d2f4   0x00000028   Dbug   RW   967     .debug_pubnames     drv_l1_timer.o
    0x0000d31c   0x0000002c   Dbug   RW   970     .debug_pubnames     drv_l1_timer.o
    0x0000d348   0x0000002c   Dbug   RW   973     .debug_pubnames     drv_l1_timer.o
    0x0000d374   0x0000002c   Dbug   RW   976     .debug_pubnames     drv_l1_timer.o
    0x0000d3a0   0x00000030   Dbug   RW   979     .debug_pubnames     drv_l1_timer.o
    0x0000d3d0   0x00000028   Dbug   RW   982     .debug_pubnames     drv_l1_timer.o
    0x0000d3f8   0x00000028   Dbug   RW   985     .debug_pubnames     drv_l1_timer.o
    0x0000d420   0x00000024   Dbug   RW   988     .debug_pubnames     drv_l1_timer.o
    0x0000d444   0x00000028   Dbug   RW   991     .debug_pubnames     drv_l1_timer.o
    0x0000d46c   0x00000024   Dbug   RW   994     .debug_pubnames     drv_l1_timer.o
    0x0000d490   0x0000002c   Dbug   RW   997     .debug_pubnames     drv_l1_timer.o
    0x0000d4bc   0x00000028   Dbug   RW  1000     .debug_pubnames     drv_l1_timer.o
    0x0000d4e4   0x0000002c   Dbug   RW  1003     .debug_pubnames     drv_l1_timer.o
    0x0000d510   0x00000030   Dbug   RW  1006     .debug_pubnames     drv_l1_timer.o
    0x0000d540   0x00000028   Dbug   RW  1009     .debug_pubnames     drv_l1_timer.o
    0x0000d568   0x00000028   Dbug   RW  1012     .debug_pubnames     drv_l1_timer.o
    0x0000d590   0x00000028   Dbug   RW  1015     .debug_pubnames     drv_l1_timer.o
    0x0000d5b8   0x00000024   Dbug   RW  1018     .debug_pubnames     drv_l1_timer.o
    0x0000d5dc   0x00000130   Dbug   RW  1021     .debug_pubnames     drv_l1_timer.o
    0x0000d70c   0x00000320   Dbug   RW  1025     .debug_pubnames     drv_l1_timer.o
    0x0000da2c   0x00000024   Dbug   RW  1036     .debug_pubnames     drv_l1_uart.o
    0x0000da50   0x00000028   Dbug   RW  1039     .debug_pubnames     drv_l1_uart.o
    0x0000da78   0x00000028   Dbug   RW  1042     .debug_pubnames     drv_l1_uart.o
    0x0000daa0   0x00000024   Dbug   RW  1045     .debug_pubnames     drv_l1_uart.o
    0x0000dac4   0x00000024   Dbug   RW  1048     .debug_pubnames     drv_l1_uart.o
    0x0000dae8   0x00000028   Dbug   RW  1051     .debug_pubnames     drv_l1_uart.o
    0x0000db10   0x0000002c   Dbug   RW  1054     .debug_pubnames     drv_l1_uart.o
    0x0000db3c   0x0000002c   Dbug   RW  1057     .debug_pubnames     drv_l1_uart.o
    0x0000db68   0x0000002c   Dbug   RW  1060     .debug_pubnames     drv_l1_uart.o
    0x0000db94   0x00000028   Dbug   RW  1063     .debug_pubnames     drv_l1_uart.o
    0x0000dbbc   0x00000028   Dbug   RW  1066     .debug_pubnames     drv_l1_uart.o
    0x0000dbe4   0x00000020   Dbug   RW  1069     .debug_pubnames     drv_l1_uart.o
    0x0000dc04   0x00000028   Dbug   RW  1072     .debug_pubnames     drv_l1_uart.o
    0x0000dc2c   0x00000028   Dbug   RW  1075     .debug_pubnames     drv_l1_uart.o
    0x0000dc54   0x00000028   Dbug   RW  1078     .debug_pubnames     drv_l1_uart.o
    0x0000dc7c   0x00000028   Dbug   RW  1081     .debug_pubnames     drv_l1_uart.o
    0x0000dca4   0x00000024   Dbug   RW  1084     .debug_pubnames     drv_l1_uart.o
    0x0000dcc8   0x00000028   Dbug   RW  1087     .debug_pubnames     drv_l1_uart.o
    0x0000dcf0   0x00000028   Dbug   RW  1090     .debug_pubnames     drv_l1_uart.o
    0x0000dd18   0x00000028   Dbug   RW  1093     .debug_pubnames     drv_l1_uart.o
    0x0000dd40   0x00000024   Dbug   RW  1096     .debug_pubnames     drv_l1_uart.o
    0x0000dd64   0x00000028   Dbug   RW  1099     .debug_pubnames     drv_l1_uart.o
    0x0000dd8c   0x00000030   Dbug   RW  1102     .debug_pubnames     drv_l1_uart.o
    0x0000ddbc   0x0000002c   Dbug   RW  1105     .debug_pubnames     drv_l1_uart.o
    0x0000dde8   0x00000030   Dbug   RW  1108     .debug_pubnames     drv_l1_uart.o
    0x0000de18   0x00000028   Dbug   RW  1111     .debug_pubnames     drv_l1_uart.o
    0x0000de40   0x00000030   Dbug   RW  1114     .debug_pubnames     drv_l1_uart.o
    0x0000de70   0x00000024   Dbug   RW  1117     .debug_pubnames     drv_l1_uart.o
    0x0000de94   0x000000c4   Dbug   RW  1120     .debug_pubnames     drv_l1_uart.o
    0x0000df58   0x000002b8   Dbug   RW  1124     .debug_pubnames     drv_l1_uart.o
    0x0000e210   0x00000024   Dbug   RW  1130     .debug_pubnames     drv_l1_watchdog.o
    0x0000e234   0x00000020   Dbug   RW  1133     .debug_pubnames     drv_l1_watchdog.o
    0x0000e254   0x00000024   Dbug   RW  1136     .debug_pubnames     drv_l1_watchdog.o
    0x0000e278   0x00000028   Dbug   RW  1139     .debug_pubnames     drv_l1_watchdog.o
    0x0000e2a0   0x00000058   Dbug   RW  1146     .debug_pubnames     drv_l1_watchdog.o
    0x0000e2f8   0x00000020   Dbug   RW  1167     .debug_pubnames     gp_stdlib.o
    0x0000e318   0x00000020   Dbug   RW  1170     .debug_pubnames     gp_stdlib.o
    0x0000e338   0x00000020   Dbug   RW  1173     .debug_pubnames     gp_stdlib.o
    0x0000e358   0x00000024   Dbug   RW  1176     .debug_pubnames     gp_stdlib.o
    0x0000e37c   0x00000024   Dbug   RW  1179     .debug_pubnames     gp_stdlib.o
    0x0000e3a0   0x00000020   Dbug   RW  1182     .debug_pubnames     gp_stdlib.o
    0x0000e3c0   0x00000020   Dbug   RW  1185     .debug_pubnames     gp_stdlib.o
    0x0000e3e0   0x00000020   Dbug   RW  1188     .debug_pubnames     gp_stdlib.o
    0x0000e400   0x00000020   Dbug   RW  1191     .debug_pubnames     gp_stdlib.o
    0x0000e420   0x000000a8   Dbug   RW  1197     .debug_pubnames     gp_stdlib.o
    0x0000e4c8   0x00000028   Dbug   RW  1204     .debug_pubnames     main.o
    0x0000e4f0   0x0000001c   Dbug   RW  1207     .debug_pubnames     main.o
    0x0000e50c   0x00000094   Dbug   RW  1210     .debug_pubnames     main.o
    0x0000e5a0   0x00000030   Dbug   RW  1214     .debug_pubnames     main.o
    0x0000e5d0   0x00000028   Dbug   RW  1231     .debug_pubnames     system_timer.o
    0x0000e5f8   0x0000002c   Dbug   RW  1234     .debug_pubnames     system_timer.o
    0x0000e624   0x00000028   Dbug   RW  1237     .debug_pubnames     system_timer.o
    0x0000e64c   0x0000002c   Dbug   RW  1240     .debug_pubnames     system_timer.o
    0x0000e678   0x0000002c   Dbug   RW  1243     .debug_pubnames     system_timer.o
    0x0000e6a4   0x0000002c   Dbug   RW  1246     .debug_pubnames     system_timer.o
    0x0000e6d0   0x00000154   Dbug   RW  1249     .debug_pubnames     system_timer.o
    0x0000e824   0x000000e0   Dbug   RW  1253     .debug_pubnames     system_timer.o
    0x0000e904   0x00000024   Dbug   RW  1258     .debug_pubnames     system_timer.o
    0x0000e928   0x00000024   Dbug   RW  1263     .debug_pubnames     driver_l2_init.o
    0x0000e94c   0x00000024   Dbug   RW  1269     .debug_pubnames     driver_l2_init.o
    0x0000e970   0x00000024   Dbug   RW  1341     .debug_pubnames     gplib_mm_gplus.o
    0x0000e994   0x00000028   Dbug   RW  1344     .debug_pubnames     gplib_mm_gplus.o
    0x0000e9bc   0x00000024   Dbug   RW  1347     .debug_pubnames     gplib_mm_gplus.o
    0x0000e9e0   0x00000020   Dbug   RW  1350     .debug_pubnames     gplib_mm_gplus.o
    0x0000ea00   0x00000028   Dbug   RW  1353     .debug_pubnames     gplib_mm_gplus.o
    0x0000ea28   0x00000020   Dbug   RW  1356     .debug_pubnames     gplib_mm_gplus.o
    0x0000ea48   0x00000020   Dbug   RW  1359     .debug_pubnames     gplib_mm_gplus.o
    0x0000ea68   0x000001d4   Dbug   RW  1362     .debug_pubnames     gplib_mm_gplus.o
    0x0000ec3c   0x00000084   Dbug   RW  1366     .debug_pubnames     gplib_mm_gplus.o
    0x0000ecc0   0x0000002c   Dbug   RW  1378     .debug_pubnames     gplib_calendar.o
    0x0000ecec   0x00000024   Dbug   RW  1381     .debug_pubnames     gplib_calendar.o
    0x0000ed10   0x00000028   Dbug   RW  1384     .debug_pubnames     gplib_calendar.o
    0x0000ed38   0x00000024   Dbug   RW  1387     .debug_pubnames     gplib_calendar.o
    0x0000ed5c   0x00000030   Dbug   RW  1390     .debug_pubnames     gplib_calendar.o
    0x0000ed8c   0x00000028   Dbug   RW  1393     .debug_pubnames     gplib_calendar.o
    0x0000edb4   0x00000028   Dbug   RW  1396     .debug_pubnames     gplib_calendar.o
    0x0000eddc   0x00000034   Dbug   RW  1399     .debug_pubnames     gplib_calendar.o
    0x0000ee10   0x00000098   Dbug   RW  1402     .debug_pubnames     gplib_calendar.o
    0x0000eea8   0x000000d4   Dbug   RW  1406     .debug_pubnames     gplib_calendar.o
    0x0000ef7c   0x00000020   Dbug   RW  1411     .debug_pubnames     gplib_calendar.o
    0x0000ef9c   0x00000024   Dbug   RW  1416     .debug_pubnames     gplib_init.o
    0x0000efc0   0x00000024   Dbug   RW  1422     .debug_pubnames     gplib_init.o
    0x0000efe4   0x00000024   Dbug   RW  1429     .debug_pubnames     gplib_print_string.o
    0x0000f008   0x00000024   Dbug   RW  1432     .debug_pubnames     gplib_print_string.o
    0x0000f02c   0x00000020   Dbug   RW  1435     .debug_pubnames     gplib_print_string.o
    0x0000f04c   0x00000034   Dbug   RW  1439     .debug_pubnames     gplib_print_string.o
    0x0000f080   0x00000020   Dbug   RW  1447     .debug_pubnames     gplib_print_string.o
    0x0000f0a0   0x00000084   Dbug   RW  1451     .debug_pubnames     gplib_print_string.o
    0x0000f124   0x00000028   Dbug   RW  1457     .debug_pubnames     nvram.o
    0x0000f14c   0x00000028   Dbug   RW  1460     .debug_pubnames     nvram.o
    0x0000f174   0x00000028   Dbug   RW  1463     .debug_pubnames     nvram.o
    0x0000f19c   0x00000024   Dbug   RW  1466     .debug_pubnames     nvram.o
    0x0000f1c0   0x0000002c   Dbug   RW  1469     .debug_pubnames     nvram.o
    0x0000f1ec   0x00000024   Dbug   RW  1472     .debug_pubnames     nvram.o
    0x0000f210   0x00000028   Dbug   RW  1475     .debug_pubnames     nvram.o
    0x0000f238   0x00000020   Dbug   RW  1478     .debug_pubnames     nvram.o
    0x0000f258   0x00000030   Dbug   RW  1481     .debug_pubnames     nvram.o
    0x0000f288   0x00000028   Dbug   RW  1484     .debug_pubnames     nvram.o
    0x0000f2b0   0x00000024   Dbug   RW  1487     .debug_pubnames     nvram.o
    0x0000f2d4   0x00000030   Dbug   RW  1490     .debug_pubnames     nvram.o
    0x0000f304   0x00000034   Dbug   RW  1493     .debug_pubnames     nvram.o
    0x0000f338   0x00000030   Dbug   RW  1496     .debug_pubnames     nvram.o
    0x0000f368   0x00000030   Dbug   RW  1499     .debug_pubnames     nvram.o
    0x0000f398   0x0000002c   Dbug   RW  1502     .debug_pubnames     nvram.o
    0x0000f3c4   0x00000030   Dbug   RW  1505     .debug_pubnames     nvram.o
    0x0000f3f4   0x000000c4   Dbug   RW  1508     .debug_pubnames     nvram.o
    0x0000f4b8   0x00000230   Dbug   RW  1512     .debug_pubnames     nvram.o
    0x0000f6e8   0x0000002c   Dbug   RW  1524     .debug_pubnames     task_state_handling.o
    0x0000f714   0x0000004c   Dbug   RW  1527     .debug_pubnames     task_state_handling.o
    0x0000f760   0x00000044   Dbug   RW  1531     .debug_pubnames     task_state_handling.o
    0x0000f7a4   0x000014dc   Dbug   RW  1535     .debug_pubnames     task_state_handling.o
    0x00010c80   0x00000218   Dbug   RW  1538     .debug_pubnames     task_state_handling.o
    0x00010e98   0x0000006c   Dbug   RW  1545     .debug_pubnames     task_state_handling.o
    0x00010f04   0x00000034   Dbug   RW  1554     .debug_pubnames     task_peripheral_handling.o
    0x00010f38   0x000001d8   Dbug   RW  1557     .debug_pubnames     task_peripheral_handling.o
    0x00011110   0x00000058   Dbug   RW  1561     .debug_pubnames     task_peripheral_handling.o
    0x00011168   0x000014dc   Dbug   RW  1565     .debug_pubnames     task_peripheral_handling.o
    0x00012644   0x00000038   Dbug   RW  1567     .debug_pubnames     task_peripheral_handling.o
    0x0001267c   0x00000218   Dbug   RW  1569     .debug_pubnames     task_peripheral_handling.o
    0x00012894   0x00000024   Dbug   RW  1588     .debug_pubnames     msg_manager.o
    0x000128b8   0x00000024   Dbug   RW  1591     .debug_pubnames     msg_manager.o
    0x000128dc   0x00000024   Dbug   RW  1594     .debug_pubnames     msg_manager.o
    0x00012900   0x00000020   Dbug   RW  1597     .debug_pubnames     msg_manager.o
    0x00012920   0x00000024   Dbug   RW  1600     .debug_pubnames     msg_manager.o
    0x00012944   0x00000020   Dbug   RW  1603     .debug_pubnames     msg_manager.o
    0x00012964   0x00000024   Dbug   RW  1606     .debug_pubnames     msg_manager.o
    0x00012988   0x00000024   Dbug   RW  1609     .debug_pubnames     msg_manager.o
    0x000129ac   0x00000020   Dbug   RW  1612     .debug_pubnames     msg_manager.o
    0x000129cc   0x00000024   Dbug   RW  1615     .debug_pubnames     msg_manager.o
    0x000129f0   0x000000a8   Dbug   RW  1621     .debug_pubnames     msg_manager.o
    0x00012a98   0x00000028   Dbug   RW  1631     .debug_pubnames     video_codec_callback.o
    0x00012ac0   0x00000030   Dbug   RW  1634     .debug_pubnames     video_codec_callback.o
    0x00012af0   0x00000030   Dbug   RW  1637     .debug_pubnames     video_codec_callback.o
    0x00012b20   0x00000030   Dbug   RW  1640     .debug_pubnames     video_codec_callback.o
    0x00012b50   0x00000038   Dbug   RW  1643     .debug_pubnames     video_codec_callback.o
    0x00012b88   0x00000030   Dbug   RW  1646     .debug_pubnames     video_codec_callback.o
    0x00012bb8   0x00000028   Dbug   RW  1649     .debug_pubnames     video_codec_callback.o
    0x00012be0   0x00000030   Dbug   RW  1652     .debug_pubnames     video_codec_callback.o
    0x00012c10   0x00000030   Dbug   RW  1655     .debug_pubnames     video_codec_callback.o
    0x00012c40   0x00000034   Dbug   RW  1658     .debug_pubnames     video_codec_callback.o
    0x00012c74   0x00000038   Dbug   RW  1661     .debug_pubnames     video_codec_callback.o
    0x00012cac   0x00000038   Dbug   RW  1664     .debug_pubnames     video_codec_callback.o
    0x00012ce4   0x000000a8   Dbug   RW  1667     .debug_pubnames     video_codec_callback.o
    0x00012d8c   0x000001b8   Dbug   RW  1671     .debug_pubnames     video_codec_callback.o
    0x00012f44   0x0000002c   Dbug   RW  1680     .debug_pubnames     video_encoder.o
    0x00012f70   0x00000030   Dbug   RW  1683     .debug_pubnames     video_encoder.o
    0x00012fa0   0x00000028   Dbug   RW  1686     .debug_pubnames     video_encoder.o
    0x00012fc8   0x0000002c   Dbug   RW  1689     .debug_pubnames     video_encoder.o
    0x00012ff4   0x00000028   Dbug   RW  1692     .debug_pubnames     video_encoder.o
    0x0001301c   0x00000038   Dbug   RW  1695     .debug_pubnames     video_encoder.o
    0x00013054   0x0000003c   Dbug   RW  1698     .debug_pubnames     video_encoder.o
    0x00013090   0x0000003c   Dbug   RW  1701     .debug_pubnames     video_encoder.o
    0x000130cc   0x00000040   Dbug   RW  1704     .debug_pubnames     video_encoder.o
    0x0001310c   0x00000034   Dbug   RW  1707     .debug_pubnames     video_encoder.o
    0x00013140   0x00000040   Dbug   RW  1710     .debug_pubnames     video_encoder.o
    0x00013180   0x00000030   Dbug   RW  1713     .debug_pubnames     video_encoder.o
    0x000131b0   0x00000030   Dbug   RW  1716     .debug_pubnames     video_encoder.o
    0x000131e0   0x000001f4   Dbug   RW  1722     .debug_pubnames     video_encoder.o
    0x000133d4   0x00000028   Dbug   RW  1744     .debug_pubnames     state_usb.o
    0x000133fc   0x00000020   Dbug   RW  1747     .debug_pubnames     state_usb.o
    0x0001341c   0x0000002c   Dbug   RW  1750     .debug_pubnames     state_usb.o
    0x00013448   0x00000028   Dbug   RW  1753     .debug_pubnames     state_usb.o
    0x00013470   0x00000028   Dbug   RW  1756     .debug_pubnames     state_usb.o
    0x00013498   0x00000024   Dbug   RW  1759     .debug_pubnames     state_usb.o
    0x000134bc   0x00000024   Dbug   RW  1762     .debug_pubnames     state_usb.o
    0x000134e0   0x00000024   Dbug   RW  1765     .debug_pubnames     state_usb.o
    0x00013504   0x0000002c   Dbug   RW  1768     .debug_pubnames     state_usb.o
    0x00013530   0x0000002c   Dbug   RW  1771     .debug_pubnames     state_usb.o
    0x0001355c   0x000000f4   Dbug   RW  1774     .debug_pubnames     state_usb.o
    0x00013650   0x00000100   Dbug   RW  1778     .debug_pubnames     state_usb.o
    0x00013750   0x000014dc   Dbug   RW  1782     .debug_pubnames     state_usb.o
    0x00014c2c   0x000000dc   Dbug   RW  1788     .debug_pubnames     state_usb.o
    0x00014d08   0x00000228   Dbug   RW  1796     .debug_pubnames     state_usb.o
    0x00014f30   0x000001fc   Dbug   RW  1799     .debug_pubnames     state_usb.o
    0x0001512c   0x00000218   Dbug   RW  1801     .debug_pubnames     state_usb.o
    0x00015344   0x0000002c   Dbug   RW  1809     .debug_pubnames     state_startup.o
    0x00015370   0x0000002c   Dbug   RW  1812     .debug_pubnames     state_startup.o
    0x0001539c   0x0000002c   Dbug   RW  1815     .debug_pubnames     state_startup.o
    0x000153c8   0x00000058   Dbug   RW  1821     .debug_pubnames     state_startup.o
    0x00015420   0x00000028   Dbug   RW  1836     .debug_pubnames     ap_startup.o
    0x00015448   0x00000028   Dbug   RW  1842     .debug_pubnames     ap_startup.o
    0x00015470   0x0000002c   Dbug   RW  1857     .debug_pubnames     ap_video_preview.o
    0x0001549c   0x00000034   Dbug   RW  1860     .debug_pubnames     ap_video_preview.o
    0x000154d0   0x00000038   Dbug   RW  1863     .debug_pubnames     ap_video_preview.o
    0x00015508   0x0000002c   Dbug   RW  1866     .debug_pubnames     ap_video_preview.o
    0x00015534   0x00000038   Dbug   RW  1869     .debug_pubnames     ap_video_preview.o
    0x0001556c   0x00000034   Dbug   RW  1872     .debug_pubnames     ap_video_preview.o
    0x000155a0   0x00000044   Dbug   RW  1875     .debug_pubnames     ap_video_preview.o
    0x000155e4   0x00000034   Dbug   RW  1878     .debug_pubnames     ap_video_preview.o
    0x00015618   0x00000098   Dbug   RW  1881     .debug_pubnames     ap_video_preview.o
    0x000156b0   0x000001c0   Dbug   RW  1885     .debug_pubnames     ap_video_preview.o
    0x00015870   0x000014dc   Dbug   RW  1889     .debug_pubnames     ap_video_preview.o
    0x00016d4c   0x00000028   Dbug   RW  1892     .debug_pubnames     ap_video_preview.o
    0x00016d74   0x00000030   Dbug   RW  1901     .debug_pubnames     state_video_preview.o
    0x00016da4   0x00000030   Dbug   RW  1904     .debug_pubnames     state_video_preview.o
    0x00016dd4   0x00000074   Dbug   RW  1907     .debug_pubnames     state_video_preview.o
    0x00016e48   0x0000008c   Dbug   RW  1911     .debug_pubnames     state_video_preview.o
    0x00016ed4   0x00000028   Dbug   RW  1915     .debug_pubnames     state_video_preview.o
    0x00016efc   0x00000024   Dbug   RW  1935     .debug_pubnames     ap_peripheral_handling.o
    0x00016f20   0x00000034   Dbug   RW  1938     .debug_pubnames     ap_peripheral_handling.o
    0x00016f54   0x00000024   Dbug   RW  1941     .debug_pubnames     ap_peripheral_handling.o
    0x00016f78   0x00000024   Dbug   RW  1944     .debug_pubnames     ap_peripheral_handling.o
    0x00016f9c   0x00000024   Dbug   RW  1947     .debug_pubnames     ap_peripheral_handling.o
    0x00016fc0   0x00000024   Dbug   RW  1950     .debug_pubnames     ap_peripheral_handling.o
    0x00016fe4   0x0000002c   Dbug   RW  1953     .debug_pubnames     ap_peripheral_handling.o
    0x00017010   0x00000028   Dbug   RW  1956     .debug_pubnames     ap_peripheral_handling.o
    0x00017038   0x00000024   Dbug   RW  1959     .debug_pubnames     ap_peripheral_handling.o
    0x0001705c   0x00000038   Dbug   RW  1962     .debug_pubnames     ap_peripheral_handling.o
    0x00017094   0x00000038   Dbug   RW  1965     .debug_pubnames     ap_peripheral_handling.o
    0x000170cc   0x00000038   Dbug   RW  1968     .debug_pubnames     ap_peripheral_handling.o
    0x00017104   0x00000040   Dbug   RW  1971     .debug_pubnames     ap_peripheral_handling.o
    0x00017144   0x00000034   Dbug   RW  1974     .debug_pubnames     ap_peripheral_handling.o
    0x00017178   0x0000003c   Dbug   RW  1977     .debug_pubnames     ap_peripheral_handling.o
    0x000171b4   0x00000034   Dbug   RW  1980     .debug_pubnames     ap_peripheral_handling.o
    0x000171e8   0x00000034   Dbug   RW  1983     .debug_pubnames     ap_peripheral_handling.o
    0x0001721c   0x00000034   Dbug   RW  1986     .debug_pubnames     ap_peripheral_handling.o
    0x00017250   0x00000030   Dbug   RW  1989     .debug_pubnames     ap_peripheral_handling.o
    0x00017280   0x00000030   Dbug   RW  1992     .debug_pubnames     ap_peripheral_handling.o
    0x000172b0   0x00000030   Dbug   RW  1995     .debug_pubnames     ap_peripheral_handling.o
    0x000172e0   0x00000034   Dbug   RW  1998     .debug_pubnames     ap_peripheral_handling.o
    0x00017314   0x00000038   Dbug   RW  2001     .debug_pubnames     ap_peripheral_handling.o
    0x0001734c   0x00000034   Dbug   RW  2004     .debug_pubnames     ap_peripheral_handling.o
    0x00017380   0x000004c0   Dbug   RW  2007     .debug_pubnames     ap_peripheral_handling.o
    0x00017840   0x000003ec   Dbug   RW  2011     .debug_pubnames     ap_peripheral_handling.o
    0x00017c2c   0x000014dc   Dbug   RW  2015     .debug_pubnames     ap_peripheral_handling.o
    0x00019108   0x00000038   Dbug   RW  2017     .debug_pubnames     ap_peripheral_handling.o
    0x00019140   0x00000030   Dbug   RW  2024     .debug_pubnames     ap_storage_service.o
    0x00019170   0x00000038   Dbug   RW  2027     .debug_pubnames     ap_storage_service.o
    0x000191a8   0x00000038   Dbug   RW  2030     .debug_pubnames     ap_storage_service.o
    0x000191e0   0x00000038   Dbug   RW  2033     .debug_pubnames     ap_storage_service.o
    0x00019218   0x0000003c   Dbug   RW  2036     .debug_pubnames     ap_storage_service.o
    0x00019254   0x0000003c   Dbug   RW  2039     .debug_pubnames     ap_storage_service.o
    0x00019290   0x00000034   Dbug   RW  2042     .debug_pubnames     ap_storage_service.o
    0x000192c4   0x00000038   Dbug   RW  2045     .debug_pubnames     ap_storage_service.o
    0x000192fc   0x00000024   Dbug   RW  2048     .debug_pubnames     ap_storage_service.o
    0x00019320   0x00000024   Dbug   RW  2051     .debug_pubnames     ap_storage_service.o
    0x00019344   0x00000284   Dbug   RW  2054     .debug_pubnames     ap_storage_service.o
    0x000195c8   0x00000328   Dbug   RW  2058     .debug_pubnames     ap_storage_service.o
    0x000198f0   0x000014dc   Dbug   RW  2062     .debug_pubnames     ap_storage_service.o
    0x0001adcc   0x00000158   Dbug   RW  2071     .debug_pubnames     ap_storage_service.o
    0x0001af24   0x00000030   Dbug   RW  2079     .debug_pubnames     task_storage_service.o
    0x0001af54   0x000000b4   Dbug   RW  2082     .debug_pubnames     task_storage_service.o
    0x0001b008   0x00000050   Dbug   RW  2086     .debug_pubnames     task_storage_service.o
    0x0001b058   0x000014dc   Dbug   RW  2090     .debug_pubnames     task_storage_service.o
    0x0001c534   0x00000038   Dbug   RW  2103     .debug_pubnames     ap_state_handling.o
    0x0001c56c   0x0000003c   Dbug   RW  2106     .debug_pubnames     ap_state_handling.o
    0x0001c5a8   0x00000038   Dbug   RW  2109     .debug_pubnames     ap_state_handling.o
    0x0001c5e0   0x00000038   Dbug   RW  2112     .debug_pubnames     ap_state_handling.o
    0x0001c618   0x00000038   Dbug   RW  2115     .debug_pubnames     ap_state_handling.o
    0x0001c650   0x00000030   Dbug   RW  2118     .debug_pubnames     ap_state_handling.o
    0x0001c680   0x00000030   Dbug   RW  2121     .debug_pubnames     ap_state_handling.o
    0x0001c6b0   0x00000038   Dbug   RW  2124     .debug_pubnames     ap_state_handling.o
    0x0001c6e8   0x00000038   Dbug   RW  2127     .debug_pubnames     ap_state_handling.o
    0x0001c720   0x0000001c   Dbug   RW  2130     .debug_pubnames     ap_state_handling.o
    0x0001c73c   0x0000003c   Dbug   RW  2133     .debug_pubnames     ap_state_handling.o
    0x0001c778   0x00000038   Dbug   RW  2136     .debug_pubnames     ap_state_handling.o
    0x0001c7b0   0x00000030   Dbug   RW  2139     .debug_pubnames     ap_state_handling.o
    0x0001c7e0   0x00000034   Dbug   RW  2142     .debug_pubnames     ap_state_handling.o
    0x0001c814   0x00000034   Dbug   RW  2145     .debug_pubnames     ap_state_handling.o
    0x0001c848   0x00000034   Dbug   RW  2148     .debug_pubnames     ap_state_handling.o
    0x0001c87c   0x00000038   Dbug   RW  2151     .debug_pubnames     ap_state_handling.o
    0x0001c8b4   0x00000218   Dbug   RW  2154     .debug_pubnames     ap_state_handling.o
    0x0001cacc   0x000002a8   Dbug   RW  2158     .debug_pubnames     ap_state_handling.o
    0x0001cd74   0x00000218   Dbug   RW  2162     .debug_pubnames     ap_state_handling.o
    0x0001cf8c   0x0000002c   Dbug   RW  2181     .debug_pubnames     ap_video_record.o
    0x0001cfb8   0x00000038   Dbug   RW  2184     .debug_pubnames     ap_video_record.o
    0x0001cff0   0x00000038   Dbug   RW  2187     .debug_pubnames     ap_video_record.o
    0x0001d028   0x0000003c   Dbug   RW  2190     .debug_pubnames     ap_video_record.o
    0x0001d064   0x0000003c   Dbug   RW  2193     .debug_pubnames     ap_video_record.o
    0x0001d0a0   0x00000030   Dbug   RW  2196     .debug_pubnames     ap_video_record.o
    0x0001d0d0   0x0000002c   Dbug   RW  2199     .debug_pubnames     ap_video_record.o
    0x0001d0fc   0x00000030   Dbug   RW  2202     .debug_pubnames     ap_video_record.o
    0x0001d12c   0x00000034   Dbug   RW  2205     .debug_pubnames     ap_video_record.o
    0x0001d160   0x0000002c   Dbug   RW  2208     .debug_pubnames     ap_video_record.o
    0x0001d18c   0x00000038   Dbug   RW  2211     .debug_pubnames     ap_video_record.o
    0x0001d1c4   0x00000030   Dbug   RW  2214     .debug_pubnames     ap_video_record.o
    0x0001d1f4   0x00000030   Dbug   RW  2217     .debug_pubnames     ap_video_record.o
    0x0001d224   0x00000038   Dbug   RW  2220     .debug_pubnames     ap_video_record.o
    0x0001d25c   0x00000034   Dbug   RW  2223     .debug_pubnames     ap_video_record.o
    0x0001d290   0x00000124   Dbug   RW  2226     .debug_pubnames     ap_video_record.o
    0x0001d3b4   0x0000027c   Dbug   RW  2230     .debug_pubnames     ap_video_record.o
    0x0001d630   0x00000030   Dbug   RW  2237     .debug_pubnames     state_video_record.o
    0x0001d660   0x00000030   Dbug   RW  2240     .debug_pubnames     state_video_record.o
    0x0001d690   0x000000ac   Dbug   RW  2243     .debug_pubnames     state_video_record.o
    0x0001d73c   0x00000068   Dbug   RW  2247     .debug_pubnames     state_video_record.o
    0x0001d7a4   0x00000024   Dbug   RW  2358     .debug_pubnames     drv_l1_sensor.o
    0x0001d7c8   0x00000024   Dbug   RW  2361     .debug_pubnames     drv_l1_sensor.o
    0x0001d7ec   0x00000020   Dbug   RW  2364     .debug_pubnames     drv_l1_sensor.o
    0x0001d80c   0x00000020   Dbug   RW  2367     .debug_pubnames     drv_l1_sensor.o
    0x0001d82c   0x00000024   Dbug   RW  2370     .debug_pubnames     drv_l1_sensor.o
    0x0001d850   0x00000020   Dbug   RW  2373     .debug_pubnames     drv_l1_sensor.o
    0x0001d870   0x00000020   Dbug   RW  2376     .debug_pubnames     drv_l1_sensor.o
    0x0001d890   0x00000030   Dbug   RW  2379     .debug_pubnames     drv_l1_sensor.o
    0x0001d8c0   0x00000030   Dbug   RW  2382     .debug_pubnames     drv_l1_sensor.o
    0x0001d8f0   0x00000030   Dbug   RW  2385     .debug_pubnames     drv_l1_sensor.o
    0x0001d920   0x00000028   Dbug   RW  2388     .debug_pubnames     drv_l1_sensor.o
    0x0001d948   0x0000002c   Dbug   RW  2391     .debug_pubnames     drv_l1_sensor.o
    0x0001d974   0x0000002c   Dbug   RW  2394     .debug_pubnames     drv_l1_sensor.o
    0x0001d9a0   0x0000002c   Dbug   RW  2397     .debug_pubnames     drv_l1_sensor.o
    0x0001d9cc   0x00000034   Dbug   RW  2400     .debug_pubnames     drv_l1_sensor.o
    0x0001da00   0x00000030   Dbug   RW  2403     .debug_pubnames     drv_l1_sensor.o
    0x0001da30   0x00000034   Dbug   RW  2406     .debug_pubnames     drv_l1_sensor.o
    0x0001da64   0x000001ac   Dbug   RW  2413     .debug_pubnames     drv_l1_sensor.o
    0x0001dc10   0x0000002c   Dbug   RW  2433     .debug_pubnames     ap_display.o
    0x0001dc3c   0x00000030   Dbug   RW  2436     .debug_pubnames     ap_display.o
    0x0001dc6c   0x0000002c   Dbug   RW  2439     .debug_pubnames     ap_display.o
    0x0001dc98   0x0000002c   Dbug   RW  2442     .debug_pubnames     ap_display.o
    0x0001dcc4   0x0000002c   Dbug   RW  2445     .debug_pubnames     ap_display.o
    0x0001dcf0   0x00000030   Dbug   RW  2448     .debug_pubnames     ap_display.o
    0x0001dd20   0x0000002c   Dbug   RW  2451     .debug_pubnames     ap_display.o
    0x0001dd4c   0x00000030   Dbug   RW  2454     .debug_pubnames     ap_display.o
    0x0001dd7c   0x00000038   Dbug   RW  2457     .debug_pubnames     ap_display.o
    0x0001ddb4   0x0000002c   Dbug   RW  2460     .debug_pubnames     ap_display.o
    0x0001dde0   0x00000028   Dbug   RW  2463     .debug_pubnames     ap_display.o
    0x0001de08   0x0000002c   Dbug   RW  2466     .debug_pubnames     ap_display.o
    0x0001de34   0x0000002c   Dbug   RW  2469     .debug_pubnames     ap_display.o
    0x0001de60   0x00000030   Dbug   RW  2472     .debug_pubnames     ap_display.o
    0x0001de90   0x00000034   Dbug   RW  2475     .debug_pubnames     ap_display.o
    0x0001dec4   0x0000002c   Dbug   RW  2478     .debug_pubnames     ap_display.o
    0x0001def0   0x00000030   Dbug   RW  2481     .debug_pubnames     ap_display.o
    0x0001df20   0x00000034   Dbug   RW  2484     .debug_pubnames     ap_display.o
    0x0001df54   0x0000003c   Dbug   RW  2487     .debug_pubnames     ap_display.o
    0x0001df90   0x00000030   Dbug   RW  2490     .debug_pubnames     ap_display.o
    0x0001dfc0   0x00000034   Dbug   RW  2493     .debug_pubnames     ap_display.o
    0x0001dff4   0x00000030   Dbug   RW  2496     .debug_pubnames     ap_display.o
    0x0001e024   0x00000038   Dbug   RW  2499     .debug_pubnames     ap_display.o
    0x0001e05c   0x00000034   Dbug   RW  2502     .debug_pubnames     ap_display.o
    0x0001e090   0x00000038   Dbug   RW  2505     .debug_pubnames     ap_display.o
    0x0001e0c8   0x00000034   Dbug   RW  2508     .debug_pubnames     ap_display.o
    0x0001e0fc   0x00000030   Dbug   RW  2511     .debug_pubnames     ap_display.o
    0x0001e12c   0x00000034   Dbug   RW  2514     .debug_pubnames     ap_display.o
    0x0001e160   0x00000038   Dbug   RW  2517     .debug_pubnames     ap_display.o
    0x0001e198   0x00000030   Dbug   RW  2520     .debug_pubnames     ap_display.o
    0x0001e1c8   0x00000030   Dbug   RW  2523     .debug_pubnames     ap_display.o
    0x0001e1f8   0x00000030   Dbug   RW  2526     .debug_pubnames     ap_display.o
    0x0001e228   0x00000030   Dbug   RW  2529     .debug_pubnames     ap_display.o
    0x0001e258   0x00000030   Dbug   RW  2532     .debug_pubnames     ap_display.o
    0x0001e288   0x00000034   Dbug   RW  2535     .debug_pubnames     ap_display.o
    0x0001e2bc   0x00000028   Dbug   RW  2538     .debug_pubnames     ap_display.o
    0x0001e2e4   0x00000034   Dbug   RW  2541     .debug_pubnames     ap_display.o
    0x0001e318   0x0000003c   Dbug   RW  2544     .debug_pubnames     ap_display.o
    0x0001e354   0x00000030   Dbug   RW  2547     .debug_pubnames     ap_display.o
    0x0001e384   0x00000030   Dbug   RW  2550     .debug_pubnames     ap_display.o
    0x0001e3b4   0x00000034   Dbug   RW  2553     .debug_pubnames     ap_display.o
    0x0001e3e8   0x0000003c   Dbug   RW  2556     .debug_pubnames     ap_display.o
    0x0001e424   0x0000003c   Dbug   RW  2559     .debug_pubnames     ap_display.o
    0x0001e460   0x00000040   Dbug   RW  2562     .debug_pubnames     ap_display.o
    0x0001e4a0   0x00000034   Dbug   RW  2565     .debug_pubnames     ap_display.o
    0x0001e4d4   0x00000200   Dbug   RW  2568     .debug_pubnames     ap_display.o
    0x0001e6d4   0x000005d8   Dbug   RW  2572     .debug_pubnames     ap_display.o
    0x0001ecac   0x00000f1c   Dbug   RW  2576     .debug_pubnames     ap_display.o
    0x0001fbc8   0x00000218   Dbug   RW  2583     .debug_pubnames     ap_display.o
    0x0001fde0   0x00000e98   Dbug   RW  2590     .debug_pubnames     task_display.o
    0x00020c78   0x00000038   Dbug   RW  2595     .debug_pubnames     ap_state_config.o
    0x00020cb0   0x00000038   Dbug   RW  2598     .debug_pubnames     ap_state_config.o
    0x00020ce8   0x00000034   Dbug   RW  2601     .debug_pubnames     ap_state_config.o
    0x00020d1c   0x00000034   Dbug   RW  2604     .debug_pubnames     ap_state_config.o
    0x00020d50   0x00000034   Dbug   RW  2607     .debug_pubnames     ap_state_config.o
    0x00020d84   0x00000038   Dbug   RW  2610     .debug_pubnames     ap_state_config.o
    0x00020dbc   0x00000038   Dbug   RW  2613     .debug_pubnames     ap_state_config.o
    0x00020df4   0x00000040   Dbug   RW  2616     .debug_pubnames     ap_state_config.o
    0x00020e34   0x00000040   Dbug   RW  2619     .debug_pubnames     ap_state_config.o
    0x00020e74   0x00000038   Dbug   RW  2622     .debug_pubnames     ap_state_config.o
    0x00020eac   0x00000038   Dbug   RW  2625     .debug_pubnames     ap_state_config.o
    0x00020ee4   0x00000030   Dbug   RW  2628     .debug_pubnames     ap_state_config.o
    0x00020f14   0x00000030   Dbug   RW  2631     .debug_pubnames     ap_state_config.o
    0x00020f44   0x00000030   Dbug   RW  2634     .debug_pubnames     ap_state_config.o
    0x00020f74   0x00000030   Dbug   RW  2637     .debug_pubnames     ap_state_config.o
    0x00020fa4   0x00000030   Dbug   RW  2640     .debug_pubnames     ap_state_config.o
    0x00020fd4   0x00000030   Dbug   RW  2643     .debug_pubnames     ap_state_config.o
    0x00021004   0x0000003c   Dbug   RW  2646     .debug_pubnames     ap_state_config.o
    0x00021040   0x0000003c   Dbug   RW  2649     .debug_pubnames     ap_state_config.o
    0x0002107c   0x00000040   Dbug   RW  2652     .debug_pubnames     ap_state_config.o
    0x000210bc   0x00000040   Dbug   RW  2655     .debug_pubnames     ap_state_config.o
    0x000210fc   0x00000030   Dbug   RW  2658     .debug_pubnames     ap_state_config.o
    0x0002112c   0x0000002c   Dbug   RW  2661     .debug_pubnames     ap_state_config.o
    0x00021158   0x00000038   Dbug   RW  2664     .debug_pubnames     ap_state_config.o
    0x00021190   0x00000020   Dbug   RW  2667     .debug_pubnames     ap_state_config.o
    0x000211b0   0x0000002c   Dbug   RW  2670     .debug_pubnames     ap_state_config.o
    0x000211dc   0x00000038   Dbug   RW  2673     .debug_pubnames     ap_state_config.o
    0x00021214   0x00000038   Dbug   RW  2676     .debug_pubnames     ap_state_config.o
    0x0002124c   0x00000038   Dbug   RW  2679     .debug_pubnames     ap_state_config.o
    0x00021284   0x00000038   Dbug   RW  2682     .debug_pubnames     ap_state_config.o
    0x000212bc   0x00000030   Dbug   RW  2685     .debug_pubnames     ap_state_config.o
    0x000212ec   0x00000030   Dbug   RW  2688     .debug_pubnames     ap_state_config.o
    0x0002131c   0x00000034   Dbug   RW  2691     .debug_pubnames     ap_state_config.o
    0x00021350   0x00000034   Dbug   RW  2694     .debug_pubnames     ap_state_config.o
    0x00021384   0x00000040   Dbug   RW  2697     .debug_pubnames     ap_state_config.o
    0x000213c4   0x00000040   Dbug   RW  2700     .debug_pubnames     ap_state_config.o
    0x00021404   0x00000030   Dbug   RW  2703     .debug_pubnames     ap_state_config.o
    0x00021434   0x00000034   Dbug   RW  2706     .debug_pubnames     ap_state_config.o
    0x00021468   0x00000034   Dbug   RW  2709     .debug_pubnames     ap_state_config.o
    0x0002149c   0x00000038   Dbug   RW  2712     .debug_pubnames     ap_state_config.o
    0x000214d4   0x00000038   Dbug   RW  2715     .debug_pubnames     ap_state_config.o
    0x0002150c   0x00000030   Dbug   RW  2718     .debug_pubnames     ap_state_config.o
    0x0002153c   0x00000030   Dbug   RW  2721     .debug_pubnames     ap_state_config.o
    0x0002156c   0x00000030   Dbug   RW  2724     .debug_pubnames     ap_state_config.o
    0x0002159c   0x00000030   Dbug   RW  2727     .debug_pubnames     ap_state_config.o
    0x000215cc   0x00000038   Dbug   RW  2730     .debug_pubnames     ap_state_config.o
    0x00021604   0x00000038   Dbug   RW  2733     .debug_pubnames     ap_state_config.o
    0x0002163c   0x00000034   Dbug   RW  2736     .debug_pubnames     ap_state_config.o
    0x00021670   0x00000034   Dbug   RW  2739     .debug_pubnames     ap_state_config.o
    0x000216a4   0x00000034   Dbug   RW  2742     .debug_pubnames     ap_state_config.o
    0x000216d8   0x00000034   Dbug   RW  2745     .debug_pubnames     ap_state_config.o
    0x0002170c   0x0000003c   Dbug   RW  2748     .debug_pubnames     ap_state_config.o
    0x00021748   0x0000003c   Dbug   RW  2751     .debug_pubnames     ap_state_config.o
    0x00021784   0x00000034   Dbug   RW  2754     .debug_pubnames     ap_state_config.o
    0x000217b8   0x00000034   Dbug   RW  2757     .debug_pubnames     ap_state_config.o
    0x000217ec   0x0000003c   Dbug   RW  2760     .debug_pubnames     ap_state_config.o
    0x00021828   0x0000003c   Dbug   RW  2763     .debug_pubnames     ap_state_config.o
    0x00021864   0x0000003c   Dbug   RW  2766     .debug_pubnames     ap_state_config.o
    0x000218a0   0x0000003c   Dbug   RW  2769     .debug_pubnames     ap_state_config.o
    0x000218dc   0x00000034   Dbug   RW  2772     .debug_pubnames     ap_state_config.o
    0x00021910   0x00000034   Dbug   RW  2775     .debug_pubnames     ap_state_config.o
    0x00021944   0x00000038   Dbug   RW  2778     .debug_pubnames     ap_state_config.o
    0x0002197c   0x00000038   Dbug   RW  2781     .debug_pubnames     ap_state_config.o
    0x000219b4   0x00000034   Dbug   RW  2784     .debug_pubnames     ap_state_config.o
    0x000219e8   0x00000034   Dbug   RW  2787     .debug_pubnames     ap_state_config.o
    0x00021a1c   0x00000034   Dbug   RW  2790     .debug_pubnames     ap_state_config.o
    0x00021a50   0x00000034   Dbug   RW  2793     .debug_pubnames     ap_state_config.o
    0x00021a84   0x00000034   Dbug   RW  2796     .debug_pubnames     ap_state_config.o
    0x00021ab8   0x00000034   Dbug   RW  2799     .debug_pubnames     ap_state_config.o
    0x00021aec   0x00000034   Dbug   RW  2802     .debug_pubnames     ap_state_config.o
    0x00021b20   0x00000034   Dbug   RW  2805     .debug_pubnames     ap_state_config.o
    0x00021b54   0x00000038   Dbug   RW  2808     .debug_pubnames     ap_state_config.o
    0x00021b8c   0x00000038   Dbug   RW  2811     .debug_pubnames     ap_state_config.o
    0x00021bc4   0x00000034   Dbug   RW  2814     .debug_pubnames     ap_state_config.o
    0x00021bf8   0x00000038   Dbug   RW  2817     .debug_pubnames     ap_state_config.o
    0x00021c30   0x0000002c   Dbug   RW  2820     .debug_pubnames     ap_state_config.o
    0x00021c5c   0x0000002c   Dbug   RW  2823     .debug_pubnames     ap_state_config.o
    0x00021c88   0x00000034   Dbug   RW  2826     .debug_pubnames     ap_state_config.o
    0x00021cbc   0x00000034   Dbug   RW  2829     .debug_pubnames     ap_state_config.o
    0x00021cf0   0x00000038   Dbug   RW  2832     .debug_pubnames     ap_state_config.o
    0x00021d28   0x00000038   Dbug   RW  2835     .debug_pubnames     ap_state_config.o
    0x00021d60   0x00000034   Dbug   RW  2838     .debug_pubnames     ap_state_config.o
    0x00021d94   0x00000034   Dbug   RW  2841     .debug_pubnames     ap_state_config.o
    0x00021dc8   0x00000024   Dbug   RW  2844     .debug_pubnames     ap_state_config.o
    0x00021dec   0x00000054   Dbug   RW  2847     .debug_pubnames     ap_state_config.o
    0x00021e40   0x00000b80   Dbug   RW  2851     .debug_pubnames     ap_state_config.o
    0x000229c0   0x00000044   Dbug   RW  2872     .debug_pubnames     ap_state_resource.o
    0x00022a04   0x00000044   Dbug   RW  2875     .debug_pubnames     ap_state_resource.o
    0x00022a48   0x00000024   Dbug   RW  2878     .debug_pubnames     ap_state_resource.o
    0x00022a6c   0x00000044   Dbug   RW  2881     .debug_pubnames     ap_state_resource.o
    0x00022ab0   0x00000044   Dbug   RW  2884     .debug_pubnames     ap_state_resource.o
    0x00022af4   0x00000040   Dbug   RW  2887     .debug_pubnames     ap_state_resource.o
    0x00022b34   0x00000034   Dbug   RW  2890     .debug_pubnames     ap_state_resource.o
    0x00022b68   0x0000003c   Dbug   RW  2893     .debug_pubnames     ap_state_resource.o
    0x00022ba4   0x0000003c   Dbug   RW  2896     .debug_pubnames     ap_state_resource.o
    0x00022be0   0x0000003c   Dbug   RW  2899     .debug_pubnames     ap_state_resource.o
    0x00022c1c   0x00000228   Dbug   RW  2902     .debug_pubnames     ap_state_resource.o
    0x00022e44   0x00000278   Dbug   RW  2906     .debug_pubnames     ap_state_resource.o
    0x000230bc   0x00000f1c   Dbug   RW  2922     .debug_pubnames     video_decoder_app.o
    0x00023fd8   0x00000020   Dbug   RW  2985     .debug_pubnames     drv_l1_dac.o
    0x00023ff8   0x00000020   Dbug   RW  2991     .debug_pubnames     drv_l1_dac.o
    0x00024018   0x00000024   Dbug   RW  3008     .debug_pubnames     ap_state_firmware_upgrade.o
    0x0002403c   0x00000024   Dbug   RW  3011     .debug_pubnames     ap_state_firmware_upgrade.o
    0x00024060   0x00000020   Dbug   RW  3014     .debug_pubnames     ap_state_firmware_upgrade.o
    0x00024080   0x00000024   Dbug   RW  3017     .debug_pubnames     ap_state_firmware_upgrade.o
    0x000240a4   0x00000028   Dbug   RW  3020     .debug_pubnames     ap_state_firmware_upgrade.o
    0x000240cc   0x00000024   Dbug   RW  3023     .debug_pubnames     ap_state_firmware_upgrade.o
    0x000240f0   0x0000002c   Dbug   RW  3026     .debug_pubnames     ap_state_firmware_upgrade.o
    0x0002411c   0x00000028   Dbug   RW  3029     .debug_pubnames     ap_state_firmware_upgrade.o
    0x00024144   0x0000008c   Dbug   RW  3033     .debug_pubnames     ap_state_firmware_upgrade.o
    0x000241d0   0x00000090   Dbug   RW  3038     .debug_pubnames     ap_state_firmware_upgrade.o
    0x00024260   0x00000368   Dbug   RW  3040     .debug_pubnames     ap_state_firmware_upgrade.o
    0x000245c8   0x000000f8   Dbug   RW  3044     .debug_pubnames     ap_state_firmware_upgrade.o
    0x000246c0   0x0000007c   Dbug   RW  3048     .debug_pubnames     ap_state_firmware_upgrade.o
    0x0002473c   0x00001304   Dbug   RW  3060     .debug_pubnames     ap_state_firmware_upgrade.o
    0x00025a40   0x00000344   Dbug   RW  3066     .debug_pubnames     ap_state_firmware_upgrade.o
    0x00025d84   0x000014dc   Dbug   RW  3068     .debug_pubnames     ap_state_firmware_upgrade.o
    0x00027260   0x00000218   Dbug   RW  3070     .debug_pubnames     ap_state_firmware_upgrade.o
    0x00027478   0x0000006c   Dbug   RW  3075     .debug_pubnames     ap_state_firmware_upgrade.o
    0x000274e4   0x000000dc   Dbug   RW  3079     .debug_pubnames     ap_state_firmware_upgrade.o
    0x000275c0   0x00000118   Dbug   RW  3098     .debug_pubnames     drv_l2_usbd_descriptor_tbl.o
    0x000276d8   0x00000114   Dbug   RW  3113     .debug_pubnames     drv_l2_usbd_uvc_descriptor_tbl.o
    0x000277ec   0x00000024   Dbug   RW  3125     .debug_pubnames     ap_usb.o
    0x00027810   0x00000030   Dbug   RW  3128     .debug_pubnames     ap_usb.o
    0x00027840   0x00000030   Dbug   RW  3131     .debug_pubnames     ap_usb.o
    0x00027870   0x00000030   Dbug   RW  3134     .debug_pubnames     ap_usb.o
    0x000278a0   0x0000002c   Dbug   RW  3137     .debug_pubnames     ap_usb.o
    0x000278cc   0x0000002c   Dbug   RW  3140     .debug_pubnames     ap_usb.o
    0x000278f8   0x0000002c   Dbug   RW  3143     .debug_pubnames     ap_usb.o
    0x00027924   0x00000030   Dbug   RW  3146     .debug_pubnames     ap_usb.o
    0x00027954   0x0000002c   Dbug   RW  3149     .debug_pubnames     ap_usb.o
    0x00027980   0x00000030   Dbug   RW  3152     .debug_pubnames     ap_usb.o
    0x000279b0   0x00000030   Dbug   RW  3155     .debug_pubnames     ap_usb.o
    0x000279e0   0x00000028   Dbug   RW  3158     .debug_pubnames     ap_usb.o
    0x00027a08   0x00000028   Dbug   RW  3161     .debug_pubnames     ap_usb.o
    0x00027a30   0x00000024   Dbug   RW  3164     .debug_pubnames     ap_usb.o
    0x00027a54   0x00000020   Dbug   RW  3167     .debug_pubnames     ap_usb.o
    0x00027a74   0x00000024   Dbug   RW  3170     .debug_pubnames     ap_usb.o
    0x00027a98   0x00000024   Dbug   RW  3173     .debug_pubnames     ap_usb.o
    0x00027abc   0x00000020   Dbug   RW  3176     .debug_pubnames     ap_usb.o
    0x00027adc   0x00000028   Dbug   RW  3179     .debug_pubnames     ap_usb.o
    0x00027b04   0x00000030   Dbug   RW  3182     .debug_pubnames     ap_usb.o
    0x00027b34   0x00000030   Dbug   RW  3185     .debug_pubnames     ap_usb.o
    0x00027b64   0x00000028   Dbug   RW  3188     .debug_pubnames     ap_usb.o
    0x00027b8c   0x0000034c   Dbug   RW  3191     .debug_pubnames     ap_usb.o
    0x00027ed8   0x00000214   Dbug   RW  3195     .debug_pubnames     ap_usb.o
    0x000280ec   0x00000084   Dbug   RW  3200     .debug_pubnames     ap_usb.o
    0x00028170   0x00000344   Dbug   RW  3203     .debug_pubnames     ap_usb.o
    0x000284b4   0x000014dc   Dbug   RW  3205     .debug_pubnames     ap_usb.o
    0x00029990   0x00000218   Dbug   RW  3213     .debug_pubnames     ap_usb.o
    0x00029ba8   0x000001fc   Dbug   RW  3215     .debug_pubnames     ap_usb.o
    0x00029da4   0x00000020   Dbug   RW  3333     .debug_pubnames     my_video_codec_callback.o
    0x00029dc4   0x0000002c   Dbug   RW  3336     .debug_pubnames     my_video_codec_callback.o
    0x00029df0   0x00000030   Dbug   RW  3339     .debug_pubnames     my_video_codec_callback.o
    0x00029e20   0x00000034   Dbug   RW  3342     .debug_pubnames     my_video_codec_callback.o
    0x00029e54   0x00000034   Dbug   RW  3345     .debug_pubnames     my_video_codec_callback.o
    0x00029e88   0x00000030   Dbug   RW  3348     .debug_pubnames     my_video_codec_callback.o
    0x00029eb8   0x0000002c   Dbug   RW  3351     .debug_pubnames     my_video_codec_callback.o
    0x00029ee4   0x00000030   Dbug   RW  3354     .debug_pubnames     my_video_codec_callback.o
    0x00029f14   0x0000002c   Dbug   RW  3357     .debug_pubnames     my_video_codec_callback.o
    0x00029f40   0x00000030   Dbug   RW  3360     .debug_pubnames     my_video_codec_callback.o
    0x00029f70   0x00000028   Dbug   RW  3363     .debug_pubnames     my_video_codec_callback.o
    0x00029f98   0x00000030   Dbug   RW  3366     .debug_pubnames     my_video_codec_callback.o
    0x00029fc8   0x00000034   Dbug   RW  3369     .debug_pubnames     my_video_codec_callback.o
    0x00029ffc   0x00000034   Dbug   RW  3372     .debug_pubnames     my_video_codec_callback.o
    0x0002a030   0x0000002c   Dbug   RW  3375     .debug_pubnames     my_video_codec_callback.o
    0x0002a05c   0x000003dc   Dbug   RW  3378     .debug_pubnames     my_video_codec_callback.o
    0x0002a438   0x000002d0   Dbug   RW  3382     .debug_pubnames     my_video_codec_callback.o
    0x0002a708   0x000014dc   Dbug   RW  3386     .debug_pubnames     my_video_codec_callback.o
    0x0002bbe4   0x00000024   Dbug   RW  3401     .debug_pubnames     drv_l2_spifc.o
    0x0002bc08   0x0000002c   Dbug   RW  3404     .debug_pubnames     drv_l2_spifc.o
    0x0002bc34   0x0000002c   Dbug   RW  3407     .debug_pubnames     drv_l2_spifc.o
    0x0002bc60   0x0000002c   Dbug   RW  3410     .debug_pubnames     drv_l2_spifc.o
    0x0002bc8c   0x00000028   Dbug   RW  3413     .debug_pubnames     drv_l2_spifc.o
    0x0002bcb4   0x00000024   Dbug   RW  3416     .debug_pubnames     drv_l2_spifc.o
    0x0002bcd8   0x00000024   Dbug   RW  3419     .debug_pubnames     drv_l2_spifc.o
    0x0002bcfc   0x00000024   Dbug   RW  3422     .debug_pubnames     drv_l2_spifc.o
    0x0002bd20   0x00000024   Dbug   RW  3425     .debug_pubnames     drv_l2_spifc.o
    0x0002bd44   0x0000002c   Dbug   RW  3428     .debug_pubnames     drv_l2_spifc.o
    0x0002bd70   0x00000024   Dbug   RW  3431     .debug_pubnames     drv_l2_spifc.o
    0x0002bd94   0x00000028   Dbug   RW  3434     .debug_pubnames     drv_l2_spifc.o
    0x0002bdbc   0x00000100   Dbug   RW  3438     .debug_pubnames     drv_l2_spifc.o
    0x0002bebc   0x00000024   Dbug   RW  3448     .debug_pubnames     drv_l1_spifc.o
    0x0002bee0   0x00000028   Dbug   RW  3451     .debug_pubnames     drv_l1_spifc.o
    0x0002bf08   0x00000030   Dbug   RW  3454     .debug_pubnames     drv_l1_spifc.o
    0x0002bf38   0x00000030   Dbug   RW  3457     .debug_pubnames     drv_l1_spifc.o
    0x0002bf68   0x00000030   Dbug   RW  3460     .debug_pubnames     drv_l1_spifc.o
    0x0002bf98   0x0000002c   Dbug   RW  3463     .debug_pubnames     drv_l1_spifc.o
    0x0002bfc4   0x00000030   Dbug   RW  3466     .debug_pubnames     drv_l1_spifc.o
    0x0002bff4   0x0000002c   Dbug   RW  3469     .debug_pubnames     drv_l1_spifc.o
    0x0002c020   0x00000024   Dbug   RW  3472     .debug_pubnames     drv_l1_spifc.o
    0x0002c044   0x00000028   Dbug   RW  3475     .debug_pubnames     drv_l1_spifc.o
    0x0002c06c   0x00000020   Dbug   RW  3478     .debug_pubnames     drv_l1_spifc.o
    0x0002c08c   0x000000fc   Dbug   RW  3482     .debug_pubnames     drv_l1_spifc.o
    0x0002c188   0x00000024   Dbug   RW  3488     .debug_pubnames     spi_flash_mxic.o
    0x0002c1ac   0x00000020   Dbug   RW  3491     .debug_pubnames     spi_flash_mxic.o
    0x0002c1cc   0x00000028   Dbug   RW  3494     .debug_pubnames     spi_flash_mxic.o
    0x0002c1f4   0x00000028   Dbug   RW  3497     .debug_pubnames     spi_flash_mxic.o
    0x0002c21c   0x0000002c   Dbug   RW  3500     .debug_pubnames     spi_flash_mxic.o
    0x0002c248   0x00000024   Dbug   RW  3503     .debug_pubnames     spi_flash_mxic.o
    0x0002c26c   0x00000024   Dbug   RW  3506     .debug_pubnames     spi_flash_mxic.o
    0x0002c290   0x0000002c   Dbug   RW  3509     .debug_pubnames     spi_flash_mxic.o
    0x0002c2bc   0x00000098   Dbug   RW  3515     .debug_pubnames     spi_flash_mxic.o
    0x0002c354   0x00000024   Dbug   RW  3529     .debug_pubnames     drv_l2_sensor.o
    0x0002c378   0x00000030   Dbug   RW  3532     .debug_pubnames     drv_l2_sensor.o
    0x0002c3a8   0x00000028   Dbug   RW  3535     .debug_pubnames     drv_l2_sensor.o
    0x0002c3d0   0x00000028   Dbug   RW  3538     .debug_pubnames     drv_l2_sensor.o
    0x0002c3f8   0x00000028   Dbug   RW  3541     .debug_pubnames     drv_l2_sensor.o
    0x0002c420   0x00000024   Dbug   RW  3544     .debug_pubnames     drv_l2_sensor.o
    0x0002c444   0x000000ac   Dbug   RW  3547     .debug_pubnames     drv_l2_sensor.o
    0x0002c4f0   0x000000c8   Dbug   RW  3551     .debug_pubnames     drv_l2_sensor.o
    0x0002c5b8   0x00000030   Dbug   RW  3558     .debug_pubnames     drv_l1_cdsp.o
    0x0002c5e8   0x0000002c   Dbug   RW  3561     .debug_pubnames     drv_l1_cdsp.o
    0x0002c614   0x00000028   Dbug   RW  3564     .debug_pubnames     drv_l1_cdsp.o
    0x0002c63c   0x00000028   Dbug   RW  3567     .debug_pubnames     drv_l1_cdsp.o
    0x0002c664   0x00000028   Dbug   RW  3570     .debug_pubnames     drv_l1_cdsp.o
    0x0002c68c   0x00000024   Dbug   RW  3573     .debug_pubnames     drv_l1_cdsp.o
    0x0002c6b0   0x00000034   Dbug   RW  3576     .debug_pubnames     drv_l1_cdsp.o
    0x0002c6e4   0x00000034   Dbug   RW  3579     .debug_pubnames     drv_l1_cdsp.o
    0x0002c718   0x0000002c   Dbug   RW  3582     .debug_pubnames     drv_l1_cdsp.o
    0x0002c744   0x0000002c   Dbug   RW  3585     .debug_pubnames     drv_l1_cdsp.o
    0x0002c770   0x0000002c   Dbug   RW  3588     .debug_pubnames     drv_l1_cdsp.o
    0x0002c79c   0x00000034   Dbug   RW  3591     .debug_pubnames     drv_l1_cdsp.o
    0x0002c7d0   0x00000024   Dbug   RW  3594     .debug_pubnames     drv_l1_cdsp.o
    0x0002c7f4   0x00000030   Dbug   RW  3597     .debug_pubnames     drv_l1_cdsp.o
    0x0002c824   0x0000002c   Dbug   RW  3600     .debug_pubnames     drv_l1_cdsp.o
    0x0002c850   0x00000028   Dbug   RW  3603     .debug_pubnames     drv_l1_cdsp.o
    0x0002c878   0x0000002c   Dbug   RW  3606     .debug_pubnames     drv_l1_cdsp.o
    0x0002c8a4   0x00000028   Dbug   RW  3609     .debug_pubnames     drv_l1_cdsp.o
    0x0002c8cc   0x0000002c   Dbug   RW  3612     .debug_pubnames     drv_l1_cdsp.o
    0x0002c8f8   0x00000030   Dbug   RW  3615     .debug_pubnames     drv_l1_cdsp.o
    0x0002c928   0x0000002c   Dbug   RW  3618     .debug_pubnames     drv_l1_cdsp.o
    0x0002c954   0x00000028   Dbug   RW  3621     .debug_pubnames     drv_l1_cdsp.o
    0x0002c97c   0x00000030   Dbug   RW  3624     .debug_pubnames     drv_l1_cdsp.o
    0x0002c9ac   0x00000028   Dbug   RW  3627     .debug_pubnames     drv_l1_cdsp.o
    0x0002c9d4   0x00000028   Dbug   RW  3630     .debug_pubnames     drv_l1_cdsp.o
    0x0002c9fc   0x0000002c   Dbug   RW  3633     .debug_pubnames     drv_l1_cdsp.o
    0x0002ca28   0x0000002c   Dbug   RW  3636     .debug_pubnames     drv_l1_cdsp.o
    0x0002ca54   0x0000002c   Dbug   RW  3639     .debug_pubnames     drv_l1_cdsp.o
    0x0002ca80   0x0000002c   Dbug   RW  3642     .debug_pubnames     drv_l1_cdsp.o
    0x0002caac   0x0000002c   Dbug   RW  3645     .debug_pubnames     drv_l1_cdsp.o
    0x0002cad8   0x0000002c   Dbug   RW  3648     .debug_pubnames     drv_l1_cdsp.o
    0x0002cb04   0x00000028   Dbug   RW  3651     .debug_pubnames     drv_l1_cdsp.o
    0x0002cb2c   0x0000002c   Dbug   RW  3654     .debug_pubnames     drv_l1_cdsp.o
    0x0002cb58   0x00000028   Dbug   RW  3657     .debug_pubnames     drv_l1_cdsp.o
    0x0002cb80   0x00000028   Dbug   RW  3660     .debug_pubnames     drv_l1_cdsp.o
    0x0002cba8   0x0000002c   Dbug   RW  3663     .debug_pubnames     drv_l1_cdsp.o
    0x0002cbd4   0x00000030   Dbug   RW  3666     .debug_pubnames     drv_l1_cdsp.o
    0x0002cc04   0x00000030   Dbug   RW  3669     .debug_pubnames     drv_l1_cdsp.o
    0x0002cc34   0x00000028   Dbug   RW  3672     .debug_pubnames     drv_l1_cdsp.o
    0x0002cc5c   0x0000002c   Dbug   RW  3675     .debug_pubnames     drv_l1_cdsp.o
    0x0002cc88   0x00000028   Dbug   RW  3678     .debug_pubnames     drv_l1_cdsp.o
    0x0002ccb0   0x00000028   Dbug   RW  3681     .debug_pubnames     drv_l1_cdsp.o
    0x0002ccd8   0x0000002c   Dbug   RW  3684     .debug_pubnames     drv_l1_cdsp.o
    0x0002cd04   0x0000002c   Dbug   RW  3687     .debug_pubnames     drv_l1_cdsp.o
    0x0002cd30   0x00000028   Dbug   RW  3690     .debug_pubnames     drv_l1_cdsp.o
    0x0002cd58   0x00000028   Dbug   RW  3693     .debug_pubnames     drv_l1_cdsp.o
    0x0002cd80   0x0000002c   Dbug   RW  3696     .debug_pubnames     drv_l1_cdsp.o
    0x0002cdac   0x0000002c   Dbug   RW  3699     .debug_pubnames     drv_l1_cdsp.o
    0x0002cdd8   0x00000024   Dbug   RW  3702     .debug_pubnames     drv_l1_cdsp.o
    0x0002cdfc   0x0000002c   Dbug   RW  3705     .debug_pubnames     drv_l1_cdsp.o
    0x0002ce28   0x0000002c   Dbug   RW  3708     .debug_pubnames     drv_l1_cdsp.o
    0x0002ce54   0x00000028   Dbug   RW  3711     .debug_pubnames     drv_l1_cdsp.o
    0x0002ce7c   0x00000028   Dbug   RW  3714     .debug_pubnames     drv_l1_cdsp.o
    0x0002cea4   0x00000020   Dbug   RW  3717     .debug_pubnames     drv_l1_cdsp.o
    0x0002cec4   0x00000020   Dbug   RW  3720     .debug_pubnames     drv_l1_cdsp.o
    0x0002cee4   0x00000020   Dbug   RW  3723     .debug_pubnames     drv_l1_cdsp.o
    0x0002cf04   0x00000020   Dbug   RW  3726     .debug_pubnames     drv_l1_cdsp.o
    0x0002cf24   0x00000034   Dbug   RW  3729     .debug_pubnames     drv_l1_cdsp.o
    0x0002cf58   0x00000024   Dbug   RW  3732     .debug_pubnames     drv_l1_cdsp.o
    0x0002cf7c   0x00000024   Dbug   RW  3735     .debug_pubnames     drv_l1_cdsp.o
    0x0002cfa0   0x00000024   Dbug   RW  3738     .debug_pubnames     drv_l1_cdsp.o
    0x0002cfc4   0x00000030   Dbug   RW  3741     .debug_pubnames     drv_l1_cdsp.o
    0x0002cff4   0x0000002c   Dbug   RW  3744     .debug_pubnames     drv_l1_cdsp.o
    0x0002d020   0x0000002c   Dbug   RW  3747     .debug_pubnames     drv_l1_cdsp.o
    0x0002d04c   0x0000002c   Dbug   RW  3750     .debug_pubnames     drv_l1_cdsp.o
    0x0002d078   0x0000002c   Dbug   RW  3753     .debug_pubnames     drv_l1_cdsp.o
    0x0002d0a4   0x00000028   Dbug   RW  3756     .debug_pubnames     drv_l1_cdsp.o
    0x0002d0cc   0x00000028   Dbug   RW  3759     .debug_pubnames     drv_l1_cdsp.o
    0x0002d0f4   0x0000002c   Dbug   RW  3762     .debug_pubnames     drv_l1_cdsp.o
    0x0002d120   0x0000002c   Dbug   RW  3765     .debug_pubnames     drv_l1_cdsp.o
    0x0002d14c   0x0000002c   Dbug   RW  3768     .debug_pubnames     drv_l1_cdsp.o
    0x0002d178   0x0000002c   Dbug   RW  3771     .debug_pubnames     drv_l1_cdsp.o
    0x0002d1a4   0x0000002c   Dbug   RW  3774     .debug_pubnames     drv_l1_cdsp.o
    0x0002d1d0   0x00000028   Dbug   RW  3777     .debug_pubnames     drv_l1_cdsp.o
    0x0002d1f8   0x0000002c   Dbug   RW  3780     .debug_pubnames     drv_l1_cdsp.o
    0x0002d224   0x00000030   Dbug   RW  3783     .debug_pubnames     drv_l1_cdsp.o
    0x0002d254   0x00000028   Dbug   RW  3786     .debug_pubnames     drv_l1_cdsp.o
    0x0002d27c   0x0000002c   Dbug   RW  3789     .debug_pubnames     drv_l1_cdsp.o
    0x0002d2a8   0x0000002c   Dbug   RW  3792     .debug_pubnames     drv_l1_cdsp.o
    0x0002d2d4   0x0000002c   Dbug   RW  3795     .debug_pubnames     drv_l1_cdsp.o
    0x0002d300   0x0000002c   Dbug   RW  3798     .debug_pubnames     drv_l1_cdsp.o
    0x0002d32c   0x00000028   Dbug   RW  3801     .debug_pubnames     drv_l1_cdsp.o
    0x0002d354   0x0000002c   Dbug   RW  3804     .debug_pubnames     drv_l1_cdsp.o
    0x0002d380   0x0000002c   Dbug   RW  3807     .debug_pubnames     drv_l1_cdsp.o
    0x0002d3ac   0x00000030   Dbug   RW  3810     .debug_pubnames     drv_l1_cdsp.o
    0x0002d3dc   0x00000030   Dbug   RW  3813     .debug_pubnames     drv_l1_cdsp.o
    0x0002d40c   0x0000002c   Dbug   RW  3816     .debug_pubnames     drv_l1_cdsp.o
    0x0002d438   0x00000030   Dbug   RW  3819     .debug_pubnames     drv_l1_cdsp.o
    0x0002d468   0x0000002c   Dbug   RW  3822     .debug_pubnames     drv_l1_cdsp.o
    0x0002d494   0x0000002c   Dbug   RW  3825     .debug_pubnames     drv_l1_cdsp.o
    0x0002d4c0   0x00000030   Dbug   RW  3828     .debug_pubnames     drv_l1_cdsp.o
    0x0002d4f0   0x0000002c   Dbug   RW  3831     .debug_pubnames     drv_l1_cdsp.o
    0x0002d51c   0x0000002c   Dbug   RW  3834     .debug_pubnames     drv_l1_cdsp.o
    0x0002d548   0x0000002c   Dbug   RW  3837     .debug_pubnames     drv_l1_cdsp.o
    0x0002d574   0x00000030   Dbug   RW  3840     .debug_pubnames     drv_l1_cdsp.o
    0x0002d5a4   0x00000034   Dbug   RW  3843     .debug_pubnames     drv_l1_cdsp.o
    0x0002d5d8   0x00000030   Dbug   RW  3846     .debug_pubnames     drv_l1_cdsp.o
    0x0002d608   0x0000002c   Dbug   RW  3849     .debug_pubnames     drv_l1_cdsp.o
    0x0002d634   0x00000030   Dbug   RW  3852     .debug_pubnames     drv_l1_cdsp.o
    0x0002d664   0x0000002c   Dbug   RW  3855     .debug_pubnames     drv_l1_cdsp.o
    0x0002d690   0x0000002c   Dbug   RW  3858     .debug_pubnames     drv_l1_cdsp.o
    0x0002d6bc   0x0000002c   Dbug   RW  3861     .debug_pubnames     drv_l1_cdsp.o
    0x0002d6e8   0x00000030   Dbug   RW  3864     .debug_pubnames     drv_l1_cdsp.o
    0x0002d718   0x0000002c   Dbug   RW  3867     .debug_pubnames     drv_l1_cdsp.o
    0x0002d744   0x00000028   Dbug   RW  3870     .debug_pubnames     drv_l1_cdsp.o
    0x0002d76c   0x00000028   Dbug   RW  3873     .debug_pubnames     drv_l1_cdsp.o
    0x0002d794   0x00000028   Dbug   RW  3876     .debug_pubnames     drv_l1_cdsp.o
    0x0002d7bc   0x00000028   Dbug   RW  3879     .debug_pubnames     drv_l1_cdsp.o
    0x0002d7e4   0x0000002c   Dbug   RW  3882     .debug_pubnames     drv_l1_cdsp.o
    0x0002d810   0x00000034   Dbug   RW  3885     .debug_pubnames     drv_l1_cdsp.o
    0x0002d844   0x00000028   Dbug   RW  3888     .debug_pubnames     drv_l1_cdsp.o
    0x0002d86c   0x0000002c   Dbug   RW  3891     .debug_pubnames     drv_l1_cdsp.o
    0x0002d898   0x0000002c   Dbug   RW  3894     .debug_pubnames     drv_l1_cdsp.o
    0x0002d8c4   0x00000030   Dbug   RW  3897     .debug_pubnames     drv_l1_cdsp.o
    0x0002d8f4   0x00000034   Dbug   RW  3900     .debug_pubnames     drv_l1_cdsp.o
    0x0002d928   0x00000030   Dbug   RW  3903     .debug_pubnames     drv_l1_cdsp.o
    0x0002d958   0x00000030   Dbug   RW  3906     .debug_pubnames     drv_l1_cdsp.o
    0x0002d988   0x00000028   Dbug   RW  3909     .debug_pubnames     drv_l1_cdsp.o
    0x0002d9b0   0x0000002c   Dbug   RW  3912     .debug_pubnames     drv_l1_cdsp.o
    0x0002d9dc   0x0000002c   Dbug   RW  3915     .debug_pubnames     drv_l1_cdsp.o
    0x0002da08   0x00000030   Dbug   RW  3918     .debug_pubnames     drv_l1_cdsp.o
    0x0002da38   0x00000030   Dbug   RW  3921     .debug_pubnames     drv_l1_cdsp.o
    0x0002da68   0x0000002c   Dbug   RW  3924     .debug_pubnames     drv_l1_cdsp.o
    0x0002da94   0x0000002c   Dbug   RW  3927     .debug_pubnames     drv_l1_cdsp.o
    0x0002dac0   0x0000002c   Dbug   RW  3930     .debug_pubnames     drv_l1_cdsp.o
    0x0002daec   0x00000028   Dbug   RW  3933     .debug_pubnames     drv_l1_cdsp.o
    0x0002db14   0x00000030   Dbug   RW  3936     .debug_pubnames     drv_l1_cdsp.o
    0x0002db44   0x0000002c   Dbug   RW  3939     .debug_pubnames     drv_l1_cdsp.o
    0x0002db70   0x0000002c   Dbug   RW  3942     .debug_pubnames     drv_l1_cdsp.o
    0x0002db9c   0x0000002c   Dbug   RW  3945     .debug_pubnames     drv_l1_cdsp.o
    0x0002dbc8   0x00000028   Dbug   RW  3948     .debug_pubnames     drv_l1_cdsp.o
    0x0002dbf0   0x00000028   Dbug   RW  3951     .debug_pubnames     drv_l1_cdsp.o
    0x0002dc18   0x00000028   Dbug   RW  3954     .debug_pubnames     drv_l1_cdsp.o
    0x0002dc40   0x00000028   Dbug   RW  3957     .debug_pubnames     drv_l1_cdsp.o
    0x0002dc68   0x00000028   Dbug   RW  3960     .debug_pubnames     drv_l1_cdsp.o
    0x0002dc90   0x00000028   Dbug   RW  3963     .debug_pubnames     drv_l1_cdsp.o
    0x0002dcb8   0x00000024   Dbug   RW  3966     .debug_pubnames     drv_l1_cdsp.o
    0x0002dcdc   0x00000028   Dbug   RW  3969     .debug_pubnames     drv_l1_cdsp.o
    0x0002dd04   0x00000028   Dbug   RW  3972     .debug_pubnames     drv_l1_cdsp.o
    0x0002dd2c   0x0000002c   Dbug   RW  3975     .debug_pubnames     drv_l1_cdsp.o
    0x0002dd58   0x0000002c   Dbug   RW  3978     .debug_pubnames     drv_l1_cdsp.o
    0x0002dd84   0x0000002c   Dbug   RW  3981     .debug_pubnames     drv_l1_cdsp.o
    0x0002ddb0   0x00000028   Dbug   RW  3984     .debug_pubnames     drv_l1_cdsp.o
    0x0002ddd8   0x00000028   Dbug   RW  3987     .debug_pubnames     drv_l1_cdsp.o
    0x0002de00   0x00000028   Dbug   RW  3990     .debug_pubnames     drv_l1_cdsp.o
    0x0002de28   0x00000030   Dbug   RW  3993     .debug_pubnames     drv_l1_cdsp.o
    0x0002de58   0x0000002c   Dbug   RW  3996     .debug_pubnames     drv_l1_cdsp.o
    0x0002de84   0x00000028   Dbug   RW  3999     .debug_pubnames     drv_l1_cdsp.o
    0x0002deac   0x0000002c   Dbug   RW  4002     .debug_pubnames     drv_l1_cdsp.o
    0x0002ded8   0x00000028   Dbug   RW  4005     .debug_pubnames     drv_l1_cdsp.o
    0x0002df00   0x0000002c   Dbug   RW  4008     .debug_pubnames     drv_l1_cdsp.o
    0x0002df2c   0x00000028   Dbug   RW  4011     .debug_pubnames     drv_l1_cdsp.o
    0x0002df54   0x00000028   Dbug   RW  4014     .debug_pubnames     drv_l1_cdsp.o
    0x0002df7c   0x00000030   Dbug   RW  4017     .debug_pubnames     drv_l1_cdsp.o
    0x0002dfac   0x0000002c   Dbug   RW  4020     .debug_pubnames     drv_l1_cdsp.o
    0x0002dfd8   0x00000028   Dbug   RW  4023     .debug_pubnames     drv_l1_cdsp.o
    0x0002e000   0x00000028   Dbug   RW  4026     .debug_pubnames     drv_l1_cdsp.o
    0x0002e028   0x0000002c   Dbug   RW  4029     .debug_pubnames     drv_l1_cdsp.o
    0x0002e054   0x0000002c   Dbug   RW  4032     .debug_pubnames     drv_l1_cdsp.o
    0x0002e080   0x0000002c   Dbug   RW  4035     .debug_pubnames     drv_l1_cdsp.o
    0x0002e0ac   0x0000002c   Dbug   RW  4038     .debug_pubnames     drv_l1_cdsp.o
    0x0002e0d8   0x00000028   Dbug   RW  4041     .debug_pubnames     drv_l1_cdsp.o
    0x0002e100   0x0000002c   Dbug   RW  4044     .debug_pubnames     drv_l1_cdsp.o
    0x0002e12c   0x0000002c   Dbug   RW  4047     .debug_pubnames     drv_l1_cdsp.o
    0x0002e158   0x00000030   Dbug   RW  4050     .debug_pubnames     drv_l1_cdsp.o
    0x0002e188   0x0000002c   Dbug   RW  4053     .debug_pubnames     drv_l1_cdsp.o
    0x0002e1b4   0x00000028   Dbug   RW  4056     .debug_pubnames     drv_l1_cdsp.o
    0x0002e1dc   0x00000024   Dbug   RW  4059     .debug_pubnames     drv_l1_cdsp.o
    0x0002e200   0x00000034   Dbug   RW  4062     .debug_pubnames     drv_l1_cdsp.o
    0x0002e234   0x0000002c   Dbug   RW  4065     .debug_pubnames     drv_l1_cdsp.o
    0x0002e260   0x00000030   Dbug   RW  4068     .debug_pubnames     drv_l1_cdsp.o
    0x0002e290   0x0000002c   Dbug   RW  4071     .debug_pubnames     drv_l1_cdsp.o
    0x0002e2bc   0x0000002c   Dbug   RW  4074     .debug_pubnames     drv_l1_cdsp.o
    0x0002e2e8   0x0000002c   Dbug   RW  4077     .debug_pubnames     drv_l1_cdsp.o
    0x0002e314   0x0000002c   Dbug   RW  4080     .debug_pubnames     drv_l1_cdsp.o
    0x0002e340   0x0000002c   Dbug   RW  4083     .debug_pubnames     drv_l1_cdsp.o
    0x0002e36c   0x0000002c   Dbug   RW  4086     .debug_pubnames     drv_l1_cdsp.o
    0x0002e398   0x0000002c   Dbug   RW  4089     .debug_pubnames     drv_l1_cdsp.o
    0x0002e3c4   0x0000002c   Dbug   RW  4092     .debug_pubnames     drv_l1_cdsp.o
    0x0002e3f0   0x00000030   Dbug   RW  4095     .debug_pubnames     drv_l1_cdsp.o
    0x0002e420   0x00000030   Dbug   RW  4098     .debug_pubnames     drv_l1_cdsp.o
    0x0002e450   0x00000038   Dbug   RW  4101     .debug_pubnames     drv_l1_cdsp.o
    0x0002e488   0x00000030   Dbug   RW  4104     .debug_pubnames     drv_l1_cdsp.o
    0x0002e4b8   0x0000002c   Dbug   RW  4107     .debug_pubnames     drv_l1_cdsp.o
    0x0002e4e4   0x0000002c   Dbug   RW  4110     .debug_pubnames     drv_l1_cdsp.o
    0x0002e510   0x00000030   Dbug   RW  4113     .debug_pubnames     drv_l1_cdsp.o
    0x0002e540   0x00000030   Dbug   RW  4116     .debug_pubnames     drv_l1_cdsp.o
    0x0002e570   0x00000030   Dbug   RW  4119     .debug_pubnames     drv_l1_cdsp.o
    0x0002e5a0   0x00000030   Dbug   RW  4122     .debug_pubnames     drv_l1_cdsp.o
    0x0002e5d0   0x0000002c   Dbug   RW  4125     .debug_pubnames     drv_l1_cdsp.o
    0x0002e5fc   0x00000030   Dbug   RW  4128     .debug_pubnames     drv_l1_cdsp.o
    0x0002e62c   0x0000002c   Dbug   RW  4131     .debug_pubnames     drv_l1_cdsp.o
    0x0002e658   0x00000020   Dbug   RW  4134     .debug_pubnames     drv_l1_cdsp.o
    0x0002e678   0x00000028   Dbug   RW  4137     .debug_pubnames     drv_l1_cdsp.o
    0x0002e6a0   0x00000028   Dbug   RW  4140     .debug_pubnames     drv_l1_cdsp.o
    0x0002e6c8   0x0000010c   Dbug   RW  4143     .debug_pubnames     drv_l1_cdsp.o
    0x0002e7d4   0x0000130c   Dbug   RW  4147     .debug_pubnames     drv_l1_cdsp.o
    0x0002fae0   0x00000024   Dbug   RW  4155     .debug_pubnames     drv_l1_front.o
    0x0002fb04   0x0000002c   Dbug   RW  4158     .debug_pubnames     drv_l1_front.o
    0x0002fb30   0x0000002c   Dbug   RW  4161     .debug_pubnames     drv_l1_front.o
    0x0002fb5c   0x0000002c   Dbug   RW  4164     .debug_pubnames     drv_l1_front.o
    0x0002fb88   0x00000030   Dbug   RW  4167     .debug_pubnames     drv_l1_front.o
    0x0002fbb8   0x00000030   Dbug   RW  4170     .debug_pubnames     drv_l1_front.o
    0x0002fbe8   0x00000030   Dbug   RW  4173     .debug_pubnames     drv_l1_front.o
    0x0002fc18   0x00000028   Dbug   RW  4176     .debug_pubnames     drv_l1_front.o
    0x0002fc40   0x00000028   Dbug   RW  4179     .debug_pubnames     drv_l1_front.o
    0x0002fc68   0x0000002c   Dbug   RW  4182     .debug_pubnames     drv_l1_front.o
    0x0002fc94   0x00000028   Dbug   RW  4185     .debug_pubnames     drv_l1_front.o
    0x0002fcbc   0x0000002c   Dbug   RW  4188     .debug_pubnames     drv_l1_front.o
    0x0002fce8   0x00000028   Dbug   RW  4191     .debug_pubnames     drv_l1_front.o
    0x0002fd10   0x0000002c   Dbug   RW  4194     .debug_pubnames     drv_l1_front.o
    0x0002fd3c   0x00000028   Dbug   RW  4197     .debug_pubnames     drv_l1_front.o
    0x0002fd64   0x00000028   Dbug   RW  4200     .debug_pubnames     drv_l1_front.o
    0x0002fd8c   0x0000002c   Dbug   RW  4203     .debug_pubnames     drv_l1_front.o
    0x0002fdb8   0x00000028   Dbug   RW  4206     .debug_pubnames     drv_l1_front.o
    0x0002fde0   0x0000002c   Dbug   RW  4209     .debug_pubnames     drv_l1_front.o
    0x0002fe0c   0x0000002c   Dbug   RW  4212     .debug_pubnames     drv_l1_front.o
    0x0002fe38   0x00000030   Dbug   RW  4215     .debug_pubnames     drv_l1_front.o
    0x0002fe68   0x00000030   Dbug   RW  4218     .debug_pubnames     drv_l1_front.o
    0x0002fe98   0x0000002c   Dbug   RW  4221     .debug_pubnames     drv_l1_front.o
    0x0002fec4   0x00000030   Dbug   RW  4224     .debug_pubnames     drv_l1_front.o
    0x0002fef4   0x00000030   Dbug   RW  4227     .debug_pubnames     drv_l1_front.o
    0x0002ff24   0x00000294   Dbug   RW  4233     .debug_pubnames     drv_l1_front.o
    0x000301b8   0x000001ac   Dbug   RW  4238     .debug_pubnames     drv_l1_front.o
    0x00030364   0x00000028   Dbug   RW  4244     .debug_pubnames     drv_l2_cdsp.o
    0x0003038c   0x0000002c   Dbug   RW  4247     .debug_pubnames     drv_l2_cdsp.o
    0x000303b8   0x0000002c   Dbug   RW  4250     .debug_pubnames     drv_l2_cdsp.o
    0x000303e4   0x00000028   Dbug   RW  4253     .debug_pubnames     drv_l2_cdsp.o
    0x0003040c   0x00000028   Dbug   RW  4256     .debug_pubnames     drv_l2_cdsp.o
    0x00030434   0x00000028   Dbug   RW  4259     .debug_pubnames     drv_l2_cdsp.o
    0x0003045c   0x0000002c   Dbug   RW  4262     .debug_pubnames     drv_l2_cdsp.o
    0x00030488   0x0000002c   Dbug   RW  4265     .debug_pubnames     drv_l2_cdsp.o
    0x000304b4   0x0000002c   Dbug   RW  4268     .debug_pubnames     drv_l2_cdsp.o
    0x000304e0   0x00000028   Dbug   RW  4271     .debug_pubnames     drv_l2_cdsp.o
    0x00030508   0x0000002c   Dbug   RW  4274     .debug_pubnames     drv_l2_cdsp.o
    0x00030534   0x00000038   Dbug   RW  4277     .debug_pubnames     drv_l2_cdsp.o
    0x0003056c   0x00000024   Dbug   RW  4280     .debug_pubnames     drv_l2_cdsp.o
    0x00030590   0x0000002c   Dbug   RW  4283     .debug_pubnames     drv_l2_cdsp.o
    0x000305bc   0x0000002c   Dbug   RW  4286     .debug_pubnames     drv_l2_cdsp.o
    0x000305e8   0x0000002c   Dbug   RW  4289     .debug_pubnames     drv_l2_cdsp.o
    0x00030614   0x00000024   Dbug   RW  4292     .debug_pubnames     drv_l2_cdsp.o
    0x00030638   0x00000028   Dbug   RW  4295     .debug_pubnames     drv_l2_cdsp.o
    0x00030660   0x0000002c   Dbug   RW  4298     .debug_pubnames     drv_l2_cdsp.o
    0x0003068c   0x00000028   Dbug   RW  4301     .debug_pubnames     drv_l2_cdsp.o
    0x000306b4   0x00000030   Dbug   RW  4304     .debug_pubnames     drv_l2_cdsp.o
    0x000306e4   0x00000024   Dbug   RW  4307     .debug_pubnames     drv_l2_cdsp.o
    0x00030708   0x00000030   Dbug   RW  4310     .debug_pubnames     drv_l2_cdsp.o
    0x00030738   0x00000208   Dbug   RW  4313     .debug_pubnames     drv_l2_cdsp.o
    0x00030940   0x00000478   Dbug   RW  4317     .debug_pubnames     drv_l2_cdsp.o
    0x00030db8   0x00000070   Dbug   RW  4336     .debug_pubnames     sensor_isp_table.o
    0x00030e28   0x00000020   Dbug   RW  4349     .debug_pubnames     drv_l1_gsensor.o
    0x00030e48   0x00000020   Dbug   RW  4352     .debug_pubnames     drv_l1_gsensor.o
    0x00030e68   0x00000020   Dbug   RW  4355     .debug_pubnames     drv_l1_gsensor.o
    0x00030e88   0x00000024   Dbug   RW  4358     .debug_pubnames     drv_l1_gsensor.o
    0x00030eac   0x00000028   Dbug   RW  4361     .debug_pubnames     drv_l1_gsensor.o
    0x00030ed4   0x00000024   Dbug   RW  4364     .debug_pubnames     drv_l1_gsensor.o
    0x00030ef8   0x00000028   Dbug   RW  4367     .debug_pubnames     drv_l1_gsensor.o
    0x00030f20   0x00000024   Dbug   RW  4370     .debug_pubnames     drv_l1_gsensor.o
    0x00030f44   0x00000024   Dbug   RW  4373     .debug_pubnames     drv_l1_gsensor.o
    0x00030f68   0x00000038   Dbug   RW  4376     .debug_pubnames     drv_l1_gsensor.o
    0x00030fa0   0x00000038   Dbug   RW  4379     .debug_pubnames     drv_l1_gsensor.o
    0x00030fd8   0x00000030   Dbug   RW  4382     .debug_pubnames     drv_l1_gsensor.o
    0x00031008   0x00000030   Dbug   RW  4385     .debug_pubnames     drv_l1_gsensor.o
    0x00031038   0x00000030   Dbug   RW  4388     .debug_pubnames     drv_l1_gsensor.o
    0x00031068   0x0000003c   Dbug   RW  4391     .debug_pubnames     drv_l1_gsensor.o
    0x000310a4   0x00000024   Dbug   RW  4394     .debug_pubnames     drv_l1_gsensor.o
    0x000310c8   0x00000030   Dbug   RW  4397     .debug_pubnames     drv_l1_gsensor.o
    0x000310f8   0x0000002c   Dbug   RW  4400     .debug_pubnames     drv_l1_gsensor.o
    0x00031124   0x0000002c   Dbug   RW  4403     .debug_pubnames     drv_l1_gsensor.o
    0x00031150   0x00000038   Dbug   RW  4406     .debug_pubnames     drv_l1_gsensor.o
    0x00031188   0x00000274   Dbug   RW  4410     .debug_pubnames     drv_l1_gsensor.o
    0x000313fc   0x00000020   Dbug   RW  4427     .debug_pubnames     spi_flash_disk.o
    0x0003141c   0x00000034   Dbug   RW  4430     .debug_pubnames     spi_flash_disk.o
    0x00031450   0x0000007c   Dbug   RW  4437     .debug_pubnames     spi_flash_disk.o
    0x000314cc   0x0000001c   Dbug   RW  4441     .debug_pubnames     spi_flash_disk.o
    0x000314e8   0x0000001c   Dbug   RW  4445     .debug_pubnames     spi_flash_disk.o
    0x00031504   0x0000002c   Dbug   RW  4449     .debug_pubnames     spi_flash_disk.o
    0x00031530   0x00000068   Dbug   RW  4457     .debug_pubnames     spi_flash_disk.o
    0x00031598   0x0000009c   Dbug   RW  4461     .debug_pubnames     spi_flash_disk.o
    0x00031634   0x00000020   Dbug   RW  4465     .debug_pubnames     spi_flash_disk.o
    0x00031654   0x00000030   Dbug   RW  4496     .debug_pubnames     drv_struct.o
    0x00031684   0x00000030   Dbug   RW  4502     .debug_pubnames     fs_drv_manager.o
    0x000316b4   0x00000034   Dbug   RW  4505     .debug_pubnames     fs_drv_manager.o
    0x000316e8   0x00000034   Dbug   RW  4508     .debug_pubnames     fs_drv_manager.o
    0x0003171c   0x00000030   Dbug   RW  4511     .debug_pubnames     fs_drv_manager.o
    0x0003174c   0x00000030   Dbug   RW  4514     .debug_pubnames     fs_drv_manager.o
    0x0003177c   0x00000034   Dbug   RW  4517     .debug_pubnames     fs_drv_manager.o
    0x000317b0   0x00000048   Dbug   RW  4520     .debug_pubnames     fs_drv_manager.o
    0x000317f8   0x000000cc   Dbug   RW  4524     .debug_pubnames     fs_drv_manager.o
    0x000318c4   0x00000034   Dbug   RW  4532     .debug_pubnames     sd.o
    0x000318f8   0x0000002c   Dbug   RW  4535     .debug_pubnames     sd.o
    0x00031924   0x0000002c   Dbug   RW  4538     .debug_pubnames     sd.o
    0x00031950   0x00000024   Dbug   RW  4541     .debug_pubnames     sd.o
    0x00031974   0x00000024   Dbug   RW  4544     .debug_pubnames     sd.o
    0x00031998   0x00000024   Dbug   RW  4547     .debug_pubnames     sd.o
    0x000319bc   0x00000024   Dbug   RW  4550     .debug_pubnames     sd.o
    0x000319e0   0x00000028   Dbug   RW  4553     .debug_pubnames     sd.o
    0x00031a08   0x00000020   Dbug   RW  4556     .debug_pubnames     sd.o
    0x00031a28   0x00000024   Dbug   RW  4559     .debug_pubnames     sd.o
    0x00031a4c   0x00000028   Dbug   RW  4562     .debug_pubnames     sd.o
    0x00031a74   0x00000024   Dbug   RW  4565     .debug_pubnames     sd.o
    0x00031a98   0x000000d8   Dbug   RW  4568     .debug_pubnames     sd.o
    0x00031b70   0x00000150   Dbug   RW  4572     .debug_pubnames     sd.o
    0x00031cc0   0x00000024   Dbug   RW  4598     .debug_pubnames     fs_os.o
    0x00031ce4   0x00000024   Dbug   RW  4601     .debug_pubnames     fs_os.o
    0x00031d08   0x00000024   Dbug   RW  4604     .debug_pubnames     fs_os.o
    0x00031d2c   0x00000024   Dbug   RW  4607     .debug_pubnames     fs_os.o
    0x00031d50   0x0000002c   Dbug   RW  4610     .debug_pubnames     fs_os.o
    0x00031d7c   0x0000002c   Dbug   RW  4613     .debug_pubnames     fs_os.o
    0x00031da8   0x00000024   Dbug   RW  4616     .debug_pubnames     fs_os.o
    0x00031dcc   0x00000024   Dbug   RW  4619     .debug_pubnames     fs_os.o
    0x00031df0   0x000000a8   Dbug   RW  4625     .debug_pubnames     fs_os.o
    0x00031e98   0x00000344   Dbug   RW  4629     .debug_pubnames     fs_os.o
    0x000321dc   0x00000110   Dbug   RW  4650     .debug_pubnames     fsglobalvar.o
    0x000322ec   0x00000344   Dbug   RW  4653     .debug_pubnames     fsglobalvar.o
    0x00032630   0x00000020   Dbug   RW  4657     .debug_pubnames     swap_byte.o
    0x00032650   0x00000020   Dbug   RW  4660     .debug_pubnames     swap_byte.o
    0x00032670   0x00000020   Dbug   RW  4663     .debug_pubnames     swap_byte.o
    0x00032690   0x00000020   Dbug   RW  4666     .debug_pubnames     swap_byte.o
    0x000326b0   0x00000028   Dbug   RW  4669     .debug_pubnames     swap_byte.o
    0x000326d8   0x00000058   Dbug   RW  4675     .debug_pubnames     swap_byte.o
    0x00032730   0x0000002c   Dbug   RW  4688     .debug_pubnames     sensor_gc1004.o
    0x0003275c   0x00000034   Dbug   RW  4691     .debug_pubnames     sensor_gc1004.o
    0x00032790   0x00000030   Dbug   RW  4694     .debug_pubnames     sensor_gc1004.o
    0x000327c0   0x00000030   Dbug   RW  4697     .debug_pubnames     sensor_gc1004.o
    0x000327f0   0x00000030   Dbug   RW  4700     .debug_pubnames     sensor_gc1004.o
    0x00032820   0x0000002c   Dbug   RW  4703     .debug_pubnames     sensor_gc1004.o
    0x0003284c   0x00000034   Dbug   RW  4706     .debug_pubnames     sensor_gc1004.o
    0x00032880   0x00000030   Dbug   RW  4709     .debug_pubnames     sensor_gc1004.o
    0x000328b0   0x00000028   Dbug   RW  4712     .debug_pubnames     sensor_gc1004.o
    0x000328d8   0x00000030   Dbug   RW  4715     .debug_pubnames     sensor_gc1004.o
    0x00032908   0x00000030   Dbug   RW  4718     .debug_pubnames     sensor_gc1004.o
    0x00032938   0x00000024   Dbug   RW  4721     .debug_pubnames     sensor_gc1004.o
    0x0003295c   0x000000c0   Dbug   RW  4724     .debug_pubnames     sensor_gc1004.o
    0x00032a1c   0x000001c8   Dbug   RW  4728     .debug_pubnames     sensor_gc1004.o
    0x00032be4   0x00000224   Dbug   RW  4733     .debug_pubnames     sensor_gc1004.o
    0x00032e08   0x00000024   Dbug   RW  4739     .debug_pubnames     drv_l1_ext_mode.o
    0x00032e2c   0x00000030   Dbug   RW  4742     .debug_pubnames     drv_l1_ext_mode.o
    0x00032e5c   0x00000028   Dbug   RW  4745     .debug_pubnames     drv_l1_ext_mode.o
    0x00032e84   0x00000028   Dbug   RW  4748     .debug_pubnames     drv_l1_ext_mode.o
    0x00032eac   0x00000028   Dbug   RW  4751     .debug_pubnames     drv_l1_ext_mode.o
    0x00032ed4   0x0000007c   Dbug   RW  4755     .debug_pubnames     drv_l1_ext_mode.o
    0x00032f50   0x00001314   Dbug   RW  4759     .debug_pubnames     drv_l1_ext_mode.o
    0x00034264   0x00000030   Dbug   RW  4765     .debug_pubnames     drv_l2_sd.o
    0x00034294   0x00000030   Dbug   RW  4768     .debug_pubnames     drv_l2_sd.o
    0x000342c4   0x00000030   Dbug   RW  4771     .debug_pubnames     drv_l2_sd.o
    0x000342f4   0x00000030   Dbug   RW  4774     .debug_pubnames     drv_l2_sd.o
    0x00034324   0x00000030   Dbug   RW  4777     .debug_pubnames     drv_l2_sd.o
    0x00034354   0x00000034   Dbug   RW  4780     .debug_pubnames     drv_l2_sd.o
    0x00034388   0x00000034   Dbug   RW  4783     .debug_pubnames     drv_l2_sd.o
    0x000343bc   0x00000034   Dbug   RW  4786     .debug_pubnames     drv_l2_sd.o
    0x000343f0   0x00000038   Dbug   RW  4789     .debug_pubnames     drv_l2_sd.o
    0x00034428   0x0000002c   Dbug   RW  4792     .debug_pubnames     drv_l2_sd.o
    0x00034454   0x0000002c   Dbug   RW  4795     .debug_pubnames     drv_l2_sd.o
    0x00034480   0x0000002c   Dbug   RW  4798     .debug_pubnames     drv_l2_sd.o
    0x000344ac   0x0000002c   Dbug   RW  4801     .debug_pubnames     drv_l2_sd.o
    0x000344d8   0x0000002c   Dbug   RW  4804     .debug_pubnames     drv_l2_sd.o
    0x00034504   0x0000002c   Dbug   RW  4807     .debug_pubnames     drv_l2_sd.o
    0x00034530   0x0000002c   Dbug   RW  4810     .debug_pubnames     drv_l2_sd.o
    0x0003455c   0x00000030   Dbug   RW  4813     .debug_pubnames     drv_l2_sd.o
    0x0003458c   0x00000128   Dbug   RW  4816     .debug_pubnames     drv_l2_sd.o
    0x000346b4   0x0000027c   Dbug   RW  4820     .debug_pubnames     drv_l2_sd.o
    0x00034930   0x00000028   Dbug   RW  4845     .debug_pubnames     video_codec_dynamic_jpeg_Q.o
    0x00034958   0x00000038   Dbug   RW  4853     .debug_pubnames     ap_jh_message.o
    0x00034990   0x00000034   Dbug   RW  4856     .debug_pubnames     ap_jh_message.o
    0x000349c4   0x00000030   Dbug   RW  4859     .debug_pubnames     ap_jh_message.o
    0x000349f4   0x00000060   Dbug   RW  4862     .debug_pubnames     ap_jh_message.o
    0x00034a54   0x00000044   Dbug   RW  4866     .debug_pubnames     ap_jh_message.o


================================================================================

Image component sizes


      Code    RO Data    RW Data    ZI Data      Debug   

    123292      10329       1566      41049    1249940   Object Totals
    151096       6111        809      27397      39284   Library Totals

================================================================================


      Code    RO Data    RW Data    ZI Data      Debug   

    274388      16440       2375      68446    1289224   Grand Totals

================================================================================

    Total RO  Size(Code + RO Data)               290828 ( 284.01kB)
    Total RW  Size(RW Data + ZI Data)             70821 (  69.16kB)
    Total ROM Size(Code + RO Data + RW Data)     293203 ( 286.33kB)

================================================================================

