
================================================================================

Memory Map of the image

  Image Entry point : 0x00000000

  Load Region ROM_LOAD (Base: 0x00000000, Size: 0x00048a28, Max: 0x00800000, ABSOLUTE)

    Execution Region ROM1 (Base: 0x00000000, Size: 0x00046390, Max: 0x00800000, ABSOLUTE)

    Base Addr    Size         Type   Attr  Idx  E Section Name        Object

    0x00000000   0x000002c8   Code   RO  1223   * StartUp             startup.o
    0x000002c8   0x00000130   Code   RO     1     .text               arm.o
    0x000003f8   0x00000760   Code   RO   109     .text               drv_l1_adc.o
    0x00000b58   0x0000055c   Code   RO   215     .text               drv_l1_cache.o
    0x000010b4   0x000015e8   Code   RO   271     .text               drv_l1_dma.o
    0x0000269c   0x000001f4   Code   RO   324     .text               drv_l1_ext_int.o
    0x00002890   0x00000390   Code   RO   353     .text               drv_l1_gpio.o
    0x00002c20   0x00000144   Code   RO   396     .text               drv_l1_init.o
    0x00002d64   0x00000368   Code   RO   441     .text               drv_l1_interrupt.o
    0x000030cc   0x00000288   Code   RO   494     .text               drv_l1_mic.o
    0x00003354   0x0000103c   Code   RO   542     .text               drv_l1_rtc.o
    0x00004390   0x00000634   Code   RO   619     .text               drv_l1_spi.o
    0x000049c4   0x0000023c   Code   RO   676     .text               drv_l1_sw_timer.o
    0x00004c00   0x00000024   Code   RO   709     .text               drv_l1_sw_timer_isr.o
    0x00004c24   0x00000158   Code   RO   723     .text               drv_l1_system.o
    0x00004d7c   0x00000fec   Code   RO   945     .text               drv_l1_timer.o
    0x00005d68   0x000006d8   Code   RO  1035     .text               drv_l1_uart.o
    0x00006440   0x00000068   Code   RO  1130     .text               drv_l1_watchdog.o
    0x000064a8   0x000002c0   Code   RO  1167     .text               gp_stdlib.o
    0x00006768   0x00000150   Code   RO  1203     .text               main.o
    0x000068b8   0x000005d4   Code   RO  1230     .text               system_timer.o
    0x00006e8c   0x00000004   Code   RO  1263     .text               driver_l2_init.o
    0x00006e90   0x000002ec   Code   RO  1330     .text               gplib_mm_gplus.o
    0x0000717c   0x000005a4   Code   RO  1375     .text               gplib_calendar.o
    0x00007720   0x00000010   Code   RO  1416     .text               gplib_init.o
    0x00007730   0x000000a4   Code   RO  1428     .text               gplib_print_string.o
    0x000077d4   0x00000ae8   Code   RO  1456     .text               nvram.o
    0x000082bc   0x000000f8   Code   RO  1521     .text               task_state_handling.o
    0x000083b4   0x000003b8   Code   RO  1550     .text               task_peripheral_handling.o
    0x0000876c   0x00000370   Code   RO  1588     .text               msg_manager.o
    0x00008adc   0x0000046c   Code   RO  1630     .text               video_codec_callback.o
    0x00008f48   0x00000400   Code   RO  1680     .text               video_encoder.o
    0x00009348   0x00000520   Code   RO  1743     .text               state_usb.o
    0x00009868   0x000000bc   Code   RO  1809     .text               state_startup.o
    0x00009924   0x00000018   Code   RO  1836     .text               ap_startup.o
    0x0000993c   0x0000086c   Code   RO  1854     .text               ap_video_preview.o
    0x0000a1a8   0x0000070c   Code   RO  1900     .text               state_video_preview.o
    0x0000a8b4   0x000013a4   Code   RO  1927     .text               ap_peripheral_handling.o
    0x0000bc58   0x00001ff0   Code   RO  2024     .text               ap_storage_service.o
    0x0000dc48   0x00000220   Code   RO  2092     .text               task_storage_service.o
    0x0000de68   0x00000694   Code   RO  2115     .text               ap_state_handling.o
    0x0000e4fc   0x00000958   Code   RO  2194     .text               ap_video_record.o
    0x0000ee54   0x000008fc   Code   RO  2252     .text               state_video_record.o
    0x0000f750   0x000004f0   Code   RO  2374     .text               drv_l1_sensor.o
    0x0000fc40   0x00000420   Code   RO  2441     .text               ap_display.o
    0x00010060   0x000009f8   Code   RO  2610     .text               ap_state_config.o
    0x00010a58   0x00000be8   Code   RO  2873     .text               ap_state_resource.o
    0x00011640   0x00000030   Code   RO  3001     .text               drv_l1_dac.o
    0x00011670   0x0000078c   Code   RO  3138     .text               ap_usb.o
    0x00011dfc   0x00001ea4   Code   RO  3348     .text               my_video_codec_callback.o
    0x00013ca0   0x00000308   Code   RO  3543     .text               drv_l2_sensor.o
    0x00013fa8   0x00002a14   Code   RO  3569     .text               drv_l1_cdsp.o
    0x000169bc   0x0000058c   Code   RO  4159     .text               drv_l1_front.o
[...]
    0x00003520   0x00000028   Dbug   RW   356     .debug_pubnames     drv_l1_gpio.o
    0x00003548   0x0000002c   Dbug   RW   359     .debug_pubnames     drv_l1_gpio.o
    0x00003574   0x00000020   Dbug   RW   362     .debug_pubnames     drv_l1_gpio.o
    0x00003594   0x00000024   Dbug   RW   365     .debug_pubnames     drv_l1_gpio.o
    0x000035b8   0x00000024   Dbug   RW   368     .debug_pubnames     drv_l1_gpio.o
    0x000035dc   0x00000024   Dbug   RW   371     .debug_pubnames     drv_l1_gpio.o
    0x00003600   0x00000030   Dbug   RW   374     .debug_pubnames     drv_l1_gpio.o
    0x00003630   0x00000024   Dbug   RW   377     .debug_pubnames     drv_l1_gpio.o
    0x00003654   0x00000028   Dbug   RW   380     .debug_pubnames     drv_l1_gpio.o
    0x0000367c   0x00000104   Dbug   RW   386     .debug_pubnames     drv_l1_gpio.o
    0x00003780   0x00000024   Dbug   RW   402     .debug_pubnames     drv_l1_init.o
    0x000037a4   0x0000015c   Dbug   RW   410     .debug_pubnames     drv_l1_init.o
    0x00003900   0x00000284   Dbug   RW   417     .debug_pubnames     drv_l1_init.o
    0x00003b84   0x000007e0   Dbug   RW   421     .debug_pubnames     drv_l1_init.o
    0x00004364   0x00000344   Dbug   RW   431     .debug_pubnames     drv_l1_init.o
    0x000046a8   0x000001a0   Dbug   RW   435     .debug_pubnames     drv_l1_init.o
    0x00004848   0x000000dc   Dbug   RW   439     .debug_pubnames     drv_l1_init.o
    0x00004924   0x0000002c   Dbug   RW   445     .debug_pubnames     drv_l1_interrupt.o
    0x00004950   0x00000030   Dbug   RW   448     .debug_pubnames     drv_l1_interrupt.o
    0x00004980   0x00000028   Dbug   RW   451     .debug_pubnames     drv_l1_interrupt.o
    0x000049a8   0x0000002c   Dbug   RW   454     .debug_pubnames     drv_l1_interrupt.o
    0x000049d4   0x00000028   Dbug   RW   457     .debug_pubnames     drv_l1_interrupt.o
    0x000049fc   0x00000028   Dbug   RW   460     .debug_pubnames     drv_l1_interrupt.o
    0x00004a24   0x00000028   Dbug   RW   463     .debug_pubnames     drv_l1_interrupt.o
    0x00004a4c   0x0000002c   Dbug   RW   466     .debug_pubnames     drv_l1_interrupt.o
    0x00004a78   0x00000028   Dbug   RW   469     .debug_pubnames     drv_l1_interrupt.o
    0x00004aa0   0x00000028   Dbug   RW   472     .debug_pubnames     drv_l1_interrupt.o
    0x00004ac8   0x00000028   Dbug   RW   475     .debug_pubnames     drv_l1_interrupt.o
    0x00004af0   0x00000028   Dbug   RW   478     .debug_pubnames     drv_l1_interrupt.o
    0x00004b18   0x00000020   Dbug   RW   481     .debug_pubnames     drv_l1_interrupt.o
    0x00004b38   0x0000002c   Dbug   RW   484     .debug_pubnames     drv_l1_interrupt.o
    0x00004b64   0x00000120   Dbug   RW   488     .debug_pubnames     drv_l1_interrupt.o
    0x00004c84   0x00000020   Dbug   RW   498     .debug_pubnames     drv_l1_mic.o
    0x00004ca4   0x00000028   Dbug   RW   501     .debug_pubnames     drv_l1_mic.o
    0x00004ccc   0x0000002c   Dbug   RW   504     .debug_pubnames     drv_l1_mic.o
    0x00004cf8   0x00000028   Dbug   RW   507     .debug_pubnames     drv_l1_mic.o
    0x00004d20   0x0000002c   Dbug   RW   510     .debug_pubnames     drv_l1_mic.o
    0x00004d4c   0x0000002c   Dbug   RW   513     .debug_pubnames     drv_l1_mic.o
    0x00004d78   0x0000002c   Dbug   RW   516     .debug_pubnames     drv_l1_mic.o
    0x00004da4   0x00000028   Dbug   RW   519     .debug_pubnames     drv_l1_mic.o
    0x00004dcc   0x0000002c   Dbug   RW   522     .debug_pubnames     drv_l1_mic.o
    0x00004df8   0x0000002c   Dbug   RW   525     .debug_pubnames     drv_l1_mic.o
    0x00004e24   0x0000002c   Dbug   RW   528     .debug_pubnames     drv_l1_mic.o
    0x00004e50   0x00000028   Dbug   RW   531     .debug_pubnames     drv_l1_mic.o
    0x00004e78   0x0000011c   Dbug   RW   537     .debug_pubnames     drv_l1_mic.o
    0x00004f94   0x0000002c   Dbug   RW   541     .debug_pubnames     drv_l1_mic.o
    0x00004fc0   0x00000024   Dbug   RW   546     .debug_pubnames     drv_l1_rtc.o
    0x00004fe4   0x00000024   Dbug   RW   549     .debug_pubnames     drv_l1_rtc.o
    0x00005008   0x0000002c   Dbug   RW   552     .debug_pubnames     drv_l1_rtc.o
    0x00005034   0x0000002c   Dbug   RW   555     .debug_pubnames     drv_l1_rtc.o
    0x00005060   0x00000020   Dbug   RW   558     .debug_pubnames     drv_l1_rtc.o
    0x00005080   0x00000024   Dbug   RW   561     .debug_pubnames     drv_l1_rtc.o
    0x000050a4   0x00000024   Dbug   RW   564     .debug_pubnames     drv_l1_rtc.o
    0x000050c8   0x00000024   Dbug   RW   567     .debug_pubnames     drv_l1_rtc.o
    0x000050ec   0x00000024   Dbug   RW   570     .debug_pubnames     drv_l1_rtc.o
    0x00005110   0x00000024   Dbug   RW   573     .debug_pubnames     drv_l1_rtc.o
    0x00005134   0x00000024   Dbug   RW   576     .debug_pubnames     drv_l1_rtc.o
    0x00005158   0x0000002c   Dbug   RW   579     .debug_pubnames     drv_l1_rtc.o
    0x00005184   0x0000002c   Dbug   RW   582     .debug_pubnames     drv_l1_rtc.o
    0x000051b0   0x00000028   Dbug   RW   585     .debug_pubnames     drv_l1_rtc.o
    0x000051d8   0x0000002c   Dbug   RW   588     .debug_pubnames     drv_l1_rtc.o
    0x00005204   0x0000002c   Dbug   RW   591     .debug_pubnames     drv_l1_rtc.o
    0x00005230   0x0000002c   Dbug   RW   594     .debug_pubnames     drv_l1_rtc.o
    0x0000525c   0x0000002c   Dbug   RW   597     .debug_pubnames     drv_l1_rtc.o
    0x00005288   0x0000002c   Dbug   RW   600     .debug_pubnames     drv_l1_rtc.o
    0x000052b4   0x00000030   Dbug   RW   603     .debug_pubnames     drv_l1_rtc.o
    0x000052e4   0x00000030   Dbug   RW   606     .debug_pubnames     drv_l1_rtc.o
    0x00005314   0x00000034   Dbug   RW   609     .debug_pubnames     drv_l1_rtc.o
    0x00005348   0x00000278   Dbug   RW   613     .debug_pubnames     drv_l1_rtc.o
    0x000055c0   0x00000024   Dbug   RW   623     .debug_pubnames     drv_l1_spi.o
    0x000055e4   0x00000024   Dbug   RW   626     .debug_pubnames     drv_l1_spi.o
    0x00005608   0x00000028   Dbug   RW   629     .debug_pubnames     drv_l1_spi.o
    0x00005630   0x0000002c   Dbug   RW   632     .debug_pubnames     drv_l1_spi.o
    0x0000565c   0x00000024   Dbug   RW   635     .debug_pubnames     drv_l1_spi.o
    0x00005680   0x00000020   Dbug   RW   638     .debug_pubnames     drv_l1_spi.o
    0x000056a0   0x00000024   Dbug   RW   641     .debug_pubnames     drv_l1_spi.o
    0x000056c4   0x00000028   Dbug   RW   644     .debug_pubnames     drv_l1_spi.o
    0x000056ec   0x00000028   Dbug   RW   647     .debug_pubnames     drv_l1_spi.o
    0x00005714   0x00000028   Dbug   RW   650     .debug_pubnames     drv_l1_spi.o
    0x0000573c   0x00000030   Dbug   RW   653     .debug_pubnames     drv_l1_spi.o
    0x0000576c   0x00000030   Dbug   RW   656     .debug_pubnames     drv_l1_spi.o
    0x0000579c   0x00000024   Dbug   RW   659     .debug_pubnames     drv_l1_spi.o
    0x000057c0   0x0000002c   Dbug   RW   662     .debug_pubnames     drv_l1_spi.o
    0x000057ec   0x00000040   Dbug   RW   665     .debug_pubnames     drv_l1_spi.o
    0x0000582c   0x00000144   Dbug   RW   669     .debug_pubnames     drv_l1_spi.o
    0x00005970   0x00000094   Dbug   RW   674     .debug_pubnames     drv_l1_spi.o
    0x00005a04   0x00000024   Dbug   RW   680     .debug_pubnames     drv_l1_sw_timer.o
    0x00005a28   0x0000002c   Dbug   RW   683     .debug_pubnames     drv_l1_sw_timer.o
    0x00005a54   0x00000030   Dbug   RW   686     .debug_pubnames     drv_l1_sw_timer.o
    0x00005a84   0x00000028   Dbug   RW   689     .debug_pubnames     drv_l1_sw_timer.o
    0x00005aac   0x00000028   Dbug   RW   692     .debug_pubnames     drv_l1_sw_timer.o
    0x00005ad4   0x00000028   Dbug   RW   695     .debug_pubnames     drv_l1_sw_timer.o
    0x00005afc   0x0000002c   Dbug   RW   698     .debug_pubnames     drv_l1_sw_timer.o
    0x00005b28   0x000000b0   Dbug   RW   702     .debug_pubnames     drv_l1_sw_timer.o
    0x00005bd8   0x00000024   Dbug   RW   713     .debug_pubnames     drv_l1_sw_timer_isr.o
    0x00005bfc   0x00000024   Dbug   RW   719     .debug_pubnames     drv_l1_sw_timer_isr.o
    0x00005c20   0x00000054   Dbug   RW   722     .debug_pubnames     drv_l1_sw_timer_isr.o
    0x00005c74   0x0000002c   Dbug   RW   749     .debug_pubnames     drv_l1_system.o
    0x00005ca0   0x00000028   Dbug   RW   752     .debug_pubnames     drv_l1_system.o
    0x00005cc8   0x00000028   Dbug   RW   755     .debug_pubnames     drv_l1_system.o
    0x00005cf0   0x00000030   Dbug   RW   758     .debug_pubnames     drv_l1_system.o
    0x00005d20   0x00000030   Dbug   RW   761     .debug_pubnames     drv_l1_system.o
    0x00005d50   0x00000030   Dbug   RW   764     .debug_pubnames     drv_l1_system.o
    0x00005d80   0x00000024   Dbug   RW   767     .debug_pubnames     drv_l1_system.o
    0x00005da4   0x00000030   Dbug   RW   770     .debug_pubnames     drv_l1_system.o
    0x00005dd4   0x0000002c   Dbug   RW   773     .debug_pubnames     drv_l1_system.o
    0x00005e00   0x00000028   Dbug   RW   776     .debug_pubnames     drv_l1_system.o
    0x00005e28   0x00000024   Dbug   RW   779     .debug_pubnames     drv_l1_system.o
    0x00005e4c   0x00000030   Dbug   RW   791     .debug_pubnames     drv_l1_system.o
    0x00005e7c   0x00000028   Dbug   RW   797     .debug_pubnames     drv_l1_system.o
    0x00005ea4   0x00000028   Dbug   RW   803     .debug_pubnames     drv_l1_system.o
    0x00005ecc   0x00000028   Dbug   RW   806     .debug_pubnames     drv_l1_system.o
    0x00005ef4   0x0000002c   Dbug   RW   809     .debug_pubnames     drv_l1_system.o
    0x00005f20   0x0000002c   Dbug   RW   812     .debug_pubnames     drv_l1_system.o
    0x00005f4c   0x0000008c   Dbug   RW   815     .debug_pubnames     drv_l1_system.o
    0x00005fd8   0x0000002c   Dbug   RW   820     .debug_pubnames     drv_l1_system.o
    0x00006004   0x00000028   Dbug   RW   825     .debug_pubnames     drv_l1_system.o
    0x0000602c   0x00000024   Dbug   RW   830     .debug_pubnames     drv_l1_system.o
    0x00006050   0x00000030   Dbug   RW   835     .debug_pubnames     drv_l1_system.o
    0x00006080   0x0000002c   Dbug   RW   839     .debug_pubnames     drv_l1_system.o
    0x000060ac   0x00000028   Dbug   RW   844     .debug_pubnames     drv_l1_system.o
    0x000060d4   0x00000024   Dbug   RW   849     .debug_pubnames     drv_l1_system.o
    0x000060f8   0x00000030   Dbug   RW   868     .debug_pubnames     drv_l1_system.o
    0x00006128   0x00000028   Dbug   RW   878     .debug_pubnames     drv_l1_system.o
    0x00006150   0x00000028   Dbug   RW   888     .debug_pubnames     drv_l1_system.o
    0x00006178   0x00000028   Dbug   RW   893     .debug_pubnames     drv_l1_system.o
    0x000061a0   0x0000002c   Dbug   RW   898     .debug_pubnames     drv_l1_system.o
    0x000061cc   0x00000098   Dbug   RW   903     .debug_pubnames     drv_l1_system.o
    0x00006264   0x0000002c   Dbug   RW   907     .debug_pubnames     drv_l1_system.o
    0x00006290   0x00001314   Dbug   RW   911     .debug_pubnames     drv_l1_system.o
    0x000075a4   0x00004560   Dbug   RW   923     .debug_pubnames     drv_l1_system.o
    0x0000bb04   0x000014dc   Dbug   RW   927     .debug_pubnames     drv_l1_system.o
    0x0000cfe0   0x0000002c   Dbug   RW   935     .debug_pubnames     drv_l1_system.o
    0x0000d00c   0x000000bc   Dbug   RW   939     .debug_pubnames     drv_l1_system.o
    0x0000d0c8   0x0000011c   Dbug   RW   943     .debug_pubnames     drv_l1_system.o
    0x0000d1e4   0x00000024   Dbug   RW   949     .debug_pubnames     drv_l1_timer.o
    0x0000d208   0x00000024   Dbug   RW   952     .debug_pubnames     drv_l1_timer.o
    0x0000d22c   0x00000028   Dbug   RW   955     .debug_pubnames     drv_l1_timer.o
    0x0000d254   0x00000028   Dbug   RW   958     .debug_pubnames     drv_l1_timer.o
    0x0000d27c   0x00000028   Dbug   RW   961     .debug_pubnames     drv_l1_timer.o
    0x0000d2a4   0x00000028   Dbug   RW   964     .debug_pubnames     drv_l1_timer.o
    0x0000d2cc   0x00000028   Dbug   RW   967     .debug_pubnames     drv_l1_timer.o
    0x0000d2f4   0x00000028   Dbug   RW   970     .debug_pubnames     drv_l1_timer.o
    0x0000d31c   0x0000002c   Dbug   RW   973     .debug_pubnames     drv_l1_timer.o
    0x0000d348   0x0000002c   Dbug   RW   976     .debug_pubnames     drv_l1_timer.o
    0x0000d374   0x0000002c   Dbug   RW   979     .debug_pubnames     drv_l1_timer.o
    0x0000d3a0   0x00000030   Dbug   RW   982     .debug_pubnames     drv_l1_timer.o
    0x0000d3d0   0x00000028   Dbug   RW   985     .debug_pubnames     drv_l1_timer.o
    0x0000d3f8   0x00000028   Dbug   RW   988     .debug_pubnames     drv_l1_timer.o
    0x0000d420   0x00000024   Dbug   RW   991     .debug_pubnames     drv_l1_timer.o
    0x0000d444   0x00000028   Dbug   RW   994     .debug_pubnames     drv_l1_timer.o
    0x0000d46c   0x00000024   Dbug   RW   997     .debug_pubnames     drv_l1_timer.o
    0x0000d490   0x0000002c   Dbug   RW  1000     .debug_pubnames     drv_l1_timer.o
    0x0000d4bc   0x00000028   Dbug   RW  1003     .debug_pubnames     drv_l1_timer.o
    0x0000d4e4   0x0000002c   Dbug   RW  1006     .debug_pubnames     drv_l1_timer.o
    0x0000d510   0x00000030   Dbug   RW  1009     .debug_pubnames     drv_l1_timer.o
    0x0000d540   0x00000028   Dbug   RW  1012     .debug_pubnames     drv_l1_timer.o
    0x0000d568   0x00000028   Dbug   RW  1015     .debug_pubnames     drv_l1_timer.o
    0x0000d590   0x00000028   Dbug   RW  1018     .debug_pubnames     drv_l1_timer.o
    0x0000d5b8   0x00000024   Dbug   RW  1021     .debug_pubnames     drv_l1_timer.o
    0x0000d5dc   0x00000130   Dbug   RW  1024     .debug_pubnames     drv_l1_timer.o
    0x0000d70c   0x00000320   Dbug   RW  1028     .debug_pubnames     drv_l1_timer.o
    0x0000da2c   0x00000024   Dbug   RW  1039     .debug_pubnames     drv_l1_uart.o
    0x0000da50   0x00000028   Dbug   RW  1042     .debug_pubnames     drv_l1_uart.o
    0x0000da78   0x00000028   Dbug   RW  1045     .debug_pubnames     drv_l1_uart.o
    0x0000daa0   0x00000024   Dbug   RW  1048     .debug_pubnames     drv_l1_uart.o
    0x0000dac4   0x00000024   Dbug   RW  1051     .debug_pubnames     drv_l1_uart.o
    0x0000dae8   0x00000028   Dbug   RW  1054     .debug_pubnames     drv_l1_uart.o
    0x0000db10   0x0000002c   Dbug   RW  1057     .debug_pubnames     drv_l1_uart.o
    0x0000db3c   0x0000002c   Dbug   RW  1060     .debug_pubnames     drv_l1_uart.o
    0x0000db68   0x0000002c   Dbug   RW  1063     .debug_pubnames     drv_l1_uart.o
    0x0000db94   0x00000028   Dbug   RW  1066     .debug_pubnames     drv_l1_uart.o
    0x0000dbbc   0x00000028   Dbug   RW  1069     .debug_pubnames     drv_l1_uart.o
    0x0000dbe4   0x00000020   Dbug   RW  1072     .debug_pubnames     drv_l1_uart.o
    0x0000dc04   0x00000028   Dbug   RW  1075     .debug_pubnames     drv_l1_uart.o
    0x0000dc2c   0x00000028   Dbug   RW  1078     .debug_pubnames     drv_l1_uart.o
    0x0000dc54   0x00000028   Dbug   RW  1081     .debug_pubnames     drv_l1_uart.o
    0x0000dc7c   0x00000028   Dbug   RW  1084     .debug_pubnames     drv_l1_uart.o
    0x0000dca4   0x00000024   Dbug   RW  1087     .debug_pubnames     drv_l1_uart.o
    0x0000dcc8   0x00000028   Dbug   RW  1090     .debug_pubnames     drv_l1_uart.o
    0x0000dcf0   0x00000028   Dbug   RW  1093     .debug_pubnames     drv_l1_uart.o
    0x0000dd18   0x00000028   Dbug   RW  1096     .debug_pubnames     drv_l1_uart.o
    0x0000dd40   0x00000024   Dbug   RW  1099     .debug_pubnames     drv_l1_uart.o
    0x0000dd64   0x00000028   Dbug   RW  1102     .debug_pubnames     drv_l1_uart.o
    0x0000dd8c   0x00000030   Dbug   RW  1105     .debug_pubnames     drv_l1_uart.o
    0x0000ddbc   0x0000002c   Dbug   RW  1108     .debug_pubnames     drv_l1_uart.o
    0x0000dde8   0x00000030   Dbug   RW  1111     .debug_pubnames     drv_l1_uart.o
    0x0000de18   0x00000028   Dbug   RW  1114     .debug_pubnames     drv_l1_uart.o
    0x0000de40   0x00000030   Dbug   RW  1117     .debug_pubnames     drv_l1_uart.o
    0x0000de70   0x00000024   Dbug   RW  1120     .debug_pubnames     drv_l1_uart.o
    0x0000de94   0x000000c4   Dbug   RW  1123     .debug_pubnames     drv_l1_uart.o
    0x0000df58   0x000002b8   Dbug   RW  1127     .debug_pubnames     drv_l1_uart.o
    0x0000e210   0x00000024   Dbug   RW  1133     .debug_pubnames     drv_l1_watchdog.o
    0x0000e234   0x00000020   Dbug   RW  1136     .debug_pubnames     drv_l1_watchdog.o
    0x0000e254   0x00000024   Dbug   RW  1139     .debug_pubnames     drv_l1_watchdog.o
    0x0000e278   0x00000028   Dbug   RW  1142     .debug_pubnames     drv_l1_watchdog.o
    0x0000e2a0   0x00000058   Dbug   RW  1149     .debug_pubnames     drv_l1_watchdog.o
    0x0000e2f8   0x00000020   Dbug   RW  1170     .debug_pubnames     gp_stdlib.o
    0x0000e318   0x00000020   Dbug   RW  1173     .debug_pubnames     gp_stdlib.o
    0x0000e338   0x00000020   Dbug   RW  1176     .debug_pubnames     gp_stdlib.o
    0x0000e358   0x00000024   Dbug   RW  1179     .debug_pubnames     gp_stdlib.o
    0x0000e37c   0x00000024   Dbug   RW  1182     .debug_pubnames     gp_stdlib.o
    0x0000e3a0   0x00000020   Dbug   RW  1185     .debug_pubnames     gp_stdlib.o
    0x0000e3c0   0x00000020   Dbug   RW  1188     .debug_pubnames     gp_stdlib.o
    0x0000e3e0   0x00000020   Dbug   RW  1191     .debug_pubnames     gp_stdlib.o
    0x0000e400   0x00000020   Dbug   RW  1194     .debug_pubnames     gp_stdlib.o
    0x0000e420   0x000000a8   Dbug   RW  1200     .debug_pubnames     gp_stdlib.o
    0x0000e4c8   0x00000028   Dbug   RW  1207     .debug_pubnames     main.o
    0x0000e4f0   0x0000001c   Dbug   RW  1210     .debug_pubnames     main.o
    0x0000e50c   0x00000094   Dbug   RW  1213     .debug_pubnames     main.o
    0x0000e5a0   0x00000030   Dbug   RW  1217     .debug_pubnames     main.o
    0x0000e5d0   0x00000028   Dbug   RW  1234     .debug_pubnames     system_timer.o
    0x0000e5f8   0x0000002c   Dbug   RW  1237     .debug_pubnames     system_timer.o
    0x0000e624   0x00000028   Dbug   RW  1240     .debug_pubnames     system_timer.o
    0x0000e64c   0x0000002c   Dbug   RW  1243     .debug_pubnames     system_timer.o
    0x0000e678   0x0000002c   Dbug   RW  1246     .debug_pubnames     system_timer.o
    0x0000e6a4   0x0000002c   Dbug   RW  1249     .debug_pubnames     system_timer.o
    0x0000e6d0   0x00000154   Dbug   RW  1252     .debug_pubnames     system_timer.o
    0x0000e824   0x000000e0   Dbug   RW  1256     .debug_pubnames     system_timer.o
    0x0000e904   0x00000024   Dbug   RW  1261     .debug_pubnames     system_timer.o
    0x0000e928   0x00000024   Dbug   RW  1266     .debug_pubnames     driver_l2_init.o
    0x0000e94c   0x00000024   Dbug   RW  1272     .debug_pubnames     driver_l2_init.o
    0x0000e970   0x00000024   Dbug   RW  1344     .debug_pubnames     gplib_mm_gplus.o
    0x0000e994   0x00000028   Dbug   RW  1347     .debug_pubnames     gplib_mm_gplus.o
    0x0000e9bc   0x00000024   Dbug   RW  1350     .debug_pubnames     gplib_mm_gplus.o
    0x0000e9e0   0x00000020   Dbug   RW  1353     .debug_pubnames     gplib_mm_gplus.o
    0x0000ea00   0x00000028   Dbug   RW  1356     .debug_pubnames     gplib_mm_gplus.o
    0x0000ea28   0x00000020   Dbug   RW  1359     .debug_pubnames     gplib_mm_gplus.o
    0x0000ea48   0x00000020   Dbug   RW  1362     .debug_pubnames     gplib_mm_gplus.o
    0x0000ea68   0x000001d4   Dbug   RW  1365     .debug_pubnames     gplib_mm_gplus.o
    0x0000ec3c   0x00000084   Dbug   RW  1369     .debug_pubnames     gplib_mm_gplus.o
    0x0000ecc0   0x0000002c   Dbug   RW  1381     .debug_pubnames     gplib_calendar.o
    0x0000ecec   0x00000024   Dbug   RW  1384     .debug_pubnames     gplib_calendar.o
    0x0000ed10   0x00000028   Dbug   RW  1387     .debug_pubnames     gplib_calendar.o
    0x0000ed38   0x00000024   Dbug   RW  1390     .debug_pubnames     gplib_calendar.o
    0x0000ed5c   0x00000030   Dbug   RW  1393     .debug_pubnames     gplib_calendar.o
    0x0000ed8c   0x00000028   Dbug   RW  1396     .debug_pubnames     gplib_calendar.o
    0x0000edb4   0x00000028   Dbug   RW  1399     .debug_pubnames     gplib_calendar.o
    0x0000eddc   0x00000034   Dbug   RW  1402     .debug_pubnames     gplib_calendar.o
    0x0000ee10   0x00000098   Dbug   RW  1405     .debug_pubnames     gplib_calendar.o
    0x0000eea8   0x000000d4   Dbug   RW  1409     .debug_pubnames     gplib_calendar.o
    0x0000ef7c   0x00000020   Dbug   RW  1414     .debug_pubnames     gplib_calendar.o
    0x0000ef9c   0x00000024   Dbug   RW  1419     .debug_pubnames     gplib_init.o
    0x0000efc0   0x00000024   Dbug   RW  1425     .debug_pubnames     gplib_init.o
    0x0000efe4   0x00000024   Dbug   RW  1432     .debug_pubnames     gplib_print_string.o
    0x0000f008   0x00000024   Dbug   RW  1435     .debug_pubnames     gplib_print_string.o
    0x0000f02c   0x00000020   Dbug   RW  1438     .debug_pubnames     gplib_print_string.o
    0x0000f04c   0x00000034   Dbug   RW  1442     .debug_pubnames     gplib_print_string.o
    0x0000f080   0x00000020   Dbug   RW  1450     .debug_pubnames     gplib_print_string.o
    0x0000f0a0   0x00000084   Dbug   RW  1454     .debug_pubnames     gplib_print_string.o
    0x0000f124   0x00000028   Dbug   RW  1460     .debug_pubnames     nvram.o
    0x0000f14c   0x00000028   Dbug   RW  1463     .debug_pubnames     nvram.o
    0x0000f174   0x00000028   Dbug   RW  1466     .debug_pubnames     nvram.o
    0x0000f19c   0x00000024   Dbug   RW  1469     .debug_pubnames     nvram.o
    0x0000f1c0   0x0000002c   Dbug   RW  1472     .debug_pubnames     nvram.o
    0x0000f1ec   0x00000024   Dbug   RW  1475     .debug_pubnames     nvram.o
    0x0000f210   0x00000028   Dbug   RW  1478     .debug_pubnames     nvram.o
    0x0000f238   0x00000020   Dbug   RW  1481     .debug_pubnames     nvram.o
    0x0000f258   0x00000030   Dbug   RW  1484     .debug_pubnames     nvram.o
    0x0000f288   0x00000028   Dbug   RW  1487     .debug_pubnames     nvram.o
    0x0000f2b0   0x00000024   Dbug   RW  1490     .debug_pubnames     nvram.o
    0x0000f2d4   0x00000030   Dbug   RW  1493     .debug_pubnames     nvram.o
    0x0000f304   0x00000034   Dbug   RW  1496     .debug_pubnames     nvram.o
    0x0000f338   0x00000030   Dbug   RW  1499     .debug_pubnames     nvram.o
    0x0000f368   0x00000030   Dbug   RW  1502     .debug_pubnames     nvram.o
    0x0000f398   0x0000002c   Dbug   RW  1505     .debug_pubnames     nvram.o
    0x0000f3c4   0x00000030   Dbug   RW  1508     .debug_pubnames     nvram.o
    0x0000f3f4   0x000000c4   Dbug   RW  1511     .debug_pubnames     nvram.o
    0x0000f4b8   0x00000230   Dbug   RW  1515     .debug_pubnames     nvram.o
    0x0000f6e8   0x0000002c   Dbug   RW  1527     .debug_pubnames     task_state_handling.o
    0x0000f714   0x0000004c   Dbug   RW  1530     .debug_pubnames     task_state_handling.o
    0x0000f760   0x00000044   Dbug   RW  1534     .debug_pubnames     task_state_handling.o
    0x0000f7a4   0x000014dc   Dbug   RW  1538     .debug_pubnames     task_state_handling.o
    0x00010c80   0x00000218   Dbug   RW  1541     .debug_pubnames     task_state_handling.o
    0x00010e98   0x0000006c   Dbug   RW  1548     .debug_pubnames     task_state_handling.o
    0x00010f04   0x00000034   Dbug   RW  1557     .debug_pubnames     task_peripheral_handling.o
    0x00010f38   0x000001d8   Dbug   RW  1560     .debug_pubnames     task_peripheral_handling.o
    0x00011110   0x00000058   Dbug   RW  1564     .debug_pubnames     task_peripheral_handling.o
    0x00011168   0x000014dc   Dbug   RW  1568     .debug_pubnames     task_peripheral_handling.o
    0x00012644   0x00000038   Dbug   RW  1570     .debug_pubnames     task_peripheral_handling.o
    0x0001267c   0x00000218   Dbug   RW  1572     .debug_pubnames     task_peripheral_handling.o
    0x00012894   0x00000024   Dbug   RW  1591     .debug_pubnames     msg_manager.o
    0x000128b8   0x00000024   Dbug   RW  1594     .debug_pubnames     msg_manager.o
    0x000128dc   0x00000024   Dbug   RW  1597     .debug_pubnames     msg_manager.o
    0x00012900   0x00000020   Dbug   RW  1600     .debug_pubnames     msg_manager.o
    0x00012920   0x00000024   Dbug   RW  1603     .debug_pubnames     msg_manager.o
    0x00012944   0x00000020   Dbug   RW  1606     .debug_pubnames     msg_manager.o
    0x00012964   0x00000024   Dbug   RW  1609     .debug_pubnames     msg_manager.o
    0x00012988   0x00000024   Dbug   RW  1612     .debug_pubnames     msg_manager.o
    0x000129ac   0x00000020   Dbug   RW  1615     .debug_pubnames     msg_manager.o
    0x000129cc   0x00000024   Dbug   RW  1618     .debug_pubnames     msg_manager.o
    0x000129f0   0x000000a8   Dbug   RW  1624     .debug_pubnames     msg_manager.o
    0x00012a98   0x00000028   Dbug   RW  1634     .debug_pubnames     video_codec_callback.o
    0x00012ac0   0x00000030   Dbug   RW  1637     .debug_pubnames     video_codec_callback.o
    0x00012af0   0x00000030   Dbug   RW  1640     .debug_pubnames     video_codec_callback.o
    0x00012b20   0x00000030   Dbug   RW  1643     .debug_pubnames     video_codec_callback.o
    0x00012b50   0x00000038   Dbug   RW  1646     .debug_pubnames     video_codec_callback.o
    0x00012b88   0x00000030   Dbug   RW  1649     .debug_pubnames     video_codec_callback.o
    0x00012bb8   0x00000028   Dbug   RW  1652     .debug_pubnames     video_codec_callback.o
    0x00012be0   0x00000030   Dbug   RW  1655     .debug_pubnames     video_codec_callback.o
    0x00012c10   0x00000030   Dbug   RW  1658     .debug_pubnames     video_codec_callback.o
    0x00012c40   0x00000034   Dbug   RW  1661     .debug_pubnames     video_codec_callback.o
    0x00012c74   0x00000038   Dbug   RW  1664     .debug_pubnames     video_codec_callback.o
    0x00012cac   0x00000038   Dbug   RW  1667     .debug_pubnames     video_codec_callback.o
    0x00012ce4   0x000000a8   Dbug   RW  1670     .debug_pubnames     video_codec_callback.o
    0x00012d8c   0x000001b8   Dbug   RW  1674     .debug_pubnames     video_codec_callback.o
    0x00012f44   0x0000002c   Dbug   RW  1683     .debug_pubnames     video_encoder.o
    0x00012f70   0x00000030   Dbug   RW  1686     .debug_pubnames     video_encoder.o
    0x00012fa0   0x00000028   Dbug   RW  1689     .debug_pubnames     video_encoder.o
    0x00012fc8   0x0000002c   Dbug   RW  1692     .debug_pubnames     video_encoder.o
    0x00012ff4   0x00000028   Dbug   RW  1695     .debug_pubnames     video_encoder.o
    0x0001301c   0x00000038   Dbug   RW  1698     .debug_pubnames     video_encoder.o
    0x00013054   0x0000003c   Dbug   RW  1701     .debug_pubnames     video_encoder.o
    0x00013090   0x0000003c   Dbug   RW  1704     .debug_pubnames     video_encoder.o
    0x000130cc   0x00000040   Dbug   RW  1707     .debug_pubnames     video_encoder.o
    0x0001310c   0x00000034   Dbug   RW  1710     .debug_pubnames     video_encoder.o
    0x00013140   0x00000040   Dbug   RW  1713     .debug_pubnames     video_encoder.o
    0x00013180   0x00000030   Dbug   RW  1716     .debug_pubnames     video_encoder.o
    0x000131b0   0x00000030   Dbug   RW  1719     .debug_pubnames     video_encoder.o
    0x000131e0   0x000001f4   Dbug   RW  1725     .debug_pubnames     video_encoder.o
    0x000133d4   0x00000028   Dbug   RW  1747     .debug_pubnames     state_usb.o
    0x000133fc   0x00000020   Dbug   RW  1750     .debug_pubnames     state_usb.o
    0x0001341c   0x0000002c   Dbug   RW  1753     .debug_pubnames     state_usb.o
    0x00013448   0x00000028   Dbug   RW  1756     .debug_pubnames     state_usb.o
    0x00013470   0x00000028   Dbug   RW  1759     .debug_pubnames     state_usb.o
    0x00013498   0x00000024   Dbug   RW  1762     .debug_pubnames     state_usb.o
    0x000134bc   0x00000024   Dbug   RW  1765     .debug_pubnames     state_usb.o
    0x000134e0   0x00000024   Dbug   RW  1768     .debug_pubnames     state_usb.o
    0x00013504   0x0000002c   Dbug   RW  1771     .debug_pubnames     state_usb.o
    0x00013530   0x0000002c   Dbug   RW  1774     .debug_pubnames     state_usb.o
    0x0001355c   0x000000f4   Dbug   RW  1777     .debug_pubnames     state_usb.o
    0x00013650   0x00000100   Dbug   RW  1781     .debug_pubnames     state_usb.o
    0x00013750   0x000014dc   Dbug   RW  1785     .debug_pubnames     state_usb.o
    0x00014c2c   0x000000dc   Dbug   RW  1791     .debug_pubnames     state_usb.o
    0x00014d08   0x00000228   Dbug   RW  1799     .debug_pubnames     state_usb.o
    0x00014f30   0x000001fc   Dbug   RW  1802     .debug_pubnames     state_usb.o
    0x0001512c   0x00000218   Dbug   RW  1804     .debug_pubnames     state_usb.o
    0x00015344   0x0000002c   Dbug   RW  1812     .debug_pubnames     state_startup.o
    0x00015370   0x0000002c   Dbug   RW  1815     .debug_pubnames     state_startup.o
    0x0001539c   0x0000002c   Dbug   RW  1818     .debug_pubnames     state_startup.o
    0x000153c8   0x00000058   Dbug   RW  1824     .debug_pubnames     state_startup.o
    0x00015420   0x00000028   Dbug   RW  1839     .debug_pubnames     ap_startup.o
    0x00015448   0x00000028   Dbug   RW  1845     .debug_pubnames     ap_startup.o
    0x00015470   0x0000002c   Dbug   RW  1860     .debug_pubnames     ap_video_preview.o
    0x0001549c   0x00000034   Dbug   RW  1863     .debug_pubnames     ap_video_preview.o
    0x000154d0   0x00000038   Dbug   RW  1866     .debug_pubnames     ap_video_preview.o
    0x00015508   0x0000002c   Dbug   RW  1869     .debug_pubnames     ap_video_preview.o
    0x00015534   0x00000038   Dbug   RW  1872     .debug_pubnames     ap_video_preview.o
    0x0001556c   0x00000034   Dbug   RW  1875     .debug_pubnames     ap_video_preview.o
    0x000155a0   0x00000044   Dbug   RW  1878     .debug_pubnames     ap_video_preview.o
    0x000155e4   0x00000034   Dbug   RW  1881     .debug_pubnames     ap_video_preview.o
    0x00015618   0x00000098   Dbug   RW  1884     .debug_pubnames     ap_video_preview.o
    0x000156b0   0x000001c0   Dbug   RW  1888     .debug_pubnames     ap_video_preview.o
    0x00015870   0x000014dc   Dbug   RW  1892     .debug_pubnames     ap_video_preview.o
    0x00016d4c   0x00000028   Dbug   RW  1895     .debug_pubnames     ap_video_preview.o
    0x00016d74   0x00000030   Dbug   RW  1904     .debug_pubnames     state_video_preview.o
    0x00016da4   0x00000030   Dbug   RW  1907     .debug_pubnames     state_video_preview.o
    0x00016dd4   0x00000074   Dbug   RW  1910     .debug_pubnames     state_video_preview.o
    0x00016e48   0x0000008c   Dbug   RW  1914     .debug_pubnames     state_video_preview.o
    0x00016ed4   0x00000028   Dbug   RW  1918     .debug_pubnames     state_video_preview.o
    0x00016efc   0x00000024   Dbug   RW  1938     .debug_pubnames     ap_peripheral_handling.o
    0x00016f20   0x00000034   Dbug   RW  1941     .debug_pubnames     ap_peripheral_handling.o
    0x00016f54   0x00000024   Dbug   RW  1944     .debug_pubnames     ap_peripheral_handling.o
    0x00016f78   0x00000024   Dbug   RW  1947     .debug_pubnames     ap_peripheral_handling.o
    0x00016f9c   0x00000024   Dbug   RW  1950     .debug_pubnames     ap_peripheral_handling.o
    0x00016fc0   0x00000024   Dbug   RW  1953     .debug_pubnames     ap_peripheral_handling.o
    0x00016fe4   0x0000002c   Dbug   RW  1956     .debug_pubnames     ap_peripheral_handling.o
    0x00017010   0x00000028   Dbug   RW  1959     .debug_pubnames     ap_peripheral_handling.o
    0x00017038   0x00000024   Dbug   RW  1962     .debug_pubnames     ap_peripheral_handling.o
    0x0001705c   0x00000038   Dbug   RW  1965     .debug_pubnames     ap_peripheral_handling.o
    0x00017094   0x00000038   Dbug   RW  1968     .debug_pubnames     ap_peripheral_handling.o
    0x000170cc   0x00000038   Dbug   RW  1971     .debug_pubnames     ap_peripheral_handling.o
    0x00017104   0x00000040   Dbug   RW  1974     .debug_pubnames     ap_peripheral_handling.o
    0x00017144   0x00000034   Dbug   RW  1977     .debug_pubnames     ap_peripheral_handling.o
    0x00017178   0x0000003c   Dbug   RW  1980     .debug_pubnames     ap_peripheral_handling.o
    0x000171b4   0x00000034   Dbug   RW  1983     .debug_pubnames     ap_peripheral_handling.o
    0x000171e8   0x00000034   Dbug   RW  1986     .debug_pubnames     ap_peripheral_handling.o
    0x0001721c   0x00000034   Dbug   RW  1989     .debug_pubnames     ap_peripheral_handling.o
    0x00017250   0x00000030   Dbug   RW  1992     .debug_pubnames     ap_peripheral_handling.o
    0x00017280   0x00000030   Dbug   RW  1995     .debug_pubnames     ap_peripheral_handling.o
    0x000172b0   0x00000030   Dbug   RW  1998     .debug_pubnames     ap_peripheral_handling.o
    0x000172e0   0x00000034   Dbug   RW  2001     .debug_pubnames     ap_peripheral_handling.o
    0x00017314   0x00000038   Dbug   RW  2004     .debug_pubnames     ap_peripheral_handling.o
    0x0001734c   0x00000034   Dbug   RW  2007     .debug_pubnames     ap_peripheral_handling.o
    0x00017380   0x00000038   Dbug   RW  2010     .debug_pubnames     ap_peripheral_handling.o
    0x000173b8   0x000004e0   Dbug   RW  2013     .debug_pubnames     ap_peripheral_handling.o
    0x00017898   0x000003ec   Dbug   RW  2017     .debug_pubnames     ap_peripheral_handling.o
    0x00017c84   0x000014dc   Dbug   RW  2021     .debug_pubnames     ap_peripheral_handling.o
    0x00019160   0x00000038   Dbug   RW  2023     .debug_pubnames     ap_peripheral_handling.o
    0x00019198   0x00000030   Dbug   RW  2031     .debug_pubnames     ap_storage_service.o
    0x000191c8   0x00000038   Dbug   RW  2034     .debug_pubnames     ap_storage_service.o
    0x00019200   0x0000002c   Dbug   RW  2037     .debug_pubnames     ap_storage_service.o
    0x0001922c   0x00000038   Dbug   RW  2040     .debug_pubnames     ap_storage_service.o
    0x00019264   0x00000040   Dbug   RW  2043     .debug_pubnames     ap_storage_service.o
    0x000192a4   0x00000034   Dbug   RW  2046     .debug_pubnames     ap_storage_service.o
    0x000192d8   0x00000038   Dbug   RW  2049     .debug_pubnames     ap_storage_service.o
    0x00019310   0x00000038   Dbug   RW  2052     .debug_pubnames     ap_storage_service.o
    0x00019348   0x0000003c   Dbug   RW  2055     .debug_pubnames     ap_storage_service.o
    0x00019384   0x0000003c   Dbug   RW  2058     .debug_pubnames     ap_storage_service.o
    0x000193c0   0x00000034   Dbug   RW  2061     .debug_pubnames     ap_storage_service.o
    0x000193f4   0x00000038   Dbug   RW  2064     .debug_pubnames     ap_storage_service.o
    0x0001942c   0x00000024   Dbug   RW  2067     .debug_pubnames     ap_storage_service.o
    0x00019450   0x00000024   Dbug   RW  2070     .debug_pubnames     ap_storage_service.o
    0x00019474   0x000002f8   Dbug   RW  2073     .debug_pubnames     ap_storage_service.o
    0x0001976c   0x0000040c   Dbug   RW  2077     .debug_pubnames     ap_storage_service.o
    0x00019b78   0x000014dc   Dbug   RW  2081     .debug_pubnames     ap_storage_service.o
    0x0001b054   0x00000158   Dbug   RW  2090     .debug_pubnames     ap_storage_service.o
    0x0001b1ac   0x00000030   Dbug   RW  2098     .debug_pubnames     task_storage_service.o
    0x0001b1dc   0x000000b4   Dbug   RW  2101     .debug_pubnames     task_storage_service.o
    0x0001b290   0x00000050   Dbug   RW  2105     .debug_pubnames     task_storage_service.o
    0x0001b2e0   0x000014dc   Dbug   RW  2109     .debug_pubnames     task_storage_service.o
    0x0001c7bc   0x00000038   Dbug   RW  2122     .debug_pubnames     ap_state_handling.o
    0x0001c7f4   0x0000003c   Dbug   RW  2125     .debug_pubnames     ap_state_handling.o
    0x0001c830   0x00000038   Dbug   RW  2128     .debug_pubnames     ap_state_handling.o
    0x0001c868   0x00000038   Dbug   RW  2131     .debug_pubnames     ap_state_handling.o
    0x0001c8a0   0x00000038   Dbug   RW  2134     .debug_pubnames     ap_state_handling.o
    0x0001c8d8   0x00000030   Dbug   RW  2137     .debug_pubnames     ap_state_handling.o
    0x0001c908   0x00000030   Dbug   RW  2140     .debug_pubnames     ap_state_handling.o
    0x0001c938   0x00000038   Dbug   RW  2143     .debug_pubnames     ap_state_handling.o
    0x0001c970   0x00000038   Dbug   RW  2146     .debug_pubnames     ap_state_handling.o
    0x0001c9a8   0x0000001c   Dbug   RW  2149     .debug_pubnames     ap_state_handling.o
    0x0001c9c4   0x0000003c   Dbug   RW  2152     .debug_pubnames     ap_state_handling.o
    0x0001ca00   0x00000038   Dbug   RW  2155     .debug_pubnames     ap_state_handling.o
    0x0001ca38   0x00000030   Dbug   RW  2158     .debug_pubnames     ap_state_handling.o
    0x0001ca68   0x00000034   Dbug   RW  2161     .debug_pubnames     ap_state_handling.o
    0x0001ca9c   0x00000034   Dbug   RW  2164     .debug_pubnames     ap_state_handling.o
    0x0001cad0   0x00000034   Dbug   RW  2167     .debug_pubnames     ap_state_handling.o
    0x0001cb04   0x00000038   Dbug   RW  2170     .debug_pubnames     ap_state_handling.o
    0x0001cb3c   0x00000218   Dbug   RW  2173     .debug_pubnames     ap_state_handling.o
    0x0001cd54   0x000002a8   Dbug   RW  2177     .debug_pubnames     ap_state_handling.o
    0x0001cffc   0x00000218   Dbug   RW  2181     .debug_pubnames     ap_state_handling.o
    0x0001d214   0x0000002c   Dbug   RW  2200     .debug_pubnames     ap_video_record.o
    0x0001d240   0x00000038   Dbug   RW  2203     .debug_pubnames     ap_video_record.o
    0x0001d278   0x00000038   Dbug   RW  2206     .debug_pubnames     ap_video_record.o
    0x0001d2b0   0x0000003c   Dbug   RW  2209     .debug_pubnames     ap_video_record.o
    0x0001d2ec   0x0000003c   Dbug   RW  2212     .debug_pubnames     ap_video_record.o
    0x0001d328   0x00000030   Dbug   RW  2215     .debug_pubnames     ap_video_record.o
    0x0001d358   0x0000002c   Dbug   RW  2218     .debug_pubnames     ap_video_record.o
    0x0001d384   0x00000030   Dbug   RW  2221     .debug_pubnames     ap_video_record.o
    0x0001d3b4   0x00000034   Dbug   RW  2224     .debug_pubnames     ap_video_record.o
    0x0001d3e8   0x0000002c   Dbug   RW  2227     .debug_pubnames     ap_video_record.o
    0x0001d414   0x00000038   Dbug   RW  2230     .debug_pubnames     ap_video_record.o
    0x0001d44c   0x00000030   Dbug   RW  2233     .debug_pubnames     ap_video_record.o
    0x0001d47c   0x00000030   Dbug   RW  2236     .debug_pubnames     ap_video_record.o
    0x0001d4ac   0x00000038   Dbug   RW  2239     .debug_pubnames     ap_video_record.o
    0x0001d4e4   0x00000034   Dbug   RW  2242     .debug_pubnames     ap_video_record.o
    0x0001d518   0x00000124   Dbug   RW  2245     .debug_pubnames     ap_video_record.o
    0x0001d63c   0x0000027c   Dbug   RW  2249     .debug_pubnames     ap_video_record.o
    0x0001d8b8   0x00000030   Dbug   RW  2256     .debug_pubnames     state_video_record.o
    0x0001d8e8   0x00000030   Dbug   RW  2259     .debug_pubnames     state_video_record.o
    0x0001d918   0x000000ac   Dbug   RW  2262     .debug_pubnames     state_video_record.o
    0x0001d9c4   0x00000068   Dbug   RW  2266     .debug_pubnames     state_video_record.o
    0x0001da2c   0x00000024   Dbug   RW  2377     .debug_pubnames     drv_l1_sensor.o
    0x0001da50   0x00000024   Dbug   RW  2380     .debug_pubnames     drv_l1_sensor.o
    0x0001da74   0x00000020   Dbug   RW  2383     .debug_pubnames     drv_l1_sensor.o
    0x0001da94   0x00000020   Dbug   RW  2386     .debug_pubnames     drv_l1_sensor.o
    0x0001dab4   0x00000024   Dbug   RW  2389     .debug_pubnames     drv_l1_sensor.o
    0x0001dad8   0x00000020   Dbug   RW  2392     .debug_pubnames     drv_l1_sensor.o
    0x0001daf8   0x00000020   Dbug   RW  2395     .debug_pubnames     drv_l1_sensor.o
    0x0001db18   0x00000030   Dbug   RW  2398     .debug_pubnames     drv_l1_sensor.o
    0x0001db48   0x00000030   Dbug   RW  2401     .debug_pubnames     drv_l1_sensor.o
    0x0001db78   0x00000030   Dbug   RW  2404     .debug_pubnames     drv_l1_sensor.o
    0x0001dba8   0x00000028   Dbug   RW  2407     .debug_pubnames     drv_l1_sensor.o
    0x0001dbd0   0x0000002c   Dbug   RW  2410     .debug_pubnames     drv_l1_sensor.o
    0x0001dbfc   0x0000002c   Dbug   RW  2413     .debug_pubnames     drv_l1_sensor.o
    0x0001dc28   0x0000002c   Dbug   RW  2416     .debug_pubnames     drv_l1_sensor.o
    0x0001dc54   0x00000034   Dbug   RW  2419     .debug_pubnames     drv_l1_sensor.o
    0x0001dc88   0x00000030   Dbug   RW  2422     .debug_pubnames     drv_l1_sensor.o
    0x0001dcb8   0x00000034   Dbug   RW  2425     .debug_pubnames     drv_l1_sensor.o
    0x0001dcec   0x000001ac   Dbug   RW  2432     .debug_pubnames     drv_l1_sensor.o
    0x0001de98   0x0000002c   Dbug   RW  2452     .debug_pubnames     ap_display.o
    0x0001dec4   0x00000030   Dbug   RW  2455     .debug_pubnames     ap_display.o
    0x0001def4   0x0000002c   Dbug   RW  2458     .debug_pubnames     ap_display.o
    0x0001df20   0x0000002c   Dbug   RW  2461     .debug_pubnames     ap_display.o
    0x0001df4c   0x0000002c   Dbug   RW  2464     .debug_pubnames     ap_display.o
    0x0001df78   0x00000030   Dbug   RW  2467     .debug_pubnames     ap_display.o
    0x0001dfa8   0x0000002c   Dbug   RW  2470     .debug_pubnames     ap_display.o
    0x0001dfd4   0x00000030   Dbug   RW  2473     .debug_pubnames     ap_display.o
    0x0001e004   0x00000038   Dbug   RW  2476     .debug_pubnames     ap_display.o
    0x0001e03c   0x0000002c   Dbug   RW  2479     .debug_pubnames     ap_display.o
    0x0001e068   0x00000028   Dbug   RW  2482     .debug_pubnames     ap_display.o
    0x0001e090   0x0000002c   Dbug   RW  2485     .debug_pubnames     ap_display.o
    0x0001e0bc   0x0000002c   Dbug   RW  2488     .debug_pubnames     ap_display.o
    0x0001e0e8   0x00000030   Dbug   RW  2491     .debug_pubnames     ap_display.o
    0x0001e118   0x00000034   Dbug   RW  2494     .debug_pubnames     ap_display.o
    0x0001e14c   0x0000002c   Dbug   RW  2497     .debug_pubnames     ap_display.o
    0x0001e178   0x00000030   Dbug   RW  2500     .debug_pubnames     ap_display.o
    0x0001e1a8   0x00000034   Dbug   RW  2503     .debug_pubnames     ap_display.o
    0x0001e1dc   0x0000003c   Dbug   RW  2506     .debug_pubnames     ap_display.o
    0x0001e218   0x00000030   Dbug   RW  2509     .debug_pubnames     ap_display.o
    0x0001e248   0x00000034   Dbug   RW  2512     .debug_pubnames     ap_display.o
    0x0001e27c   0x00000030   Dbug   RW  2515     .debug_pubnames     ap_display.o
    0x0001e2ac   0x00000038   Dbug   RW  2518     .debug_pubnames     ap_display.o
    0x0001e2e4   0x00000034   Dbug   RW  2521     .debug_pubnames     ap_display.o
    0x0001e318   0x00000038   Dbug   RW  2524     .debug_pubnames     ap_display.o
    0x0001e350   0x00000034   Dbug   RW  2527     .debug_pubnames     ap_display.o
    0x0001e384   0x00000030   Dbug   RW  2530     .debug_pubnames     ap_display.o
    0x0001e3b4   0x00000034   Dbug   RW  2533     .debug_pubnames     ap_display.o
    0x0001e3e8   0x00000038   Dbug   RW  2536     .debug_pubnames     ap_display.o
    0x0001e420   0x00000030   Dbug   RW  2539     .debug_pubnames     ap_display.o
    0x0001e450   0x00000030   Dbug   RW  2542     .debug_pubnames     ap_display.o
    0x0001e480   0x00000030   Dbug   RW  2545     .debug_pubnames     ap_display.o
    0x0001e4b0   0x00000030   Dbug   RW  2548     .debug_pubnames     ap_display.o
    0x0001e4e0   0x00000030   Dbug   RW  2551     .debug_pubnames     ap_display.o
    0x0001e510   0x00000034   Dbug   RW  2554     .debug_pubnames     ap_display.o
    0x0001e544   0x00000028   Dbug   RW  2557     .debug_pubnames     ap_display.o
    0x0001e56c   0x00000034   Dbug   RW  2560     .debug_pubnames     ap_display.o
    0x0001e5a0   0x0000003c   Dbug   RW  2563     .debug_pubnames     ap_display.o
    0x0001e5dc   0x00000030   Dbug   RW  2566     .debug_pubnames     ap_display.o
    0x0001e60c   0x00000030   Dbug   RW  2569     .debug_pubnames     ap_display.o
    0x0001e63c   0x00000034   Dbug   RW  2572     .debug_pubnames     ap_display.o
    0x0001e670   0x0000003c   Dbug   RW  2575     .debug_pubnames     ap_display.o
    0x0001e6ac   0x0000003c   Dbug   RW  2578     .debug_pubnames     ap_display.o
    0x0001e6e8   0x00000040   Dbug   RW  2581     .debug_pubnames     ap_display.o
    0x0001e728   0x00000034   Dbug   RW  2584     .debug_pubnames     ap_display.o
    0x0001e75c   0x00000200   Dbug   RW  2587     .debug_pubnames     ap_display.o
    0x0001e95c   0x000005d8   Dbug   RW  2591     .debug_pubnames     ap_display.o
    0x0001ef34   0x00000f1c   Dbug   RW  2595     .debug_pubnames     ap_display.o
    0x0001fe50   0x00000218   Dbug   RW  2602     .debug_pubnames     ap_display.o
    0x00020068   0x00000e98   Dbug   RW  2609     .debug_pubnames     task_display.o
    0x00020f00   0x00000038   Dbug   RW  2614     .debug_pubnames     ap_state_config.o
    0x00020f38   0x00000038   Dbug   RW  2617     .debug_pubnames     ap_state_config.o
    0x00020f70   0x00000034   Dbug   RW  2620     .debug_pubnames     ap_state_config.o
    0x00020fa4   0x00000034   Dbug   RW  2623     .debug_pubnames     ap_state_config.o
    0x00020fd8   0x00000034   Dbug   RW  2626     .debug_pubnames     ap_state_config.o
    0x0002100c   0x00000038   Dbug   RW  2629     .debug_pubnames     ap_state_config.o
    0x00021044   0x00000038   Dbug   RW  2632     .debug_pubnames     ap_state_config.o
    0x0002107c   0x00000040   Dbug   RW  2635     .debug_pubnames     ap_state_config.o
    0x000210bc   0x00000040   Dbug   RW  2638     .debug_pubnames     ap_state_config.o
    0x000210fc   0x00000038   Dbug   RW  2641     .debug_pubnames     ap_state_config.o
    0x00021134   0x00000038   Dbug   RW  2644     .debug_pubnames     ap_state_config.o
    0x0002116c   0x00000030   Dbug   RW  2647     .debug_pubnames     ap_state_config.o
    0x0002119c   0x00000030   Dbug   RW  2650     .debug_pubnames     ap_state_config.o
    0x000211cc   0x00000030   Dbug   RW  2653     .debug_pubnames     ap_state_config.o
    0x000211fc   0x00000030   Dbug   RW  2656     .debug_pubnames     ap_state_config.o
    0x0002122c   0x00000030   Dbug   RW  2659     .debug_pubnames     ap_state_config.o
    0x0002125c   0x00000030   Dbug   RW  2662     .debug_pubnames     ap_state_config.o
    0x0002128c   0x0000003c   Dbug   RW  2665     .debug_pubnames     ap_state_config.o
    0x000212c8   0x0000003c   Dbug   RW  2668     .debug_pubnames     ap_state_config.o
    0x00021304   0x00000040   Dbug   RW  2671     .debug_pubnames     ap_state_config.o
    0x00021344   0x00000040   Dbug   RW  2674     .debug_pubnames     ap_state_config.o
    0x00021384   0x00000030   Dbug   RW  2677     .debug_pubnames     ap_state_config.o
    0x000213b4   0x0000002c   Dbug   RW  2680     .debug_pubnames     ap_state_config.o
    0x000213e0   0x00000038   Dbug   RW  2683     .debug_pubnames     ap_state_config.o
    0x00021418   0x00000020   Dbug   RW  2686     .debug_pubnames     ap_state_config.o
    0x00021438   0x0000002c   Dbug   RW  2689     .debug_pubnames     ap_state_config.o
    0x00021464   0x00000038   Dbug   RW  2692     .debug_pubnames     ap_state_config.o
    0x0002149c   0x00000038   Dbug   RW  2695     .debug_pubnames     ap_state_config.o
    0x000214d4   0x00000038   Dbug   RW  2698     .debug_pubnames     ap_state_config.o
    0x0002150c   0x00000038   Dbug   RW  2701     .debug_pubnames     ap_state_config.o
    0x00021544   0x00000030   Dbug   RW  2704     .debug_pubnames     ap_state_config.o
    0x00021574   0x00000030   Dbug   RW  2707     .debug_pubnames     ap_state_config.o
    0x000215a4   0x00000034   Dbug   RW  2710     .debug_pubnames     ap_state_config.o
    0x000215d8   0x00000034   Dbug   RW  2713     .debug_pubnames     ap_state_config.o
    0x0002160c   0x00000040   Dbug   RW  2716     .debug_pubnames     ap_state_config.o
    0x0002164c   0x00000040   Dbug   RW  2719     .debug_pubnames     ap_state_config.o
    0x0002168c   0x00000030   Dbug   RW  2722     .debug_pubnames     ap_state_config.o
    0x000216bc   0x00000034   Dbug   RW  2725     .debug_pubnames     ap_state_config.o
    0x000216f0   0x00000034   Dbug   RW  2728     .debug_pubnames     ap_state_config.o
    0x00021724   0x00000038   Dbug   RW  2731     .debug_pubnames     ap_state_config.o
    0x0002175c   0x00000038   Dbug   RW  2734     .debug_pubnames     ap_state_config.o
    0x00021794   0x00000030   Dbug   RW  2737     .debug_pubnames     ap_state_config.o
    0x000217c4   0x00000030   Dbug   RW  2740     .debug_pubnames     ap_state_config.o
    0x000217f4   0x00000030   Dbug   RW  2743     .debug_pubnames     ap_state_config.o
    0x00021824   0x00000030   Dbug   RW  2746     .debug_pubnames     ap_state_config.o
    0x00021854   0x00000038   Dbug   RW  2749     .debug_pubnames     ap_state_config.o
    0x0002188c   0x00000038   Dbug   RW  2752     .debug_pubnames     ap_state_config.o
    0x000218c4   0x00000034   Dbug   RW  2755     .debug_pubnames     ap_state_config.o
    0x000218f8   0x00000034   Dbug   RW  2758     .debug_pubnames     ap_state_config.o
    0x0002192c   0x00000034   Dbug   RW  2761     .debug_pubnames     ap_state_config.o
    0x00021960   0x00000034   Dbug   RW  2764     .debug_pubnames     ap_state_config.o
    0x00021994   0x0000003c   Dbug   RW  2767     .debug_pubnames     ap_state_config.o
    0x000219d0   0x0000003c   Dbug   RW  2770     .debug_pubnames     ap_state_config.o
    0x00021a0c   0x00000034   Dbug   RW  2773     .debug_pubnames     ap_state_config.o
    0x00021a40   0x00000034   Dbug   RW  2776     .debug_pubnames     ap_state_config.o
    0x00021a74   0x0000003c   Dbug   RW  2779     .debug_pubnames     ap_state_config.o
    0x00021ab0   0x0000003c   Dbug   RW  2782     .debug_pubnames     ap_state_config.o
    0x00021aec   0x0000003c   Dbug   RW  2785     .debug_pubnames     ap_state_config.o
    0x00021b28   0x0000003c   Dbug   RW  2788     .debug_pubnames     ap_state_config.o
    0x00021b64   0x00000034   Dbug   RW  2791     .debug_pubnames     ap_state_config.o
    0x00021b98   0x00000034   Dbug   RW  2794     .debug_pubnames     ap_state_config.o
    0x00021bcc   0x00000038   Dbug   RW  2797     .debug_pubnames     ap_state_config.o
    0x00021c04   0x00000038   Dbug   RW  2800     .debug_pubnames     ap_state_config.o
    0x00021c3c   0x00000034   Dbug   RW  2803     .debug_pubnames     ap_state_config.o
    0x00021c70   0x00000034   Dbug   RW  2806     .debug_pubnames     ap_state_config.o
    0x00021ca4   0x00000034   Dbug   RW  2809     .debug_pubnames     ap_state_config.o
    0x00021cd8   0x00000034   Dbug   RW  2812     .debug_pubnames     ap_state_config.o
    0x00021d0c   0x00000034   Dbug   RW  2815     .debug_pubnames     ap_state_config.o
    0x00021d40   0x00000034   Dbug   RW  2818     .debug_pubnames     ap_state_config.o
    0x00021d74   0x00000034   Dbug   RW  2821     .debug_pubnames     ap_state_config.o
    0x00021da8   0x00000034   Dbug   RW  2824     .debug_pubnames     ap_state_config.o
    0x00021ddc   0x00000038   Dbug   RW  2827     .debug_pubnames     ap_state_config.o
    0x00021e14   0x00000038   Dbug   RW  2830     .debug_pubnames     ap_state_config.o
    0x00021e4c   0x00000034   Dbug   RW  2833     .debug_pubnames     ap_state_config.o
    0x00021e80   0x00000038   Dbug   RW  2836     .debug_pubnames     ap_state_config.o
    0x00021eb8   0x0000002c   Dbug   RW  2839     .debug_pubnames     ap_state_config.o
    0x00021ee4   0x0000002c   Dbug   RW  2842     .debug_pubnames     ap_state_config.o
    0x00021f10   0x00000034   Dbug   RW  2845     .debug_pubnames     ap_state_config.o
    0x00021f44   0x00000034   Dbug   RW  2848     .debug_pubnames     ap_state_config.o
    0x00021f78   0x00000038   Dbug   RW  2851     .debug_pubnames     ap_state_config.o
    0x00021fb0   0x00000038   Dbug   RW  2854     .debug_pubnames     ap_state_config.o
    0x00021fe8   0x00000034   Dbug   RW  2857     .debug_pubnames     ap_state_config.o
    0x0002201c   0x00000034   Dbug   RW  2860     .debug_pubnames     ap_state_config.o
    0x00022050   0x00000024   Dbug   RW  2863     .debug_pubnames     ap_state_config.o
    0x00022074   0x00000054   Dbug   RW  2866     .debug_pubnames     ap_state_config.o
    0x000220c8   0x00000b80   Dbug   RW  2870     .debug_pubnames     ap_state_config.o
    0x00022c48   0x00000044   Dbug   RW  2891     .debug_pubnames     ap_state_resource.o
    0x00022c8c   0x00000044   Dbug   RW  2894     .debug_pubnames     ap_state_resource.o
    0x00022cd0   0x00000024   Dbug   RW  2897     .debug_pubnames     ap_state_resource.o
    0x00022cf4   0x00000044   Dbug   RW  2900     .debug_pubnames     ap_state_resource.o
    0x00022d38   0x00000044   Dbug   RW  2903     .debug_pubnames     ap_state_resource.o
    0x00022d7c   0x00000040   Dbug   RW  2906     .debug_pubnames     ap_state_resource.o
    0x00022dbc   0x00000034   Dbug   RW  2909     .debug_pubnames     ap_state_resource.o
    0x00022df0   0x0000003c   Dbug   RW  2912     .debug_pubnames     ap_state_resource.o
    0x00022e2c   0x0000003c   Dbug   RW  2915     .debug_pubnames     ap_state_resource.o
    0x00022e68   0x0000003c   Dbug   RW  2918     .debug_pubnames     ap_state_resource.o
    0x00022ea4   0x00000228   Dbug   RW  2921     .debug_pubnames     ap_state_resource.o
    0x000230cc   0x00000278   Dbug   RW  2925     .debug_pubnames     ap_state_resource.o
    0x00023344   0x00000f1c   Dbug   RW  2941     .debug_pubnames     video_decoder_app.o
    0x00024260   0x00000020   Dbug   RW  3004     .debug_pubnames     drv_l1_dac.o
    0x00024280   0x00000020   Dbug   RW  3010     .debug_pubnames     drv_l1_dac.o
    0x000242a0   0x00000024   Dbug   RW  3027     .debug_pubnames     ap_state_firmware_upgrade.o
    0x000242c4   0x00000024   Dbug   RW  3030     .debug_pubnames     ap_state_firmware_upgrade.o
    0x000242e8   0x00000020   Dbug   RW  3033     .debug_pubnames     ap_state_firmware_upgrade.o
    0x00024308   0x00000024   Dbug   RW  3036     .debug_pubnames     ap_state_firmware_upgrade.o
    0x0002432c   0x00000028   Dbug   RW  3039     .debug_pubnames     ap_state_firmware_upgrade.o
    0x00024354   0x00000024   Dbug   RW  3042     .debug_pubnames     ap_state_firmware_upgrade.o
    0x00024378   0x0000002c   Dbug   RW  3045     .debug_pubnames     ap_state_firmware_upgrade.o
    0x000243a4   0x00000028   Dbug   RW  3048     .debug_pubnames     ap_state_firmware_upgrade.o
    0x000243cc   0x0000008c   Dbug   RW  3052     .debug_pubnames     ap_state_firmware_upgrade.o
    0x00024458   0x00000090   Dbug   RW  3057     .debug_pubnames     ap_state_firmware_upgrade.o
    0x000244e8   0x00000368   Dbug   RW  3059     .debug_pubnames     ap_state_firmware_upgrade.o
    0x00024850   0x000000f8   Dbug   RW  3063     .debug_pubnames     ap_state_firmware_upgrade.o
    0x00024948   0x0000007c   Dbug   RW  3067     .debug_pubnames     ap_state_firmware_upgrade.o
    0x000249c4   0x00001304   Dbug   RW  3079     .debug_pubnames     ap_state_firmware_upgrade.o
    0x00025cc8   0x00000344   Dbug   RW  3085     .debug_pubnames     ap_state_firmware_upgrade.o
    0x0002600c   0x000014dc   Dbug   RW  3087     .debug_pubnames     ap_state_firmware_upgrade.o
    0x000274e8   0x00000218   Dbug   RW  3089     .debug_pubnames     ap_state_firmware_upgrade.o
    0x00027700   0x0000006c   Dbug   RW  3094     .debug_pubnames     ap_state_firmware_upgrade.o
    0x0002776c   0x000000dc   Dbug   RW  3098     .debug_pubnames     ap_state_firmware_upgrade.o
    0x00027848   0x00000118   Dbug   RW  3117     .debug_pubnames     drv_l2_usbd_descriptor_tbl.o
    0x00027960   0x00000114   Dbug   RW  3132     .debug_pubnames     drv_l2_usbd_uvc_descriptor_tbl.o
    0x00027a74   0x00000024   Dbug   RW  3144     .debug_pubnames     ap_usb.o
    0x00027a98   0x00000030   Dbug   RW  3147     .debug_pubnames     ap_usb.o
    0x00027ac8   0x00000030   Dbug   RW  3150     .debug_pubnames     ap_usb.o
    0x00027af8   0x00000030   Dbug   RW  3153     .debug_pubnames     ap_usb.o
    0x00027b28   0x0000002c   Dbug   RW  3156     .debug_pubnames     ap_usb.o
    0x00027b54   0x0000002c   Dbug   RW  3159     .debug_pubnames     ap_usb.o
    0x00027b80   0x0000002c   Dbug   RW  3162     .debug_pubnames     ap_usb.o
    0x00027bac   0x00000030   Dbug   RW  3165     .debug_pubnames     ap_usb.o
    0x00027bdc   0x0000002c   Dbug   RW  3168     .debug_pubnames     ap_usb.o
    0x00027c08   0x00000030   Dbug   RW  3171     .debug_pubnames     ap_usb.o
    0x00027c38   0x00000030   Dbug   RW  3174     .debug_pubnames     ap_usb.o
    0x00027c68   0x00000028   Dbug   RW  3177     .debug_pubnames     ap_usb.o
    0x00027c90   0x00000028   Dbug   RW  3180     .debug_pubnames     ap_usb.o
    0x00027cb8   0x00000024   Dbug   RW  3183     .debug_pubnames     ap_usb.o
    0x00027cdc   0x00000020   Dbug   RW  3186     .debug_pubnames     ap_usb.o
    0x00027cfc   0x00000024   Dbug   RW  3189     .debug_pubnames     ap_usb.o
    0x00027d20   0x00000024   Dbug   RW  3192     .debug_pubnames     ap_usb.o
    0x00027d44   0x00000020   Dbug   RW  3195     .debug_pubnames     ap_usb.o
    0x00027d64   0x00000028   Dbug   RW  3198     .debug_pubnames     ap_usb.o
    0x00027d8c   0x00000030   Dbug   RW  3201     .debug_pubnames     ap_usb.o
    0x00027dbc   0x00000030   Dbug   RW  3204     .debug_pubnames     ap_usb.o
    0x00027dec   0x00000028   Dbug   RW  3207     .debug_pubnames     ap_usb.o
    0x00027e14   0x0000034c   Dbug   RW  3210     .debug_pubnames     ap_usb.o
    0x00028160   0x00000214   Dbug   RW  3214     .debug_pubnames     ap_usb.o
    0x00028374   0x00000084   Dbug   RW  3219     .debug_pubnames     ap_usb.o
    0x000283f8   0x00000344   Dbug   RW  3222     .debug_pubnames     ap_usb.o
    0x0002873c   0x000014dc   Dbug   RW  3224     .debug_pubnames     ap_usb.o
    0x00029c18   0x00000218   Dbug   RW  3232     .debug_pubnames     ap_usb.o
    0x00029e30   0x000001fc   Dbug   RW  3234     .debug_pubnames     ap_usb.o
    0x0002a02c   0x00000020   Dbug   RW  3352     .debug_pubnames     my_video_codec_callback.o
    0x0002a04c   0x0000002c   Dbug   RW  3355     .debug_pubnames     my_video_codec_callback.o
    0x0002a078   0x00000030   Dbug   RW  3358     .debug_pubnames     my_video_codec_callback.o
    0x0002a0a8   0x00000034   Dbug   RW  3361     .debug_pubnames     my_video_codec_callback.o
    0x0002a0dc   0x00000034   Dbug   RW  3364     .debug_pubnames     my_video_codec_callback.o
    0x0002a110   0x00000030   Dbug   RW  3367     .debug_pubnames     my_video_codec_callback.o
    0x0002a140   0x0000002c   Dbug   RW  3370     .debug_pubnames     my_video_codec_callback.o
    0x0002a16c   0x00000030   Dbug   RW  3373     .debug_pubnames     my_video_codec_callback.o
    0x0002a19c   0x0000002c   Dbug   RW  3376     .debug_pubnames     my_video_codec_callback.o
    0x0002a1c8   0x00000030   Dbug   RW  3379     .debug_pubnames     my_video_codec_callback.o
    0x0002a1f8   0x00000028   Dbug   RW  3382     .debug_pubnames     my_video_codec_callback.o
    0x0002a220   0x00000030   Dbug   RW  3385     .debug_pubnames     my_video_codec_callback.o
    0x0002a250   0x00000034   Dbug   RW  3388     .debug_pubnames     my_video_codec_callback.o
    0x0002a284   0x00000034   Dbug   RW  3391     .debug_pubnames     my_video_codec_callback.o
    0x0002a2b8   0x0000002c   Dbug   RW  3394     .debug_pubnames     my_video_codec_callback.o
    0x0002a2e4   0x000003dc   Dbug   RW  3397     .debug_pubnames     my_video_codec_callback.o
    0x0002a6c0   0x000002d0   Dbug   RW  3401     .debug_pubnames     my_video_codec_callback.o
    0x0002a990   0x000014dc   Dbug   RW  3405     .debug_pubnames     my_video_codec_callback.o
    0x0002be6c   0x00000024   Dbug   RW  3420     .debug_pubnames     drv_l2_spifc.o
    0x0002be90   0x0000002c   Dbug   RW  3423     .debug_pubnames     drv_l2_spifc.o
    0x0002bebc   0x0000002c   Dbug   RW  3426     .debug_pubnames     drv_l2_spifc.o
    0x0002bee8   0x0000002c   Dbug   RW  3429     .debug_pubnames     drv_l2_spifc.o
    0x0002bf14   0x00000028   Dbug   RW  3432     .debug_pubnames     drv_l2_spifc.o
    0x0002bf3c   0x00000024   Dbug   RW  3435     .debug_pubnames     drv_l2_spifc.o
    0x0002bf60   0x00000024   Dbug   RW  3438     .debug_pubnames     drv_l2_spifc.o
    0x0002bf84   0x00000024   Dbug   RW  3441     .debug_pubnames     drv_l2_spifc.o
    0x0002bfa8   0x00000024   Dbug   RW  3444     .debug_pubnames     drv_l2_spifc.o
    0x0002bfcc   0x0000002c   Dbug   RW  3447     .debug_pubnames     drv_l2_spifc.o
    0x0002bff8   0x00000024   Dbug   RW  3450     .debug_pubnames     drv_l2_spifc.o
    0x0002c01c   0x00000028   Dbug   RW  3453     .debug_pubnames     drv_l2_spifc.o
    0x0002c044   0x00000100   Dbug   RW  3457     .debug_pubnames     drv_l2_spifc.o
    0x0002c144   0x00000024   Dbug   RW  3467     .debug_pubnames     drv_l1_spifc.o
    0x0002c168   0x00000028   Dbug   RW  3470     .debug_pubnames     drv_l1_spifc.o
    0x0002c190   0x00000030   Dbug   RW  3473     .debug_pubnames     drv_l1_spifc.o
    0x0002c1c0   0x00000030   Dbug   RW  3476     .debug_pubnames     drv_l1_spifc.o
    0x0002c1f0   0x00000030   Dbug   RW  3479     .debug_pubnames     drv_l1_spifc.o
    0x0002c220   0x0000002c   Dbug   RW  3482     .debug_pubnames     drv_l1_spifc.o
    0x0002c24c   0x00000030   Dbug   RW  3485     .debug_pubnames     drv_l1_spifc.o
    0x0002c27c   0x0000002c   Dbug   RW  3488     .debug_pubnames     drv_l1_spifc.o
    0x0002c2a8   0x00000024   Dbug   RW  3491     .debug_pubnames     drv_l1_spifc.o
    0x0002c2cc   0x00000028   Dbug   RW  3494     .debug_pubnames     drv_l1_spifc.o
    0x0002c2f4   0x00000020   Dbug   RW  3497     .debug_pubnames     drv_l1_spifc.o
    0x0002c314   0x000000fc   Dbug   RW  3501     .debug_pubnames     drv_l1_spifc.o
    0x0002c410   0x00000024   Dbug   RW  3507     .debug_pubnames     spi_flash_mxic.o
    0x0002c434   0x00000020   Dbug   RW  3510     .debug_pubnames     spi_flash_mxic.o
    0x0002c454   0x00000028   Dbug   RW  3513     .debug_pubnames     spi_flash_mxic.o
    0x0002c47c   0x00000028   Dbug   RW  3516     .debug_pubnames     spi_flash_mxic.o
    0x0002c4a4   0x0000002c   Dbug   RW  3519     .debug_pubnames     spi_flash_mxic.o
    0x0002c4d0   0x00000024   Dbug   RW  3522     .debug_pubnames     spi_flash_mxic.o
    0x0002c4f4   0x00000024   Dbug   RW  3525     .debug_pubnames     spi_flash_mxic.o
    0x0002c518   0x0000002c   Dbug   RW  3528     .debug_pubnames     spi_flash_mxic.o
    0x0002c544   0x00000098   Dbug   RW  3534     .debug_pubnames     spi_flash_mxic.o
    0x0002c5dc   0x00000024   Dbug   RW  3547     .debug_pubnames     drv_l2_sensor.o
    0x0002c600   0x00000030   Dbug   RW  3550     .debug_pubnames     drv_l2_sensor.o
    0x0002c630   0x00000028   Dbug   RW  3553     .debug_pubnames     drv_l2_sensor.o
    0x0002c658   0x00000028   Dbug   RW  3556     .debug_pubnames     drv_l2_sensor.o
    0x0002c680   0x00000024   Dbug   RW  3559     .debug_pubnames     drv_l2_sensor.o
    0x0002c6a4   0x00000094   Dbug   RW  3562     .debug_pubnames     drv_l2_sensor.o
    0x0002c738   0x000000b4   Dbug   RW  3566     .debug_pubnames     drv_l2_sensor.o
    0x0002c7ec   0x00000030   Dbug   RW  3573     .debug_pubnames     drv_l1_cdsp.o
    0x0002c81c   0x0000002c   Dbug   RW  3576     .debug_pubnames     drv_l1_cdsp.o
    0x0002c848   0x00000028   Dbug   RW  3579     .debug_pubnames     drv_l1_cdsp.o
    0x0002c870   0x00000028   Dbug   RW  3582     .debug_pubnames     drv_l1_cdsp.o
    0x0002c898   0x00000028   Dbug   RW  3585     .debug_pubnames     drv_l1_cdsp.o
    0x0002c8c0   0x00000034   Dbug   RW  3588     .debug_pubnames     drv_l1_cdsp.o
    0x0002c8f4   0x00000034   Dbug   RW  3591     .debug_pubnames     drv_l1_cdsp.o
    0x0002c928   0x0000002c   Dbug   RW  3594     .debug_pubnames     drv_l1_cdsp.o
    0x0002c954   0x0000002c   Dbug   RW  3597     .debug_pubnames     drv_l1_cdsp.o
    0x0002c980   0x0000002c   Dbug   RW  3600     .debug_pubnames     drv_l1_cdsp.o
    0x0002c9ac   0x00000034   Dbug   RW  3603     .debug_pubnames     drv_l1_cdsp.o
    0x0002c9e0   0x00000024   Dbug   RW  3606     .debug_pubnames     drv_l1_cdsp.o
    0x0002ca04   0x00000030   Dbug   RW  3609     .debug_pubnames     drv_l1_cdsp.o
    0x0002ca34   0x0000002c   Dbug   RW  3612     .debug_pubnames     drv_l1_cdsp.o
    0x0002ca60   0x00000028   Dbug   RW  3615     .debug_pubnames     drv_l1_cdsp.o
    0x0002ca88   0x0000002c   Dbug   RW  3618     .debug_pubnames     drv_l1_cdsp.o
    0x0002cab4   0x00000028   Dbug   RW  3621     .debug_pubnames     drv_l1_cdsp.o
    0x0002cadc   0x0000002c   Dbug   RW  3624     .debug_pubnames     drv_l1_cdsp.o
    0x0002cb08   0x00000030   Dbug   RW  3627     .debug_pubnames     drv_l1_cdsp.o
    0x0002cb38   0x0000002c   Dbug   RW  3630     .debug_pubnames     drv_l1_cdsp.o
    0x0002cb64   0x00000028   Dbug   RW  3633     .debug_pubnames     drv_l1_cdsp.o
    0x0002cb8c   0x00000030   Dbug   RW  3636     .debug_pubnames     drv_l1_cdsp.o
    0x0002cbbc   0x00000028   Dbug   RW  3639     .debug_pubnames     drv_l1_cdsp.o
    0x0002cbe4   0x00000028   Dbug   RW  3642     .debug_pubnames     drv_l1_cdsp.o
    0x0002cc0c   0x0000002c   Dbug   RW  3645     .debug_pubnames     drv_l1_cdsp.o
    0x0002cc38   0x0000002c   Dbug   RW  3648     .debug_pubnames     drv_l1_cdsp.o
    0x0002cc64   0x0000002c   Dbug   RW  3651     .debug_pubnames     drv_l1_cdsp.o
    0x0002cc90   0x0000002c   Dbug   RW  3654     .debug_pubnames     drv_l1_cdsp.o
    0x0002ccbc   0x0000002c   Dbug   RW  3657     .debug_pubnames     drv_l1_cdsp.o
    0x0002cce8   0x0000002c   Dbug   RW  3660     .debug_pubnames     drv_l1_cdsp.o
    0x0002cd14   0x00000028   Dbug   RW  3663     .debug_pubnames     drv_l1_cdsp.o
    0x0002cd3c   0x0000002c   Dbug   RW  3666     .debug_pubnames     drv_l1_cdsp.o
    0x0002cd68   0x00000028   Dbug   RW  3669     .debug_pubnames     drv_l1_cdsp.o
    0x0002cd90   0x00000028   Dbug   RW  3672     .debug_pubnames     drv_l1_cdsp.o
    0x0002cdb8   0x0000002c   Dbug   RW  3675     .debug_pubnames     drv_l1_cdsp.o
    0x0002cde4   0x00000030   Dbug   RW  3678     .debug_pubnames     drv_l1_cdsp.o
    0x0002ce14   0x00000030   Dbug   RW  3681     .debug_pubnames     drv_l1_cdsp.o
    0x0002ce44   0x00000028   Dbug   RW  3684     .debug_pubnames     drv_l1_cdsp.o
    0x0002ce6c   0x0000002c   Dbug   RW  3687     .debug_pubnames     drv_l1_cdsp.o
    0x0002ce98   0x00000028   Dbug   RW  3690     .debug_pubnames     drv_l1_cdsp.o
    0x0002cec0   0x00000028   Dbug   RW  3693     .debug_pubnames     drv_l1_cdsp.o
    0x0002cee8   0x0000002c   Dbug   RW  3696     .debug_pubnames     drv_l1_cdsp.o
    0x0002cf14   0x0000002c   Dbug   RW  3699     .debug_pubnames     drv_l1_cdsp.o
    0x0002cf40   0x00000028   Dbug   RW  3702     .debug_pubnames     drv_l1_cdsp.o
    0x0002cf68   0x00000028   Dbug   RW  3705     .debug_pubnames     drv_l1_cdsp.o
    0x0002cf90   0x0000002c   Dbug   RW  3708     .debug_pubnames     drv_l1_cdsp.o
    0x0002cfbc   0x0000002c   Dbug   RW  3711     .debug_pubnames     drv_l1_cdsp.o
    0x0002cfe8   0x00000024   Dbug   RW  3714     .debug_pubnames     drv_l1_cdsp.o
    0x0002d00c   0x0000002c   Dbug   RW  3717     .debug_pubnames     drv_l1_cdsp.o
    0x0002d038   0x0000002c   Dbug   RW  3720     .debug_pubnames     drv_l1_cdsp.o
    0x0002d064   0x00000028   Dbug   RW  3723     .debug_pubnames     drv_l1_cdsp.o
    0x0002d08c   0x00000028   Dbug   RW  3726     .debug_pubnames     drv_l1_cdsp.o
    0x0002d0b4   0x00000020   Dbug   RW  3729     .debug_pubnames     drv_l1_cdsp.o
    0x0002d0d4   0x00000020   Dbug   RW  3732     .debug_pubnames     drv_l1_cdsp.o
    0x0002d0f4   0x00000020   Dbug   RW  3735     .debug_pubnames     drv_l1_cdsp.o
    0x0002d114   0x00000020   Dbug   RW  3738     .debug_pubnames     drv_l1_cdsp.o
    0x0002d134   0x00000034   Dbug   RW  3741     .debug_pubnames     drv_l1_cdsp.o
    0x0002d168   0x00000024   Dbug   RW  3744     .debug_pubnames     drv_l1_cdsp.o
    0x0002d18c   0x00000024   Dbug   RW  3747     .debug_pubnames     drv_l1_cdsp.o
    0x0002d1b0   0x00000024   Dbug   RW  3750     .debug_pubnames     drv_l1_cdsp.o
    0x0002d1d4   0x00000030   Dbug   RW  3753     .debug_pubnames     drv_l1_cdsp.o
    0x0002d204   0x0000002c   Dbug   RW  3756     .debug_pubnames     drv_l1_cdsp.o
    0x0002d230   0x0000002c   Dbug   RW  3759     .debug_pubnames     drv_l1_cdsp.o
    0x0002d25c   0x0000002c   Dbug   RW  3762     .debug_pubnames     drv_l1_cdsp.o
    0x0002d288   0x0000002c   Dbug   RW  3765     .debug_pubnames     drv_l1_cdsp.o
    0x0002d2b4   0x00000028   Dbug   RW  3768     .debug_pubnames     drv_l1_cdsp.o
    0x0002d2dc   0x00000028   Dbug   RW  3771     .debug_pubnames     drv_l1_cdsp.o
    0x0002d304   0x0000002c   Dbug   RW  3774     .debug_pubnames     drv_l1_cdsp.o
    0x0002d330   0x0000002c   Dbug   RW  3777     .debug_pubnames     drv_l1_cdsp.o
    0x0002d35c   0x0000002c   Dbug   RW  3780     .debug_pubnames     drv_l1_cdsp.o
    0x0002d388   0x0000002c   Dbug   RW  3783     .debug_pubnames     drv_l1_cdsp.o
    0x0002d3b4   0x0000002c   Dbug   RW  3786     .debug_pubnames     drv_l1_cdsp.o
    0x0002d3e0   0x00000028   Dbug   RW  3789     .debug_pubnames     drv_l1_cdsp.o
    0x0002d408   0x0000002c   Dbug   RW  3792     .debug_pubnames     drv_l1_cdsp.o
    0x0002d434   0x00000030   Dbug   RW  3795     .debug_pubnames     drv_l1_cdsp.o
    0x0002d464   0x00000028   Dbug   RW  3798     .debug_pubnames     drv_l1_cdsp.o
    0x0002d48c   0x0000002c   Dbug   RW  3801     .debug_pubnames     drv_l1_cdsp.o
    0x0002d4b8   0x0000002c   Dbug   RW  3804     .debug_pubnames     drv_l1_cdsp.o
    0x0002d4e4   0x0000002c   Dbug   RW  3807     .debug_pubnames     drv_l1_cdsp.o
    0x0002d510   0x0000002c   Dbug   RW  3810     .debug_pubnames     drv_l1_cdsp.o
    0x0002d53c   0x00000028   Dbug   RW  3813     .debug_pubnames     drv_l1_cdsp.o
    0x0002d564   0x0000002c   Dbug   RW  3816     .debug_pubnames     drv_l1_cdsp.o
    0x0002d590   0x0000002c   Dbug   RW  3819     .debug_pubnames     drv_l1_cdsp.o
    0x0002d5bc   0x00000030   Dbug   RW  3822     .debug_pubnames     drv_l1_cdsp.o
    0x0002d5ec   0x00000030   Dbug   RW  3825     .debug_pubnames     drv_l1_cdsp.o
    0x0002d61c   0x0000002c   Dbug   RW  3828     .debug_pubnames     drv_l1_cdsp.o
    0x0002d648   0x00000030   Dbug   RW  3831     .debug_pubnames     drv_l1_cdsp.o
    0x0002d678   0x0000002c   Dbug   RW  3834     .debug_pubnames     drv_l1_cdsp.o
    0x0002d6a4   0x0000002c   Dbug   RW  3837     .debug_pubnames     drv_l1_cdsp.o
    0x0002d6d0   0x00000030   Dbug   RW  3840     .debug_pubnames     drv_l1_cdsp.o
    0x0002d700   0x0000002c   Dbug   RW  3843     .debug_pubnames     drv_l1_cdsp.o
    0x0002d72c   0x0000002c   Dbug   RW  3846     .debug_pubnames     drv_l1_cdsp.o
    0x0002d758   0x0000002c   Dbug   RW  3849     .debug_pubnames     drv_l1_cdsp.o
    0x0002d784   0x00000030   Dbug   RW  3852     .debug_pubnames     drv_l1_cdsp.o
    0x0002d7b4   0x00000034   Dbug   RW  3855     .debug_pubnames     drv_l1_cdsp.o
    0x0002d7e8   0x00000030   Dbug   RW  3858     .debug_pubnames     drv_l1_cdsp.o
    0x0002d818   0x0000002c   Dbug   RW  3861     .debug_pubnames     drv_l1_cdsp.o
    0x0002d844   0x00000030   Dbug   RW  3864     .debug_pubnames     drv_l1_cdsp.o
    0x0002d874   0x0000002c   Dbug   RW  3867     .debug_pubnames     drv_l1_cdsp.o
    0x0002d8a0   0x0000002c   Dbug   RW  3870     .debug_pubnames     drv_l1_cdsp.o
    0x0002d8cc   0x0000002c   Dbug   RW  3873     .debug_pubnames     drv_l1_cdsp.o
    0x0002d8f8   0x00000030   Dbug   RW  3876     .debug_pubnames     drv_l1_cdsp.o
    0x0002d928   0x0000002c   Dbug   RW  3879     .debug_pubnames     drv_l1_cdsp.o
    0x0002d954   0x00000028   Dbug   RW  3882     .debug_pubnames     drv_l1_cdsp.o
    0x0002d97c   0x00000028   Dbug   RW  3885     .debug_pubnames     drv_l1_cdsp.o
    0x0002d9a4   0x00000028   Dbug   RW  3888     .debug_pubnames     drv_l1_cdsp.o
    0x0002d9cc   0x00000028   Dbug   RW  3891     .debug_pubnames     drv_l1_cdsp.o
    0x0002d9f4   0x0000002c   Dbug   RW  3894     .debug_pubnames     drv_l1_cdsp.o
    0x0002da20   0x00000034   Dbug   RW  3897     .debug_pubnames     drv_l1_cdsp.o
    0x0002da54   0x00000028   Dbug   RW  3900     .debug_pubnames     drv_l1_cdsp.o
    0x0002da7c   0x0000002c   Dbug   RW  3903     .debug_pubnames     drv_l1_cdsp.o
    0x0002daa8   0x0000002c   Dbug   RW  3906     .debug_pubnames     drv_l1_cdsp.o
    0x0002dad4   0x00000030   Dbug   RW  3909     .debug_pubnames     drv_l1_cdsp.o
    0x0002db04   0x00000034   Dbug   RW  3912     .debug_pubnames     drv_l1_cdsp.o
    0x0002db38   0x00000030   Dbug   RW  3915     .debug_pubnames     drv_l1_cdsp.o
    0x0002db68   0x00000030   Dbug   RW  3918     .debug_pubnames     drv_l1_cdsp.o
    0x0002db98   0x00000028   Dbug   RW  3921     .debug_pubnames     drv_l1_cdsp.o
    0x0002dbc0   0x0000002c   Dbug   RW  3924     .debug_pubnames     drv_l1_cdsp.o
    0x0002dbec   0x0000002c   Dbug   RW  3927     .debug_pubnames     drv_l1_cdsp.o
    0x0002dc18   0x00000030   Dbug   RW  3930     .debug_pubnames     drv_l1_cdsp.o
    0x0002dc48   0x00000030   Dbug   RW  3933     .debug_pubnames     drv_l1_cdsp.o
    0x0002dc78   0x0000002c   Dbug   RW  3936     .debug_pubnames     drv_l1_cdsp.o
    0x0002dca4   0x0000002c   Dbug   RW  3939     .debug_pubnames     drv_l1_cdsp.o
    0x0002dcd0   0x0000002c   Dbug   RW  3942     .debug_pubnames     drv_l1_cdsp.o
    0x0002dcfc   0x00000028   Dbug   RW  3945     .debug_pubnames     drv_l1_cdsp.o
    0x0002dd24   0x00000030   Dbug   RW  3948     .debug_pubnames     drv_l1_cdsp.o
    0x0002dd54   0x0000002c   Dbug   RW  3951     .debug_pubnames     drv_l1_cdsp.o
    0x0002dd80   0x0000002c   Dbug   RW  3954     .debug_pubnames     drv_l1_cdsp.o
    0x0002ddac   0x0000002c   Dbug   RW  3957     .debug_pubnames     drv_l1_cdsp.o
    0x0002ddd8   0x00000028   Dbug   RW  3960     .debug_pubnames     drv_l1_cdsp.o
    0x0002de00   0x00000028   Dbug   RW  3963     .debug_pubnames     drv_l1_cdsp.o
    0x0002de28   0x00000028   Dbug   RW  3966     .debug_pubnames     drv_l1_cdsp.o
    0x0002de50   0x00000028   Dbug   RW  3969     .debug_pubnames     drv_l1_cdsp.o
    0x0002de78   0x00000028   Dbug   RW  3972     .debug_pubnames     drv_l1_cdsp.o
    0x0002dea0   0x00000028   Dbug   RW  3975     .debug_pubnames     drv_l1_cdsp.o
    0x0002dec8   0x00000024   Dbug   RW  3978     .debug_pubnames     drv_l1_cdsp.o
    0x0002deec   0x00000028   Dbug   RW  3981     .debug_pubnames     drv_l1_cdsp.o
    0x0002df14   0x00000028   Dbug   RW  3984     .debug_pubnames     drv_l1_cdsp.o
    0x0002df3c   0x0000002c   Dbug   RW  3987     .debug_pubnames     drv_l1_cdsp.o
    0x0002df68   0x0000002c   Dbug   RW  3990     .debug_pubnames     drv_l1_cdsp.o
    0x0002df94   0x0000002c   Dbug   RW  3993     .debug_pubnames     drv_l1_cdsp.o
    0x0002dfc0   0x00000028   Dbug   RW  3996     .debug_pubnames     drv_l1_cdsp.o
    0x0002dfe8   0x00000028   Dbug   RW  3999     .debug_pubnames     drv_l1_cdsp.o
    0x0002e010   0x00000028   Dbug   RW  4002     .debug_pubnames     drv_l1_cdsp.o
    0x0002e038   0x00000030   Dbug   RW  4005     .debug_pubnames     drv_l1_cdsp.o
    0x0002e068   0x0000002c   Dbug   RW  4008     .debug_pubnames     drv_l1_cdsp.o
    0x0002e094   0x0000002c   Dbug   RW  4011     .debug_pubnames     drv_l1_cdsp.o
    0x0002e0c0   0x00000028   Dbug   RW  4014     .debug_pubnames     drv_l1_cdsp.o
    0x0002e0e8   0x0000002c   Dbug   RW  4017     .debug_pubnames     drv_l1_cdsp.o
    0x0002e114   0x00000028   Dbug   RW  4020     .debug_pubnames     drv_l1_cdsp.o
    0x0002e13c   0x00000028   Dbug   RW  4023     .debug_pubnames     drv_l1_cdsp.o
    0x0002e164   0x00000030   Dbug   RW  4026     .debug_pubnames     drv_l1_cdsp.o
    0x0002e194   0x0000002c   Dbug   RW  4029     .debug_pubnames     drv_l1_cdsp.o
    0x0002e1c0   0x00000028   Dbug   RW  4032     .debug_pubnames     drv_l1_cdsp.o
    0x0002e1e8   0x00000028   Dbug   RW  4035     .debug_pubnames     drv_l1_cdsp.o
    0x0002e210   0x0000002c   Dbug   RW  4038     .debug_pubnames     drv_l1_cdsp.o
    0x0002e23c   0x0000002c   Dbug   RW  4041     .debug_pubnames     drv_l1_cdsp.o
    0x0002e268   0x0000002c   Dbug   RW  4044     .debug_pubnames     drv_l1_cdsp.o
    0x0002e294   0x0000002c   Dbug   RW  4047     .debug_pubnames     drv_l1_cdsp.o
    0x0002e2c0   0x00000028   Dbug   RW  4050     .debug_pubnames     drv_l1_cdsp.o
    0x0002e2e8   0x0000002c   Dbug   RW  4053     .debug_pubnames     drv_l1_cdsp.o
    0x0002e314   0x0000002c   Dbug   RW  4056     .debug_pubnames     drv_l1_cdsp.o
    0x0002e340   0x00000030   Dbug   RW  4059     .debug_pubnames     drv_l1_cdsp.o
    0x0002e370   0x0000002c   Dbug   RW  4062     .debug_pubnames     drv_l1_cdsp.o
    0x0002e39c   0x00000028   Dbug   RW  4065     .debug_pubnames     drv_l1_cdsp.o
    0x0002e3c4   0x00000024   Dbug   RW  4068     .debug_pubnames     drv_l1_cdsp.o
    0x0002e3e8   0x00000034   Dbug   RW  4071     .debug_pubnames     drv_l1_cdsp.o
    0x0002e41c   0x0000002c   Dbug   RW  4074     .debug_pubnames     drv_l1_cdsp.o
    0x0002e448   0x00000030   Dbug   RW  4077     .debug_pubnames     drv_l1_cdsp.o
    0x0002e478   0x0000002c   Dbug   RW  4080     .debug_pubnames     drv_l1_cdsp.o
    0x0002e4a4   0x0000002c   Dbug   RW  4083     .debug_pubnames     drv_l1_cdsp.o
    0x0002e4d0   0x0000002c   Dbug   RW  4086     .debug_pubnames     drv_l1_cdsp.o
    0x0002e4fc   0x0000002c   Dbug   RW  4089     .debug_pubnames     drv_l1_cdsp.o
    0x0002e528   0x0000002c   Dbug   RW  4092     .debug_pubnames     drv_l1_cdsp.o
    0x0002e554   0x0000002c   Dbug   RW  4095     .debug_pubnames     drv_l1_cdsp.o
    0x0002e580   0x0000002c   Dbug   RW  4098     .debug_pubnames     drv_l1_cdsp.o
    0x0002e5ac   0x0000002c   Dbug   RW  4101     .debug_pubnames     drv_l1_cdsp.o
    0x0002e5d8   0x00000030   Dbug   RW  4104     .debug_pubnames     drv_l1_cdsp.o
    0x0002e608   0x00000030   Dbug   RW  4107     .debug_pubnames     drv_l1_cdsp.o
    0x0002e638   0x00000038   Dbug   RW  4110     .debug_pubnames     drv_l1_cdsp.o
    0x0002e670   0x00000030   Dbug   RW  4113     .debug_pubnames     drv_l1_cdsp.o
    0x0002e6a0   0x0000002c   Dbug   RW  4116     .debug_pubnames     drv_l1_cdsp.o
    0x0002e6cc   0x0000002c   Dbug   RW  4119     .debug_pubnames     drv_l1_cdsp.o
    0x0002e6f8   0x00000030   Dbug   RW  4122     .debug_pubnames     drv_l1_cdsp.o
    0x0002e728   0x00000030   Dbug   RW  4125     .debug_pubnames     drv_l1_cdsp.o
    0x0002e758   0x00000030   Dbug   RW  4128     .debug_pubnames     drv_l1_cdsp.o
    0x0002e788   0x00000030   Dbug   RW  4131     .debug_pubnames     drv_l1_cdsp.o
    0x0002e7b8   0x0000002c   Dbug   RW  4134     .debug_pubnames     drv_l1_cdsp.o
    0x0002e7e4   0x00000030   Dbug   RW  4137     .debug_pubnames     drv_l1_cdsp.o
    0x0002e814   0x0000002c   Dbug   RW  4140     .debug_pubnames     drv_l1_cdsp.o
    0x0002e840   0x00000020   Dbug   RW  4143     .debug_pubnames     drv_l1_cdsp.o
    0x0002e860   0x00000028   Dbug   RW  4146     .debug_pubnames     drv_l1_cdsp.o
    0x0002e888   0x00000028   Dbug   RW  4149     .debug_pubnames     drv_l1_cdsp.o
    0x0002e8b0   0x0000015c   Dbug   RW  4152     .debug_pubnames     drv_l1_cdsp.o
    0x0002ea0c   0x000012fc   Dbug   RW  4156     .debug_pubnames     drv_l1_cdsp.o
    0x0002fd08   0x00000024   Dbug   RW  4162     .debug_pubnames     drv_l1_front.o
    0x0002fd2c   0x0000002c   Dbug   RW  4165     .debug_pubnames     drv_l1_front.o
    0x0002fd58   0x0000002c   Dbug   RW  4168     .debug_pubnames     drv_l1_front.o
    0x0002fd84   0x0000002c   Dbug   RW  4171     .debug_pubnames     drv_l1_front.o
    0x0002fdb0   0x00000030   Dbug   RW  4174     .debug_pubnames     drv_l1_front.o
    0x0002fde0   0x00000030   Dbug   RW  4177     .debug_pubnames     drv_l1_front.o
    0x0002fe10   0x00000030   Dbug   RW  4180     .debug_pubnames     drv_l1_front.o
    0x0002fe40   0x00000028   Dbug   RW  4183     .debug_pubnames     drv_l1_front.o
    0x0002fe68   0x00000028   Dbug   RW  4186     .debug_pubnames     drv_l1_front.o
    0x0002fe90   0x0000002c   Dbug   RW  4189     .debug_pubnames     drv_l1_front.o
    0x0002febc   0x00000028   Dbug   RW  4192     .debug_pubnames     drv_l1_front.o
    0x0002fee4   0x0000002c   Dbug   RW  4195     .debug_pubnames     drv_l1_front.o
    0x0002ff10   0x00000028   Dbug   RW  4198     .debug_pubnames     drv_l1_front.o
    0x0002ff38   0x0000002c   Dbug   RW  4201     .debug_pubnames     drv_l1_front.o
    0x0002ff64   0x00000028   Dbug   RW  4204     .debug_pubnames     drv_l1_front.o
    0x0002ff8c   0x00000028   Dbug   RW  4207     .debug_pubnames     drv_l1_front.o
    0x0002ffb4   0x0000002c   Dbug   RW  4210     .debug_pubnames     drv_l1_front.o
    0x0002ffe0   0x00000028   Dbug   RW  4213     .debug_pubnames     drv_l1_front.o
    0x00030008   0x0000002c   Dbug   RW  4216     .debug_pubnames     drv_l1_front.o
    0x00030034   0x0000002c   Dbug   RW  4219     .debug_pubnames     drv_l1_front.o
    0x00030060   0x00000030   Dbug   RW  4222     .debug_pubnames     drv_l1_front.o
    0x00030090   0x00000030   Dbug   RW  4225     .debug_pubnames     drv_l1_front.o
    0x000300c0   0x0000002c   Dbug   RW  4228     .debug_pubnames     drv_l1_front.o
    0x000300ec   0x00000030   Dbug   RW  4231     .debug_pubnames     drv_l1_front.o
    0x0003011c   0x00000030   Dbug   RW  4234     .debug_pubnames     drv_l1_front.o
    0x0003014c   0x00000294   Dbug   RW  4240     .debug_pubnames     drv_l1_front.o
    0x000303e0   0x000001ac   Dbug   RW  4245     .debug_pubnames     drv_l1_front.o
    0x0003058c   0x00000028   Dbug   RW  4251     .debug_pubnames     drv_l2_cdsp.o
    0x000305b4   0x0000002c   Dbug   RW  4254     .debug_pubnames     drv_l2_cdsp.o
    0x000305e0   0x0000002c   Dbug   RW  4257     .debug_pubnames     drv_l2_cdsp.o
    0x0003060c   0x00000028   Dbug   RW  4260     .debug_pubnames     drv_l2_cdsp.o
    0x00030634   0x00000028   Dbug   RW  4263     .debug_pubnames     drv_l2_cdsp.o
    0x0003065c   0x00000028   Dbug   RW  4266     .debug_pubnames     drv_l2_cdsp.o
    0x00030684   0x0000002c   Dbug   RW  4269     .debug_pubnames     drv_l2_cdsp.o
    0x000306b0   0x0000002c   Dbug   RW  4272     .debug_pubnames     drv_l2_cdsp.o
    0x000306dc   0x0000002c   Dbug   RW  4275     .debug_pubnames     drv_l2_cdsp.o
    0x00030708   0x00000028   Dbug   RW  4278     .debug_pubnames     drv_l2_cdsp.o
    0x00030730   0x0000002c   Dbug   RW  4281     .debug_pubnames     drv_l2_cdsp.o
    0x0003075c   0x00000038   Dbug   RW  4284     .debug_pubnames     drv_l2_cdsp.o
    0x00030794   0x00000024   Dbug   RW  4287     .debug_pubnames     drv_l2_cdsp.o
    0x000307b8   0x0000002c   Dbug   RW  4290     .debug_pubnames     drv_l2_cdsp.o
    0x000307e4   0x0000002c   Dbug   RW  4293     .debug_pubnames     drv_l2_cdsp.o
    0x00030810   0x0000002c   Dbug   RW  4296     .debug_pubnames     drv_l2_cdsp.o
    0x0003083c   0x00000024   Dbug   RW  4299     .debug_pubnames     drv_l2_cdsp.o
    0x00030860   0x00000028   Dbug   RW  4302     .debug_pubnames     drv_l2_cdsp.o
    0x00030888   0x0000002c   Dbug   RW  4305     .debug_pubnames     drv_l2_cdsp.o
    0x000308b4   0x00000028   Dbug   RW  4308     .debug_pubnames     drv_l2_cdsp.o
    0x000308dc   0x00000030   Dbug   RW  4311     .debug_pubnames     drv_l2_cdsp.o
    0x0003090c   0x00000024   Dbug   RW  4314     .debug_pubnames     drv_l2_cdsp.o
    0x00030930   0x00000030   Dbug   RW  4317     .debug_pubnames     drv_l2_cdsp.o
    0x00030960   0x000001e4   Dbug   RW  4320     .debug_pubnames     drv_l2_cdsp.o
    0x00030b44   0x000004ac   Dbug   RW  4324     .debug_pubnames     drv_l2_cdsp.o
    0x00030ff0   0x00000070   Dbug   RW  4346     .debug_pubnames     sensor_isp_table.o
    0x00031060   0x00000020   Dbug   RW  4359     .debug_pubnames     drv_l1_gsensor.o
    0x00031080   0x00000020   Dbug   RW  4362     .debug_pubnames     drv_l1_gsensor.o
    0x000310a0   0x00000020   Dbug   RW  4365     .debug_pubnames     drv_l1_gsensor.o
    0x000310c0   0x00000024   Dbug   RW  4368     .debug_pubnames     drv_l1_gsensor.o
    0x000310e4   0x00000028   Dbug   RW  4371     .debug_pubnames     drv_l1_gsensor.o
    0x0003110c   0x00000024   Dbug   RW  4374     .debug_pubnames     drv_l1_gsensor.o
    0x00031130   0x00000028   Dbug   RW  4377     .debug_pubnames     drv_l1_gsensor.o
    0x00031158   0x00000024   Dbug   RW  4380     .debug_pubnames     drv_l1_gsensor.o
    0x0003117c   0x00000024   Dbug   RW  4383     .debug_pubnames     drv_l1_gsensor.o
    0x000311a0   0x00000038   Dbug   RW  4386     .debug_pubnames     drv_l1_gsensor.o
    0x000311d8   0x00000038   Dbug   RW  4389     .debug_pubnames     drv_l1_gsensor.o
    0x00031210   0x00000030   Dbug   RW  4392     .debug_pubnames     drv_l1_gsensor.o
    0x00031240   0x00000030   Dbug   RW  4395     .debug_pubnames     drv_l1_gsensor.o
    0x00031270   0x00000030   Dbug   RW  4398     .debug_pubnames     drv_l1_gsensor.o
    0x000312a0   0x0000003c   Dbug   RW  4401     .debug_pubnames     drv_l1_gsensor.o
    0x000312dc   0x00000024   Dbug   RW  4404     .debug_pubnames     drv_l1_gsensor.o
    0x00031300   0x00000030   Dbug   RW  4407     .debug_pubnames     drv_l1_gsensor.o
    0x00031330   0x0000002c   Dbug   RW  4410     .debug_pubnames     drv_l1_gsensor.o
    0x0003135c   0x0000002c   Dbug   RW  4413     .debug_pubnames     drv_l1_gsensor.o
    0x00031388   0x00000038   Dbug   RW  4416     .debug_pubnames     drv_l1_gsensor.o
    0x000313c0   0x00000274   Dbug   RW  4420     .debug_pubnames     drv_l1_gsensor.o
    0x00031634   0x00000020   Dbug   RW  4437     .debug_pubnames     spi_flash_disk.o
    0x00031654   0x00000034   Dbug   RW  4440     .debug_pubnames     spi_flash_disk.o
    0x00031688   0x0000007c   Dbug   RW  4447     .debug_pubnames     spi_flash_disk.o
    0x00031704   0x0000001c   Dbug   RW  4451     .debug_pubnames     spi_flash_disk.o
    0x00031720   0x0000001c   Dbug   RW  4455     .debug_pubnames     spi_flash_disk.o
    0x0003173c   0x0000002c   Dbug   RW  4459     .debug_pubnames     spi_flash_disk.o
    0x00031768   0x00000068   Dbug   RW  4467     .debug_pubnames     spi_flash_disk.o
    0x000317d0   0x0000009c   Dbug   RW  4471     .debug_pubnames     spi_flash_disk.o
    0x0003186c   0x00000020   Dbug   RW  4475     .debug_pubnames     spi_flash_disk.o
    0x0003188c   0x00000030   Dbug   RW  4506     .debug_pubnames     drv_struct.o
    0x000318bc   0x00000030   Dbug   RW  4512     .debug_pubnames     fs_drv_manager.o
    0x000318ec   0x00000034   Dbug   RW  4515     .debug_pubnames     fs_drv_manager.o
    0x00031920   0x00000034   Dbug   RW  4518     .debug_pubnames     fs_drv_manager.o
    0x00031954   0x00000030   Dbug   RW  4521     .debug_pubnames     fs_drv_manager.o
    0x00031984   0x00000030   Dbug   RW  4524     .debug_pubnames     fs_drv_manager.o
    0x000319b4   0x00000034   Dbug   RW  4527     .debug_pubnames     fs_drv_manager.o
    0x000319e8   0x00000048   Dbug   RW  4530     .debug_pubnames     fs_drv_manager.o
    0x00031a30   0x000000cc   Dbug   RW  4534     .debug_pubnames     fs_drv_manager.o
    0x00031afc   0x00000034   Dbug   RW  4542     .debug_pubnames     sd.o
    0x00031b30   0x0000002c   Dbug   RW  4545     .debug_pubnames     sd.o
    0x00031b5c   0x0000002c   Dbug   RW  4548     .debug_pubnames     sd.o
    0x00031b88   0x00000024   Dbug   RW  4551     .debug_pubnames     sd.o
    0x00031bac   0x00000024   Dbug   RW  4554     .debug_pubnames     sd.o
    0x00031bd0   0x00000024   Dbug   RW  4557     .debug_pubnames     sd.o
    0x00031bf4   0x00000024   Dbug   RW  4560     .debug_pubnames     sd.o
    0x00031c18   0x00000028   Dbug   RW  4563     .debug_pubnames     sd.o
    0x00031c40   0x00000020   Dbug   RW  4566     .debug_pubnames     sd.o
    0x00031c60   0x00000024   Dbug   RW  4569     .debug_pubnames     sd.o
    0x00031c84   0x00000028   Dbug   RW  4572     .debug_pubnames     sd.o
    0x00031cac   0x00000024   Dbug   RW  4575     .debug_pubnames     sd.o
    0x00031cd0   0x000000d8   Dbug   RW  4578     .debug_pubnames     sd.o
    0x00031da8   0x00000150   Dbug   RW  4582     .debug_pubnames     sd.o
    0x00031ef8   0x00000024   Dbug   RW  4608     .debug_pubnames     fs_os.o
    0x00031f1c   0x00000024   Dbug   RW  4611     .debug_pubnames     fs_os.o
    0x00031f40   0x00000024   Dbug   RW  4614     .debug_pubnames     fs_os.o
    0x00031f64   0x00000024   Dbug   RW  4617     .debug_pubnames     fs_os.o
    0x00031f88   0x0000002c   Dbug   RW  4620     .debug_pubnames     fs_os.o
    0x00031fb4   0x0000002c   Dbug   RW  4623     .debug_pubnames     fs_os.o
    0x00031fe0   0x00000024   Dbug   RW  4626     .debug_pubnames     fs_os.o
    0x00032004   0x00000024   Dbug   RW  4629     .debug_pubnames     fs_os.o
    0x00032028   0x000000a8   Dbug   RW  4635     .debug_pubnames     fs_os.o
    0x000320d0   0x00000344   Dbug   RW  4639     .debug_pubnames     fs_os.o
    0x00032414   0x00000110   Dbug   RW  4660     .debug_pubnames     fsglobalvar.o
    0x00032524   0x00000344   Dbug   RW  4663     .debug_pubnames     fsglobalvar.o
    0x00032868   0x00000020   Dbug   RW  4667     .debug_pubnames     swap_byte.o
    0x00032888   0x00000020   Dbug   RW  4670     .debug_pubnames     swap_byte.o
    0x000328a8   0x00000020   Dbug   RW  4673     .debug_pubnames     swap_byte.o
    0x000328c8   0x00000020   Dbug   RW  4676     .debug_pubnames     swap_byte.o
    0x000328e8   0x00000028   Dbug   RW  4679     .debug_pubnames     swap_byte.o
    0x00032910   0x00000058   Dbug   RW  4685     .debug_pubnames     swap_byte.o
    0x00032968   0x0000002c   Dbug   RW  4703     .debug_pubnames     sensor_gc1004.o
    0x00032994   0x00000034   Dbug   RW  4706     .debug_pubnames     sensor_gc1004.o
    0x000329c8   0x00000030   Dbug   RW  4709     .debug_pubnames     sensor_gc1004.o
    0x000329f8   0x00000030   Dbug   RW  4712     .debug_pubnames     sensor_gc1004.o
    0x00032a28   0x00000034   Dbug   RW  4715     .debug_pubnames     sensor_gc1004.o
    0x00032a5c   0x00000030   Dbug   RW  4718     .debug_pubnames     sensor_gc1004.o
    0x00032a8c   0x0000002c   Dbug   RW  4721     .debug_pubnames     sensor_gc1004.o
    0x00032ab8   0x00000030   Dbug   RW  4724     .debug_pubnames     sensor_gc1004.o
    0x00032ae8   0x00000030   Dbug   RW  4727     .debug_pubnames     sensor_gc1004.o
    0x00032b18   0x00000030   Dbug   RW  4730     .debug_pubnames     sensor_gc1004.o
    0x00032b48   0x00000024   Dbug   RW  4733     .debug_pubnames     sensor_gc1004.o
    0x00032b6c   0x0000002c   Dbug   RW  4736     .debug_pubnames     sensor_gc1004.o
    0x00032b98   0x000000a8   Dbug   RW  4739     .debug_pubnames     sensor_gc1004.o
    0x00032c40   0x0000018c   Dbug   RW  4743     .debug_pubnames     sensor_gc1004.o
    0x00032dcc   0x00000280   Dbug   RW  4748     .debug_pubnames     sensor_gc1004.o
    0x0003304c   0x00000024   Dbug   RW  4754     .debug_pubnames     drv_l1_ext_mode.o
    0x00033070   0x00000030   Dbug   RW  4757     .debug_pubnames     drv_l1_ext_mode.o
    0x000330a0   0x00000028   Dbug   RW  4760     .debug_pubnames     drv_l1_ext_mode.o
    0x000330c8   0x00000028   Dbug   RW  4763     .debug_pubnames     drv_l1_ext_mode.o
    0x000330f0   0x00000028   Dbug   RW  4766     .debug_pubnames     drv_l1_ext_mode.o
    0x00033118   0x0000007c   Dbug   RW  4770     .debug_pubnames     drv_l1_ext_mode.o
    0x00033194   0x00001314   Dbug   RW  4774     .debug_pubnames     drv_l1_ext_mode.o
    0x000344a8   0x00000030   Dbug   RW  4780     .debug_pubnames     drv_l2_sd.o
    0x000344d8   0x00000030   Dbug   RW  4783     .debug_pubnames     drv_l2_sd.o
    0x00034508   0x00000030   Dbug   RW  4786     .debug_pubnames     drv_l2_sd.o
    0x00034538   0x00000030   Dbug   RW  4789     .debug_pubnames     drv_l2_sd.o
    0x00034568   0x00000030   Dbug   RW  4792     .debug_pubnames     drv_l2_sd.o
    0x00034598   0x00000034   Dbug   RW  4795     .debug_pubnames     drv_l2_sd.o
    0x000345cc   0x00000034   Dbug   RW  4798     .debug_pubnames     drv_l2_sd.o
    0x00034600   0x00000034   Dbug   RW  4801     .debug_pubnames     drv_l2_sd.o
    0x00034634   0x00000038   Dbug   RW  4804     .debug_pubnames     drv_l2_sd.o
    0x0003466c   0x0000002c   Dbug   RW  4807     .debug_pubnames     drv_l2_sd.o
    0x00034698   0x0000002c   Dbug   RW  4810     .debug_pubnames     drv_l2_sd.o
    0x000346c4   0x0000002c   Dbug   RW  4813     .debug_pubnames     drv_l2_sd.o
    0x000346f0   0x0000002c   Dbug   RW  4816     .debug_pubnames     drv_l2_sd.o
    0x0003471c   0x0000002c   Dbug   RW  4819     .debug_pubnames     drv_l2_sd.o
    0x00034748   0x0000002c   Dbug   RW  4822     .debug_pubnames     drv_l2_sd.o
    0x00034774   0x0000002c   Dbug   RW  4825     .debug_pubnames     drv_l2_sd.o
    0x000347a0   0x00000030   Dbug   RW  4828     .debug_pubnames     drv_l2_sd.o
    0x000347d0   0x00000128   Dbug   RW  4831     .debug_pubnames     drv_l2_sd.o
    0x000348f8   0x0000027c   Dbug   RW  4835     .debug_pubnames     drv_l2_sd.o
    0x00034b74   0x00000028   Dbug   RW  4860     .debug_pubnames     video_codec_dynamic_jpeg_Q.o
    0x00034b9c   0x00000038   Dbug   RW  4869     .debug_pubnames     ap_jh_message.o
    0x00034bd4   0x00000034   Dbug   RW  4872     .debug_pubnames     ap_jh_message.o
    0x00034c08   0x00000030   Dbug   RW  4875     .debug_pubnames     ap_jh_message.o
    0x00034c38   0x00000060   Dbug   RW  4878     .debug_pubnames     ap_jh_message.o
    0x00034c98   0x00000044   Dbug   RW  4882     .debug_pubnames     ap_jh_message.o


================================================================================

Image component sizes


      Code    RO Data    RW Data    ZI Data      Debug   

    123160       9475       3227      41117    1251312   Object Totals
    154520       6307        809      27397      39436   Library Totals

================================================================================


      Code    RO Data    RW Data    ZI Data      Debug   

    277680      15782       4036      68514    1290748   Grand Totals

================================================================================

    Total RO  Size(Code + RO Data)               293462 ( 286.58kB)
    Total RW  Size(RW Data + ZI Data)             72550 (  70.85kB)
    Total ROM Size(Code + RO Data + RW Data)     297498 ( 290.53kB)

================================================================================

